
> peer-tutoring-frontend@1.0.0 start
> react-scripts start

(node:66663) [DEP0176] DeprecationWarning: fs.F_OK is deprecated, use fs.constants.F_OK instead
(Use `node --trace-deprecation ...` to show where the warning was created)
(node:66663) [DEP_WEBPACK_DEV_SERVER_ON_AFTER_SETUP_MIDDLEWARE] DeprecationWarning: 'onAfterSetupMiddleware' option is deprecated. Please use the 'setupMiddlewares' option.
(node:66663) [DEP_WEBPACK_DEV_SERVER_ON_BEFORE_SETUP_MIDDLEWARE] DeprecationWarning: 'onBeforeSetupMiddleware' option is deprecated. Please use the 'setupMiddlewares' option.
Starting the development server...

Compiled successfully!

You can now view peer-tutoring-frontend in the browser.

  Local:            http://localhost:3000
  On Your Network:  http://192.168.0.110:3000

Note that the development build is not optimized.
To create a production build, use npm run build.

webpack compiled successfully
(node:66663) [DEP0060] DeprecationWarning: The `util._extend` API is deprecated. Please use Object.assign() instead.
Compiling...
Compiled successfully!
webpack compiled successfully
Compiling...
Compiled with warnings.

[eslint] 
src/pages/Tutors.js
  Line 5:8:   'Dialog' is defined but never used                no-unused-vars
  Line 23:9:  'showDialog' is assigned a value but never used   no-unused-vars
  Line 27:9:  'closeDialog' is assigned a value but never used  no-unused-vars

Search for the keywords to learn more about each warning.
To ignore, add // eslint-disable-next-line to the line before.

WARNING in [eslint] 
src/pages/Tutors.js
  Line 5:8:   'Dialog' is defined but never used                no-unused-vars
  Line 23:9:  'showDialog' is assigned a value but never used   no-unused-vars
  Line 27:9:  'closeDialog' is assigned a value but never used  no-unused-vars

webpack compiled with 1 warning
Compiling...
Compiled with warnings.

[eslint] 
src/pages/Tutors.js
  Line 5:8:   'Dialog' is defined but never used                no-unused-vars
  Line 27:9:  'closeDialog' is assigned a value but never used  no-unused-vars

Search for the keywords to learn more about each warning.
To ignore, add // eslint-disable-next-line to the line before.

WARNING in [eslint] 
src/pages/Tutors.js
  Line 5:8:   'Dialog' is defined but never used                no-unused-vars
  Line 27:9:  'closeDialog' is assigned a value but never used  no-unused-vars

webpack compiled with 1 warning
Compiling...
Compiled successfully!
webpack compiled successfully
Compiling...
Compiled with warnings.

[eslint] 
src/pages/Home.js
  Line 5:8:    'Dialog' is defined but never used                no-unused-vars
  Line 21:9:   'showDialog' is assigned a value but never used   no-unused-vars
  Line 25:9:   'closeDialog' is assigned a value but never used  no-unused-vars
  Line 28:17:  'setStats' is assigned a value but never used     no-unused-vars

Search for the keywords to learn more about each warning.
To ignore, add // eslint-disable-next-line to the line before.

WARNING in [eslint] 
src/pages/Home.js
  Line 5:8:    'Dialog' is defined but never used                no-unused-vars
  Line 21:9:   'showDialog' is assigned a value but never used   no-unused-vars
  Line 25:9:   'closeDialog' is assigned a value but never used  no-unused-vars
  Line 28:17:  'setStats' is assigned a value but never used     no-unused-vars

webpack compiled with 1 warning
Compiling...
Compiled with warnings.

[eslint] 
src/pages/Home.js
  Line 5:8:    'Dialog' is defined but never used                no-unused-vars
  Line 25:9:   'closeDialog' is assigned a value but never used  no-unused-vars
  Line 28:17:  'setStats' is assigned a value but never used     no-unused-vars

Search for the keywords to learn more about each warning.
To ignore, add // eslint-disable-next-line to the line before.

WARNING in [eslint] 
src/pages/Home.js
  Line 5:8:    'Dialog' is defined but never used                no-unused-vars
  Line 25:9:   'closeDialog' is assigned a value but never used  no-unused-vars
  Line 28:17:  'setStats' is assigned a value but never used     no-unused-vars

webpack compiled with 1 warning
Compiling...
Compiled with warnings.

[eslint] 
src/pages/Home.js
  Line 28:17:  'setStats' is assigned a value but never used  no-unused-vars

Search for the keywords to learn more about each warning.
To ignore, add // eslint-disable-next-line to the line before.

WARNING in [eslint] 
src/pages/Home.js
  Line 28:17:  'setStats' is assigned a value but never used  no-unused-vars

webpack compiled with 1 warning
Compiling...
Compiled with warnings.

[eslint] 
src/pages/Home.js
  Line 28:17:  'setStats' is assigned a value but never used  no-unused-vars

Search for the keywords to learn more about each warning.
To ignore, add // eslint-disable-next-line to the line before.

WARNING in [eslint] 
src/pages/Home.js
  Line 28:17:  'setStats' is assigned a value but never used  no-unused-vars

webpack compiled with 1 warning
Compiling...
Compiled with warnings.

[eslint] 
src/pages/Home.js
  Line 28:17:  'setStats' is assigned a value but never used  no-unused-vars

Search for the keywords to learn more about each warning.
To ignore, add // eslint-disable-next-line to the line before.

WARNING in [eslint] 
src/pages/Home.js
  Line 28:17:  'setStats' is assigned a value but never used  no-unused-vars

webpack compiled with 1 warning
Compiling...
Compiled with warnings.

[eslint] 
src/components/StudentDashboard.js
  Line 3:8:   'Dialog' is defined but never used                no-unused-vars
  Line 18:9:  'showDialog' is assigned a value but never used   no-unused-vars
  Line 22:9:  'closeDialog' is assigned a value but never used  no-unused-vars

src/pages/Home.js
  Line 28:17:  'setStats' is assigned a value but never used  no-unused-vars

Search for the keywords to learn more about each warning.
To ignore, add // eslint-disable-next-line to the line before.

WARNING in [eslint] 
src/components/StudentDashboard.js
  Line 3:8:   'Dialog' is defined but never used                no-unused-vars
  Line 18:9:  'showDialog' is assigned a value but never used   no-unused-vars
  Line 22:9:  'closeDialog' is assigned a value but never used  no-unused-vars

src/pages/Home.js
  Line 28:17:  'setStats' is assigned a value but never used  no-unused-vars

webpack compiled with 1 warning
Compiling...
Compiled with warnings.

[eslint] 
src/components/StudentDashboard.js
  Line 3:8:   'Dialog' is defined but never used                no-unused-vars
  Line 22:9:  'closeDialog' is assigned a value but never used  no-unused-vars

src/pages/Home.js
  Line 28:17:  'setStats' is assigned a value but never used  no-unused-vars

Search for the keywords to learn more about each warning.
To ignore, add // eslint-disable-next-line to the line before.

WARNING in [eslint] 
src/components/StudentDashboard.js
  Line 3:8:   'Dialog' is defined but never used                no-unused-vars
  Line 22:9:  'closeDialog' is assigned a value but never used  no-unused-vars

src/pages/Home.js
  Line 28:17:  'setStats' is assigned a value but never used  no-unused-vars

webpack compiled with 1 warning
Compiling...
Compiled with warnings.

[eslint] 
src/pages/Home.js
  Line 28:17:  'setStats' is assigned a value but never used  no-unused-vars

Search for the keywords to learn more about each warning.
To ignore, add // eslint-disable-next-line to the line before.

WARNING in [eslint] 
src/pages/Home.js
  Line 28:17:  'setStats' is assigned a value but never used  no-unused-vars

webpack compiled with 1 warning
Compiling...
Compiled with warnings.

[eslint] 
src/pages/Home.js
  Line 28:17:  'setStats' is assigned a value but never used  no-unused-vars

Search for the keywords to learn more about each warning.
To ignore, add // eslint-disable-next-line to the line before.

WARNING in [eslint] 
src/pages/Home.js
  Line 28:17:  'setStats' is assigned a value but never used  no-unused-vars

webpack compiled with 1 warning
Compiling...
Compiled with warnings.

[eslint] 
src/pages/Home.js
  Line 28:17:  'setStats' is assigned a value but never used  no-unused-vars

Search for the keywords to learn more about each warning.
To ignore, add // eslint-disable-next-line to the line before.

WARNING in [eslint] 
src/pages/Home.js
  Line 28:17:  'setStats' is assigned a value but never used  no-unused-vars

webpack compiled with 1 warning
Compiling...
Compiled with warnings.

[eslint] 
src/pages/Home.js
  Line 28:17:  'setStats' is assigned a value but never used  no-unused-vars

Search for the keywords to learn more about each warning.
To ignore, add // eslint-disable-next-line to the line before.

WARNING in [eslint] 
src/pages/Home.js
  Line 28:17:  'setStats' is assigned a value but never used  no-unused-vars

webpack compiled with 1 warning
