
  .   ____          _            __ _ _
 /\\ / ___'_ __ _ _(_)_ __  __ _ \ \ \ \
( ( )\___ | '_ | '_| | '_ \/ _` | \ \ \ \
 \\/  ___)| |_)| | | | | || (_| |  ) ) ) )
  '  |____| .__|_| |_|_| |_\__, | / / / /
 =========|_|==============|___/=/_/_/_/
 :: Spring Boot ::                (v3.2.0)

2026-05-03T15:28:12.767+05:30  INFO 74156 --- [peer-tutoring-backend] [  restartedMain] com.tutoring.PeerTutoringApplication     : Starting PeerTutoringApplication using Java 25.0.2 with PID 74156 (/Users/subhodipanwesa/Documents/BITS_WILP/FullStack/AnwesaAssignment1/peer-tutoring-platform/backend/target/classes started by subhodipanwesa in /Users/subhodipanwesa/Documents/BITS_WILP/FullStack/AnwesaAssignment1/peer-tutoring-platform/backend)
2026-05-03T15:28:12.769+05:30 DEBUG 74156 --- [peer-tutoring-backend] [  restartedMain] com.tutoring.PeerTutoringApplication     : Running with Spring Boot v3.2.0, Spring v6.1.1
2026-05-03T15:28:12.770+05:30  INFO 74156 --- [peer-tutoring-backend] [  restartedMain] com.tutoring.PeerTutoringApplication     : No active profile set, falling back to 1 default profile: "default"
2026-05-03T15:28:12.828+05:30  INFO 74156 --- [peer-tutoring-backend] [  restartedMain] .e.DevToolsPropertyDefaultsPostProcessor : Devtools property defaults active! Set 'spring.devtools.add-properties' to 'false' to disable
2026-05-03T15:28:12.828+05:30  INFO 74156 --- [peer-tutoring-backend] [  restartedMain] .e.DevToolsPropertyDefaultsPostProcessor : For additional web related logging consider setting the 'logging.level.web' property to 'DEBUG'
2026-05-03T15:28:13.559+05:30  INFO 74156 --- [peer-tutoring-backend] [  restartedMain] .s.d.r.c.RepositoryConfigurationDelegate : Bootstrapping Spring Data JPA repositories in DEFAULT mode.
2026-05-03T15:28:13.624+05:30  INFO 74156 --- [peer-tutoring-backend] [  restartedMain] .s.d.r.c.RepositoryConfigurationDelegate : Finished Spring Data repository scanning in 60 ms. Found 6 JPA repository interfaces.
WARNING: A restricted method in java.lang.System has been called
WARNING: java.lang.System::load has been called by org.apache.tomcat.jni.Library in an unnamed module (file:/Users/subhodipanwesa/.m2/repository/org/apache/tomcat/embed/tomcat-embed-core/10.1.16/tomcat-embed-core-10.1.16.jar)
WARNING: Use --enable-native-access=ALL-UNNAMED to avoid a warning for callers in this module
WARNING: Restricted methods will be blocked in a future release unless native access is enabled

2026-05-03T15:28:14.243+05:30  INFO 74156 --- [peer-tutoring-backend] [  restartedMain] o.s.b.w.embedded.tomcat.TomcatWebServer  : Tomcat initialized with port 8080 (http)
2026-05-03T15:28:14.253+05:30  INFO 74156 --- [peer-tutoring-backend] [  restartedMain] o.apache.catalina.core.StandardService   : Starting service [Tomcat]
2026-05-03T15:28:14.253+05:30  INFO 74156 --- [peer-tutoring-backend] [  restartedMain] o.apache.catalina.core.StandardEngine    : Starting Servlet engine: [Apache Tomcat/10.1.16]
2026-05-03T15:28:14.288+05:30  INFO 74156 --- [peer-tutoring-backend] [  restartedMain] o.a.c.c.C.[Tomcat].[localhost].[/]       : Initializing Spring embedded WebApplicationContext
2026-05-03T15:28:14.289+05:30  INFO 74156 --- [peer-tutoring-backend] [  restartedMain] w.s.c.ServletWebServerApplicationContext : Root WebApplicationContext: initialization completed in 1460 ms
2026-05-03T15:28:14.320+05:30  INFO 74156 --- [peer-tutoring-backend] [  restartedMain] com.zaxxer.hikari.HikariDataSource       : HikariPool-1 - Starting...
2026-05-03T15:28:14.477+05:30  INFO 74156 --- [peer-tutoring-backend] [  restartedMain] com.zaxxer.hikari.pool.HikariPool        : HikariPool-1 - Added connection conn0: url=jdbc:h2:mem:peer_tutoring user=SA
2026-05-03T15:28:14.478+05:30  INFO 74156 --- [peer-tutoring-backend] [  restartedMain] com.zaxxer.hikari.HikariDataSource       : HikariPool-1 - Start completed.
2026-05-03T15:28:14.489+05:30  INFO 74156 --- [peer-tutoring-backend] [  restartedMain] o.s.b.a.h2.H2ConsoleAutoConfiguration    : H2 console available at '/h2-console'. Database available at 'jdbc:h2:mem:peer_tutoring'
2026-05-03T15:28:14.628+05:30  INFO 74156 --- [peer-tutoring-backend] [  restartedMain] o.hibernate.jpa.internal.util.LogHelper  : HHH000204: Processing PersistenceUnitInfo [name: default]
2026-05-03T15:28:14.696+05:30  INFO 74156 --- [peer-tutoring-backend] [  restartedMain] org.hibernate.Version                    : HHH000412: Hibernate ORM core version 6.3.1.Final
2026-05-03T15:28:14.730+05:30  INFO 74156 --- [peer-tutoring-backend] [  restartedMain] o.h.c.internal.RegionFactoryInitiator    : HHH000026: Second-level cache disabled
2026-05-03T15:28:14.893+05:30  INFO 74156 --- [peer-tutoring-backend] [  restartedMain] o.s.o.j.p.SpringPersistenceUnitInfo      : No LoadTimeWeaver setup: ignoring JPA class transformer
2026-05-03T15:28:14.927+05:30  WARN 74156 --- [peer-tutoring-backend] [  restartedMain] org.hibernate.orm.deprecation            : HHH90000025: H2Dialect does not need to be specified explicitly using 'hibernate.dialect' (remove the property setting and it will be selected by default)
2026-05-03T15:28:15.711+05:30  INFO 74156 --- [peer-tutoring-backend] [  restartedMain] o.h.e.t.j.p.i.JtaPlatformInitiator       : HHH000489: No JTA platform available (set 'hibernate.transaction.jta.platform' to enable JTA platform integration)
Hibernate: 
    drop table if exists bookings cascade 
Hibernate: 
    drop table if exists payouts cascade 
Hibernate: 
    drop table if exists ratings cascade 
Hibernate: 
    drop table if exists sessions cascade 
Hibernate: 
    drop table if exists tutor_profiles cascade 
Hibernate: 
    drop table if exists tutor_subjects cascade 
Hibernate: 
    drop table if exists users cascade 
Hibernate: 
    create table bookings (
        amount numeric(38,2) not null,
        cancelled_at timestamp(6),
        completed_at timestamp(6),
        confirmed_at timestamp(6),
        created_at timestamp(6),
        id bigint generated by default as identity,
        session_id bigint not null,
        student_id bigint not null,
        updated_at timestamp(6),
        notes TEXT,
        payment_status varchar(255) not null check (payment_status in ('PENDING','HELD','RELEASED_TO_TUTOR','REFUNDED')),
        status varchar(255) not null check (status in ('PENDING','CONFIRMED','CANCELLED','COMPLETED','NO_SHOW')),
        primary key (id)
    )
Hibernate: 
    create table payouts (
        amount numeric(38,2) not null,
        created_at timestamp(6),
        id bigint generated by default as identity,
        processed_at timestamp(6),
        processed_by bigint,
        tutor_id bigint not null,
        updated_at timestamp(6),
        currency varchar(255) not null,
        notes TEXT,
        payment_method varchar(255),
        status varchar(255) not null check (status in ('PENDING','PROCESSING','COMPLETED','FAILED','CANCELLED')),
        transaction_id varchar(255),
        primary key (id)
    )
Hibernate: 
    create table ratings (
        rating integer not null,
        visible boolean not null,
        booking_id bigint not null unique,
        created_at timestamp(6),
        id bigint generated by default as identity,
        student_id bigint not null,
        tutor_id bigint not null,
        review TEXT,
        primary key (id)
    )
Hibernate: 
    create table sessions (
        enrolled_students integer not null,
        max_students integer not null,
        price numeric(38,2) not null,
        created_at timestamp(6),
        end_time timestamp(6) not null,
        id bigint generated by default as identity,
        start_time timestamp(6) not null,
        tutor_id bigint not null,
        updated_at timestamp(6),
        description TEXT,
        status varchar(255) not null check (status in ('AVAILABLE','BOOKED','COMPLETED','CANCELLED')),
        subject varchar(255) not null,
        title varchar(255) not null,
        type varchar(255) not null check (type in ('ONE_ON_ONE','GROUP')),
        primary key (id)
    )
Hibernate: 
    create table tutor_profiles (
        average_rating float(53) not null,
        hourly_rate numeric(38,2) not null,
        total_sessions integer not null,
        years_of_experience integer not null,
        created_at timestamp(6),
        id bigint generated by default as identity,
        updated_at timestamp(6),
        user_id bigint not null unique,
        bio TEXT,
        status varchar(255) not null check (status in ('PENDING','APPROVED','REJECTED','SUSPENDED')),
        subject varchar(255) not null,
        primary key (id)
    )
Hibernate: 
    create table tutor_subjects (
        tutor_id bigint not null,
        subject_name varchar(255)
    )
Hibernate: 
    create table users (
        active boolean not null,
        verified boolean not null,
        created_at timestamp(6),
        id bigint generated by default as identity,
        updated_at timestamp(6),
        email varchar(255) not null unique,
        first_name varchar(255) not null,
        last_name varchar(255) not null,
        password varchar(255) not null,
        phone_number varchar(255) not null,
        role varchar(255) not null check (role in ('STUDENT','TUTOR','ADMIN')),
        primary key (id)
    )
Hibernate: 
    alter table if exists bookings 
       add constraint FKfg6xvotwaostibap50ygb2lnm 
       foreign key (session_id) 
       references sessions
Hibernate: 
    alter table if exists bookings 
       add constraint FKar27os7sd4oj16rjdimbedgtf 
       foreign key (student_id) 
       references users
Hibernate: 
    alter table if exists payouts 
       add constraint FKaveudrlotilbdhwuqkxi7toao 
       foreign key (processed_by) 
       references users
Hibernate: 
    alter table if exists payouts 
       add constraint FKmyr63si06veiss0sdlijxk4sv 
       foreign key (tutor_id) 
       references users
Hibernate: 
    alter table if exists ratings 
       add constraint FKkp31uofkhlk6pvyvmu3xcblkk 
       foreign key (booking_id) 
       references bookings
Hibernate: 
    alter table if exists ratings 
       add constraint FK23wyif4jd4acjls8dmx0tubgm 
       foreign key (student_id) 
       references users
Hibernate: 
    alter table if exists ratings 
       add constraint FKbme7uo60pg48ym3ob825t9yn8 
       foreign key (tutor_id) 
       references users
Hibernate: 
    alter table if exists sessions 
       add constraint FKrieybhh68nkjp8cpuskve7ejy 
       foreign key (tutor_id) 
       references users
Hibernate: 
    alter table if exists tutor_profiles 
       add constraint FK3h4hc71bbx1xyce6kbjm1bagn 
       foreign key (user_id) 
       references users
Hibernate: 
    alter table if exists tutor_subjects 
       add constraint FKh7sy16t30qo5mth2tr3fhoy5s 
       foreign key (tutor_id) 
       references tutor_profiles
2026-05-03T15:28:15.777+05:30  INFO 74156 --- [peer-tutoring-backend] [  restartedMain] j.LocalContainerEntityManagerFactoryBean : Initialized JPA EntityManagerFactory for persistence unit 'default'
2026-05-03T15:28:16.086+05:30 DEBUG 74156 --- [peer-tutoring-backend] [  restartedMain] c.t.security.JwtAuthenticationFilter     : Filter 'jwtAuthenticationFilter' configured for use
2026-05-03T15:28:16.128+05:30  INFO 74156 --- [peer-tutoring-backend] [  restartedMain] o.s.d.j.r.query.QueryEnhancerFactory     : Hibernate is in classpath; If applicable, HQL parser will be used.
2026-05-03T15:28:16.878+05:30  WARN 74156 --- [peer-tutoring-backend] [  restartedMain] JpaBaseConfiguration$JpaWebConfiguration : spring.jpa.open-in-view is enabled by default. Therefore, database queries may be performed during view rendering. Explicitly configure spring.jpa.open-in-view to disable this warning
2026-05-03T15:28:17.178+05:30  INFO 74156 --- [peer-tutoring-backend] [  restartedMain] o.s.s.web.DefaultSecurityFilterChain     : Will secure any request with [org.springframework.security.web.session.DisableEncodeUrlFilter@176959c3, org.springframework.security.web.context.request.async.WebAsyncManagerIntegrationFilter@7cb282b0, org.springframework.security.web.context.SecurityContextHolderFilter@5a36e784, org.springframework.security.web.header.HeaderWriterFilter@4fe06039, org.springframework.web.filter.CorsFilter@2182b1f4, org.springframework.security.web.authentication.logout.LogoutFilter@6466bec7, com.tutoring.security.JwtAuthenticationFilter@60e80b18, org.springframework.security.web.savedrequest.RequestCacheAwareFilter@741ea88c, org.springframework.security.web.servletapi.SecurityContextHolderAwareRequestFilter@5b013c9d, org.springframework.security.web.authentication.AnonymousAuthenticationFilter@63c09b3d, org.springframework.security.web.session.SessionManagementFilter@26e1b238, org.springframework.security.web.access.ExceptionTranslationFilter@3c63eed6, org.springframework.security.web.access.intercept.AuthorizationFilter@353bc167]
2026-05-03T15:28:17.495+05:30  INFO 74156 --- [peer-tutoring-backend] [  restartedMain] o.s.b.d.a.OptionalLiveReloadServer       : LiveReload server is running on port 35729
2026-05-03T15:28:17.524+05:30  INFO 74156 --- [peer-tutoring-backend] [  restartedMain] o.s.b.w.embedded.tomcat.TomcatWebServer  : Tomcat started on port 8080 (http) with context path ''
2026-05-03T15:28:17.535+05:30  INFO 74156 --- [peer-tutoring-backend] [  restartedMain] com.tutoring.PeerTutoringApplication     : Started PeerTutoringApplication in 5.07 seconds (process running for 5.413)
Hibernate: 
    select
        count(*) 
    from
        users u1_0
Initializing test data...
Hibernate: 
    insert 
    into
        users
        (active, created_at, email, first_name, last_name, password, phone_number, role, updated_at, verified, id) 
    values
        (?, ?, ?, ?, ?, ?, ?, ?, ?, ?, default)
Hibernate: 
    insert 
    into
        users
        (active, created_at, email, first_name, last_name, password, phone_number, role, updated_at, verified, id) 
    values
        (?, ?, ?, ?, ?, ?, ?, ?, ?, ?, default)
Hibernate: 
    insert 
    into
        users
        (active, created_at, email, first_name, last_name, password, phone_number, role, updated_at, verified, id) 
    values
        (?, ?, ?, ?, ?, ?, ?, ?, ?, ?, default)
Hibernate: 
    insert 
    into
        users
        (active, created_at, email, first_name, last_name, password, phone_number, role, updated_at, verified, id) 
    values
        (?, ?, ?, ?, ?, ?, ?, ?, ?, ?, default)
Hibernate: 
    insert 
    into
        users
        (active, created_at, email, first_name, last_name, password, phone_number, role, updated_at, verified, id) 
    values
        (?, ?, ?, ?, ?, ?, ?, ?, ?, ?, default)
Hibernate: 
    insert 
    into
        users
        (active, created_at, email, first_name, last_name, password, phone_number, role, updated_at, verified, id) 
    values
        (?, ?, ?, ?, ?, ?, ?, ?, ?, ?, default)
Hibernate: 
    insert 
    into
        users
        (active, created_at, email, first_name, last_name, password, phone_number, role, updated_at, verified, id) 
    values
        (?, ?, ?, ?, ?, ?, ?, ?, ?, ?, default)
Hibernate: 
    insert 
    into
        users
        (active, created_at, email, first_name, last_name, password, phone_number, role, updated_at, verified, id) 
    values
        (?, ?, ?, ?, ?, ?, ?, ?, ?, ?, default)
Hibernate: 
    insert 
    into
        users
        (active, created_at, email, first_name, last_name, password, phone_number, role, updated_at, verified, id) 
    values
        (?, ?, ?, ?, ?, ?, ?, ?, ?, ?, default)
Hibernate: 
    select
        count(*) 
    from
        users u1_0
Created 9 users
Hibernate: 
    select
        count(*) 
    from
        users u1_0
Created 9 users
Hibernate: 
    select
        u1_0.id,
        u1_0.active,
        u1_0.created_at,
        u1_0.email,
        u1_0.first_name,
        u1_0.last_name,
        u1_0.password,
        u1_0.phone_number,
        u1_0.role,
        u1_0.updated_at,
        u1_0.verified 
    from
        users u1_0 
    where
        u1_0.email=?
Hibernate: 
    insert 
    into
        tutor_profiles
        (average_rating, bio, created_at, hourly_rate, status, subject, total_sessions, updated_at, user_id, years_of_experience, id) 
    values
        (?, ?, ?, ?, ?, ?, ?, ?, ?, ?, default)
Hibernate: 
    select
        u1_0.id,
        u1_0.active,
        u1_0.created_at,
        u1_0.email,
        u1_0.first_name,
        u1_0.last_name,
        u1_0.password,
        u1_0.phone_number,
        u1_0.role,
        u1_0.updated_at,
        u1_0.verified 
    from
        users u1_0 
    where
        u1_0.email=?
Hibernate: 
    insert 
    into
        tutor_profiles
        (average_rating, bio, created_at, hourly_rate, status, subject, total_sessions, updated_at, user_id, years_of_experience, id) 
    values
        (?, ?, ?, ?, ?, ?, ?, ?, ?, ?, default)
Hibernate: 
    select
        u1_0.id,
        u1_0.active,
        u1_0.created_at,
        u1_0.email,
        u1_0.first_name,
        u1_0.last_name,
        u1_0.password,
        u1_0.phone_number,
        u1_0.role,
        u1_0.updated_at,
        u1_0.verified 
    from
        users u1_0 
    where
        u1_0.email=?
Hibernate: 
    insert 
    into
        tutor_profiles
        (average_rating, bio, created_at, hourly_rate, status, subject, total_sessions, updated_at, user_id, years_of_experience, id) 
    values
        (?, ?, ?, ?, ?, ?, ?, ?, ?, ?, default)
Hibernate: 
    select
        u1_0.id,
        u1_0.active,
        u1_0.created_at,
        u1_0.email,
        u1_0.first_name,
        u1_0.last_name,
        u1_0.password,
        u1_0.phone_number,
        u1_0.role,
        u1_0.updated_at,
        u1_0.verified 
    from
        users u1_0 
    where
        u1_0.email=?
Hibernate: 
    insert 
    into
        tutor_profiles
        (average_rating, bio, created_at, hourly_rate, status, subject, total_sessions, updated_at, user_id, years_of_experience, id) 
    values
        (?, ?, ?, ?, ?, ?, ?, ?, ?, ?, default)
Hibernate: 
    select
        u1_0.id,
        u1_0.active,
        u1_0.created_at,
        u1_0.email,
        u1_0.first_name,
        u1_0.last_name,
        u1_0.password,
        u1_0.phone_number,
        u1_0.role,
        u1_0.updated_at,
        u1_0.verified 
    from
        users u1_0 
    where
        u1_0.email=?
Hibernate: 
    insert 
    into
        tutor_profiles
        (average_rating, bio, created_at, hourly_rate, status, subject, total_sessions, updated_at, user_id, years_of_experience, id) 
    values
        (?, ?, ?, ?, ?, ?, ?, ?, ?, ?, default)
Hibernate: 
    select
        count(*) 
    from
        tutor_profiles tp1_0
Created 5 tutor profiles
Hibernate: 
    select
        u1_0.id,
        u1_0.active,
        u1_0.created_at,
        u1_0.email,
        u1_0.first_name,
        u1_0.last_name,
        u1_0.password,
        u1_0.phone_number,
        u1_0.role,
        u1_0.updated_at,
        u1_0.verified 
    from
        users u1_0 
    where
        u1_0.email=?
Hibernate: 
    select
        u1_0.id,
        u1_0.active,
        u1_0.created_at,
        u1_0.email,
        u1_0.first_name,
        u1_0.last_name,
        u1_0.password,
        u1_0.phone_number,
        u1_0.role,
        u1_0.updated_at,
        u1_0.verified 
    from
        users u1_0 
    where
        u1_0.email=?
Hibernate: 
    select
        u1_0.id,
        u1_0.active,
        u1_0.created_at,
        u1_0.email,
        u1_0.first_name,
        u1_0.last_name,
        u1_0.password,
        u1_0.phone_number,
        u1_0.role,
        u1_0.updated_at,
        u1_0.verified 
    from
        users u1_0 
    where
        u1_0.email=?
Hibernate: 
    insert 
    into
        sessions
        (created_at, description, end_time, enrolled_students, max_students, price, start_time, status, subject, title, tutor_id, type, updated_at, id) 
    values
        (?, ?, ?, ?, ?, ?, ?, ?, ?, ?, ?, ?, ?, default)
Hibernate: 
    insert 
    into
        sessions
        (created_at, description, end_time, enrolled_students, max_students, price, start_time, status, subject, title, tutor_id, type, updated_at, id) 
    values
        (?, ?, ?, ?, ?, ?, ?, ?, ?, ?, ?, ?, ?, default)
Hibernate: 
    insert 
    into
        sessions
        (created_at, description, end_time, enrolled_students, max_students, price, start_time, status, subject, title, tutor_id, type, updated_at, id) 
    values
        (?, ?, ?, ?, ?, ?, ?, ?, ?, ?, ?, ?, ?, default)
Hibernate: 
    insert 
    into
        sessions
        (created_at, description, end_time, enrolled_students, max_students, price, start_time, status, subject, title, tutor_id, type, updated_at, id) 
    values
        (?, ?, ?, ?, ?, ?, ?, ?, ?, ?, ?, ?, ?, default)
Hibernate: 
    insert 
    into
        sessions
        (created_at, description, end_time, enrolled_students, max_students, price, start_time, status, subject, title, tutor_id, type, updated_at, id) 
    values
        (?, ?, ?, ?, ?, ?, ?, ?, ?, ?, ?, ?, ?, default)
Hibernate: 
    select
        count(*) 
    from
        sessions s1_0
Created 5 sessions
Hibernate: 
    select
        u1_0.id,
        u1_0.active,
        u1_0.created_at,
        u1_0.email,
        u1_0.first_name,
        u1_0.last_name,
        u1_0.password,
        u1_0.phone_number,
        u1_0.role,
        u1_0.updated_at,
        u1_0.verified 
    from
        users u1_0 
    where
        u1_0.email=?
Hibernate: 
    select
        s1_0.id,
        s1_0.created_at,
        s1_0.description,
        s1_0.end_time,
        s1_0.enrolled_students,
        s1_0.max_students,
        s1_0.price,
        s1_0.start_time,
        s1_0.status,
        s1_0.subject,
        s1_0.title,
        s1_0.tutor_id,
        s1_0.type,
        s1_0.updated_at 
    from
        sessions s1_0
Hibernate: 
    insert 
    into
        bookings
        (amount, cancelled_at, completed_at, confirmed_at, created_at, notes, payment_status, session_id, status, student_id, updated_at, id) 
    values
        (?, ?, ?, ?, ?, ?, ?, ?, ?, ?, ?, default)
Hibernate: 
    insert 
    into
        bookings
        (amount, cancelled_at, completed_at, confirmed_at, created_at, notes, payment_status, session_id, status, student_id, updated_at, id) 
    values
        (?, ?, ?, ?, ?, ?, ?, ?, ?, ?, ?, default)
Hibernate: 
    select
        count(*) 
    from
        bookings b1_0
Created 2 bookings
Hibernate: 
    select
        u1_0.id,
        u1_0.active,
        u1_0.created_at,
        u1_0.email,
        u1_0.first_name,
        u1_0.last_name,
        u1_0.password,
        u1_0.phone_number,
        u1_0.role,
        u1_0.updated_at,
        u1_0.verified 
    from
        users u1_0 
    where
        u1_0.email=?
Hibernate: 
    select
        u1_0.id,
        u1_0.active,
        u1_0.created_at,
        u1_0.email,
        u1_0.first_name,
        u1_0.last_name,
        u1_0.password,
        u1_0.phone_number,
        u1_0.role,
        u1_0.updated_at,
        u1_0.verified 
    from
        users u1_0 
    where
        u1_0.email=?
Hibernate: 
    select
        b1_0.id,
        b1_0.amount,
        b1_0.cancelled_at,
        b1_0.completed_at,
        b1_0.confirmed_at,
        b1_0.created_at,
        b1_0.notes,
        b1_0.payment_status,
        b1_0.session_id,
        b1_0.status,
        b1_0.student_id,
        b1_0.updated_at 
    from
        bookings b1_0
Hibernate: 
    insert 
    into
        ratings
        (booking_id, created_at, rating, review, student_id, tutor_id, visible, id) 
    values
        (?, ?, ?, ?, ?, ?, ?, default)
Hibernate: 
    select
        count(*) 
    from
        ratings r1_0
Created 1 ratings
Hibernate: 
    select
        u1_0.id,
        u1_0.active,
        u1_0.created_at,
        u1_0.email,
        u1_0.first_name,
        u1_0.last_name,
        u1_0.password,
        u1_0.phone_number,
        u1_0.role,
        u1_0.updated_at,
        u1_0.verified 
    from
        users u1_0 
    where
        u1_0.email=?
Hibernate: 
    select
        u1_0.id,
        u1_0.active,
        u1_0.created_at,
        u1_0.email,
        u1_0.first_name,
        u1_0.last_name,
        u1_0.password,
        u1_0.phone_number,
        u1_0.role,
        u1_0.updated_at,
        u1_0.verified 
    from
        users u1_0 
    where
        u1_0.email=?
Hibernate: 
    select
        u1_0.id,
        u1_0.active,
        u1_0.created_at,
        u1_0.email,
        u1_0.first_name,
        u1_0.last_name,
        u1_0.password,
        u1_0.phone_number,
        u1_0.role,
        u1_0.updated_at,
        u1_0.verified 
    from
        users u1_0 
    where
        u1_0.email=?
Hibernate: 
    insert 
    into
        payouts
        (amount, created_at, currency, notes, payment_method, processed_at, processed_by, status, transaction_id, tutor_id, updated_at, id) 
    values
        (?, ?, ?, ?, ?, ?, ?, ?, ?, ?, ?, default)
Hibernate: 
    insert 
    into
        payouts
        (amount, created_at, currency, notes, payment_method, processed_at, processed_by, status, transaction_id, tutor_id, updated_at, id) 
    values
        (?, ?, ?, ?, ?, ?, ?, ?, ?, ?, ?, default)
Hibernate: 
    select
        count(*) 
    from
        payouts p1_0
Created 2 payouts
Test data initialization complete!
Hibernate: 
    update
        sessions 
    set
        created_at=?,
        description=?,
        end_time=?,
        enrolled_students=?,
        max_students=?,
        price=?,
        start_time=?,
        status=?,
        subject=?,
        title=?,
        tutor_id=?,
        type=?,
        updated_at=? 
    where
        id=?
Hibernate: 
    insert 
    into
        tutor_subjects
        (tutor_id, subject_name) 
    values
        (?, ?)
Hibernate: 
    insert 
    into
        tutor_subjects
        (tutor_id, subject_name) 
    values
        (?, ?)
Hibernate: 
    insert 
    into
        tutor_subjects
        (tutor_id, subject_name) 
    values
        (?, ?)
Hibernate: 
    insert 
    into
        tutor_subjects
        (tutor_id, subject_name) 
    values
        (?, ?)
Hibernate: 
    insert 
    into
        tutor_subjects
        (tutor_id, subject_name) 
    values
        (?, ?)
Hibernate: 
    insert 
    into
        tutor_subjects
        (tutor_id, subject_name) 
    values
        (?, ?)
Hibernate: 
    insert 
    into
        tutor_subjects
        (tutor_id, subject_name) 
    values
        (?, ?)
Hibernate: 
    insert 
    into
        tutor_subjects
        (tutor_id, subject_name) 
    values
        (?, ?)
Hibernate: 
    insert 
    into
        tutor_subjects
        (tutor_id, subject_name) 
    values
        (?, ?)
Hibernate: 
    insert 
    into
        tutor_subjects
        (tutor_id, subject_name) 
    values
        (?, ?)
Hibernate: 
    insert 
    into
        tutor_subjects
        (tutor_id, subject_name) 
    values
        (?, ?)
Hibernate: 
    insert 
    into
        tutor_subjects
        (tutor_id, subject_name) 
    values
        (?, ?)
Hibernate: 
    insert 
    into
        tutor_subjects
        (tutor_id, subject_name) 
    values
        (?, ?)
Hibernate: 
    insert 
    into
        tutor_subjects
        (tutor_id, subject_name) 
    values
        (?, ?)
Hibernate: 
    insert 
    into
        tutor_subjects
        (tutor_id, subject_name) 
    values
        (?, ?)
Hibernate: 
    insert 
    into
        tutor_subjects
        (tutor_id, subject_name) 
    values
        (?, ?)
2026-05-03T15:28:22.936+05:30  INFO 74156 --- [peer-tutoring-backend] [nio-8080-exec-1] o.a.c.c.C.[Tomcat].[localhost].[/]       : Initializing Spring DispatcherServlet 'dispatcherServlet'
2026-05-03T15:28:22.936+05:30  INFO 74156 --- [peer-tutoring-backend] [nio-8080-exec-1] o.s.web.servlet.DispatcherServlet        : Initializing Servlet 'dispatcherServlet'
2026-05-03T15:28:22.937+05:30  INFO 74156 --- [peer-tutoring-backend] [nio-8080-exec-1] o.s.web.servlet.DispatcherServlet        : Completed initialization in 1 ms
2026-05-03T15:28:22.943+05:30 DEBUG 74156 --- [peer-tutoring-backend] [nio-8080-exec-1] o.s.security.web.FilterChainProxy        : Securing GET /api/tutors/search?minRating=4.7
2026-05-03T15:28:22.949+05:30 DEBUG 74156 --- [peer-tutoring-backend] [nio-8080-exec-1] o.s.s.w.a.AnonymousAuthenticationFilter  : Set SecurityContextHolder to anonymous SecurityContext
2026-05-03T15:28:22.949+05:30  WARN 74156 --- [peer-tutoring-backend] [nio-8080-exec-1] o.s.w.s.h.HandlerMappingIntrospector     : Cache miss for REQUEST dispatch to '/api/tutors/search' (previous null). Performing MatchableHandlerMapping lookup. This is logged once only at WARN level, and every time at TRACE.
2026-05-03T15:28:22.957+05:30 DEBUG 74156 --- [peer-tutoring-backend] [nio-8080-exec-1] o.s.security.web.FilterChainProxy        : Secured GET /api/tutors/search?minRating=4.7
Hibernate: 
    select
        tp1_0.id,
        tp1_0.average_rating,
        tp1_0.bio,
        tp1_0.created_at,
        tp1_0.hourly_rate,
        tp1_0.status,
        tp1_0.subject,
        tp1_0.total_sessions,
        tp1_0.updated_at,
        tp1_0.user_id,
        tp1_0.years_of_experience 
    from
        tutor_profiles tp1_0 
    where
        tp1_0.status='APPROVED' 
        and (
            ? is null 
            or ?='' 
            or tp1_0.subject like ? escape ''
        ) 
        and (
            ? is null 
            or tp1_0.average_rating>=?
        )
Hibernate: 
    select
        u1_0.id,
        u1_0.active,
        u1_0.created_at,
        u1_0.email,
        u1_0.first_name,
        u1_0.last_name,
        u1_0.password,
        u1_0.phone_number,
        u1_0.role,
        u1_0.updated_at,
        u1_0.verified 
    from
        users u1_0 
    where
        u1_0.id=?
Hibernate: 
    select
        tp1_0.id,
        tp1_0.average_rating,
        tp1_0.bio,
        tp1_0.created_at,
        tp1_0.hourly_rate,
        tp1_0.status,
        tp1_0.subject,
        tp1_0.total_sessions,
        tp1_0.updated_at,
        tp1_0.user_id,
        tp1_0.years_of_experience 
    from
        tutor_profiles tp1_0 
    where
        tp1_0.user_id=?
Hibernate: 
    select
        s1_0.tutor_id,
        s1_0.subject_name 
    from
        tutor_subjects s1_0 
    where
        s1_0.tutor_id=?
Hibernate: 
    select
        u1_0.id,
        u1_0.active,
        u1_0.created_at,
        u1_0.email,
        u1_0.first_name,
        u1_0.last_name,
        u1_0.password,
        u1_0.phone_number,
        u1_0.role,
        u1_0.updated_at,
        u1_0.verified 
    from
        users u1_0 
    where
        u1_0.id=?
Hibernate: 
    select
        tp1_0.id,
        tp1_0.average_rating,
        tp1_0.bio,
        tp1_0.created_at,
        tp1_0.hourly_rate,
        tp1_0.status,
        tp1_0.subject,
        tp1_0.total_sessions,
        tp1_0.updated_at,
        tp1_0.user_id,
        tp1_0.years_of_experience 
    from
        tutor_profiles tp1_0 
    where
        tp1_0.user_id=?
Hibernate: 
    select
        s1_0.tutor_id,
        s1_0.subject_name 
    from
        tutor_subjects s1_0 
    where
        s1_0.tutor_id=?
2026-05-03T15:28:27.125+05:30 DEBUG 74156 --- [peer-tutoring-backend] [nio-8080-exec-2] o.s.security.web.FilterChainProxy        : Securing GET /api/tutors/search?minRating=4.5
2026-05-03T15:28:27.125+05:30 DEBUG 74156 --- [peer-tutoring-backend] [nio-8080-exec-2] o.s.s.w.a.AnonymousAuthenticationFilter  : Set SecurityContextHolder to anonymous SecurityContext
2026-05-03T15:28:27.126+05:30 DEBUG 74156 --- [peer-tutoring-backend] [nio-8080-exec-2] o.s.security.web.FilterChainProxy        : Secured GET /api/tutors/search?minRating=4.5
Hibernate: 
    select
        tp1_0.id,
        tp1_0.average_rating,
        tp1_0.bio,
        tp1_0.created_at,
        tp1_0.hourly_rate,
        tp1_0.status,
        tp1_0.subject,
        tp1_0.total_sessions,
        tp1_0.updated_at,
        tp1_0.user_id,
        tp1_0.years_of_experience 
    from
        tutor_profiles tp1_0 
    where
        tp1_0.status='APPROVED' 
        and (
            ? is null 
            or ?='' 
            or tp1_0.subject like ? escape ''
        ) 
        and (
            ? is null 
            or tp1_0.average_rating>=?
        )
Hibernate: 
    select
        u1_0.id,
        u1_0.active,
        u1_0.created_at,
        u1_0.email,
        u1_0.first_name,
        u1_0.last_name,
        u1_0.password,
        u1_0.phone_number,
        u1_0.role,
        u1_0.updated_at,
        u1_0.verified 
    from
        users u1_0 
    where
        u1_0.id=?
Hibernate: 
    select
        tp1_0.id,
        tp1_0.average_rating,
        tp1_0.bio,
        tp1_0.created_at,
        tp1_0.hourly_rate,
        tp1_0.status,
        tp1_0.subject,
        tp1_0.total_sessions,
        tp1_0.updated_at,
        tp1_0.user_id,
        tp1_0.years_of_experience 
    from
        tutor_profiles tp1_0 
    where
        tp1_0.user_id=?
Hibernate: 
    select
        s1_0.tutor_id,
        s1_0.subject_name 
    from
        tutor_subjects s1_0 
    where
        s1_0.tutor_id=?
Hibernate: 
    select
        u1_0.id,
        u1_0.active,
        u1_0.created_at,
        u1_0.email,
        u1_0.first_name,
        u1_0.last_name,
        u1_0.password,
        u1_0.phone_number,
        u1_0.role,
        u1_0.updated_at,
        u1_0.verified 
    from
        users u1_0 
    where
        u1_0.id=?
Hibernate: 
    select
        tp1_0.id,
        tp1_0.average_rating,
        tp1_0.bio,
        tp1_0.created_at,
        tp1_0.hourly_rate,
        tp1_0.status,
        tp1_0.subject,
        tp1_0.total_sessions,
        tp1_0.updated_at,
        tp1_0.user_id,
        tp1_0.years_of_experience 
    from
        tutor_profiles tp1_0 
    where
        tp1_0.user_id=?
Hibernate: 
    select
        s1_0.tutor_id,
        s1_0.subject_name 
    from
        tutor_subjects s1_0 
    where
        s1_0.tutor_id=?
Hibernate: 
    select
        u1_0.id,
        u1_0.active,
        u1_0.created_at,
        u1_0.email,
        u1_0.first_name,
        u1_0.last_name,
        u1_0.password,
        u1_0.phone_number,
        u1_0.role,
        u1_0.updated_at,
        u1_0.verified 
    from
        users u1_0 
    where
        u1_0.id=?
Hibernate: 
    select
        tp1_0.id,
        tp1_0.average_rating,
        tp1_0.bio,
        tp1_0.created_at,
        tp1_0.hourly_rate,
        tp1_0.status,
        tp1_0.subject,
        tp1_0.total_sessions,
        tp1_0.updated_at,
        tp1_0.user_id,
        tp1_0.years_of_experience 
    from
        tutor_profiles tp1_0 
    where
        tp1_0.user_id=?
Hibernate: 
    select
        s1_0.tutor_id,
        s1_0.subject_name 
    from
        tutor_subjects s1_0 
    where
        s1_0.tutor_id=?
2026-05-03T15:28:27.220+05:30 DEBUG 74156 --- [peer-tutoring-backend] [nio-8080-exec-4] o.s.security.web.FilterChainProxy        : Securing GET /api/tutors/search?minRating=
2026-05-03T15:28:27.220+05:30 DEBUG 74156 --- [peer-tutoring-backend] [nio-8080-exec-4] o.s.s.w.a.AnonymousAuthenticationFilter  : Set SecurityContextHolder to anonymous SecurityContext
2026-05-03T15:28:27.221+05:30 DEBUG 74156 --- [peer-tutoring-backend] [nio-8080-exec-4] o.s.security.web.FilterChainProxy        : Secured GET /api/tutors/search?minRating=
Hibernate: 
    select
        tp1_0.id,
        tp1_0.average_rating,
        tp1_0.bio,
        tp1_0.created_at,
        tp1_0.hourly_rate,
        tp1_0.status,
        tp1_0.subject,
        tp1_0.total_sessions,
        tp1_0.updated_at,
        tp1_0.user_id,
        tp1_0.years_of_experience 
    from
        tutor_profiles tp1_0 
    where
        tp1_0.status='APPROVED' 
        and (
            ? is null 
            or ?='' 
            or tp1_0.subject like ? escape ''
        ) 
        and (
            ? is null 
            or tp1_0.average_rating>=?
        )
Hibernate: 
    select
        u1_0.id,
        u1_0.active,
        u1_0.created_at,
        u1_0.email,
        u1_0.first_name,
        u1_0.last_name,
        u1_0.password,
        u1_0.phone_number,
        u1_0.role,
        u1_0.updated_at,
        u1_0.verified 
    from
        users u1_0 
    where
        u1_0.id=?
Hibernate: 
    select
        tp1_0.id,
        tp1_0.average_rating,
        tp1_0.bio,
        tp1_0.created_at,
        tp1_0.hourly_rate,
        tp1_0.status,
        tp1_0.subject,
        tp1_0.total_sessions,
        tp1_0.updated_at,
        tp1_0.user_id,
        tp1_0.years_of_experience 
    from
        tutor_profiles tp1_0 
    where
        tp1_0.user_id=?
Hibernate: 
    select
        s1_0.tutor_id,
        s1_0.subject_name 
    from
        tutor_subjects s1_0 
    where
        s1_0.tutor_id=?
Hibernate: 
    select
        u1_0.id,
        u1_0.active,
        u1_0.created_at,
        u1_0.email,
        u1_0.first_name,
        u1_0.last_name,
        u1_0.password,
        u1_0.phone_number,
        u1_0.role,
        u1_0.updated_at,
        u1_0.verified 
    from
        users u1_0 
    where
        u1_0.id=?
Hibernate: 
    select
        tp1_0.id,
        tp1_0.average_rating,
        tp1_0.bio,
        tp1_0.created_at,
        tp1_0.hourly_rate,
        tp1_0.status,
        tp1_0.subject,
        tp1_0.total_sessions,
        tp1_0.updated_at,
        tp1_0.user_id,
        tp1_0.years_of_experience 
    from
        tutor_profiles tp1_0 
    where
        tp1_0.user_id=?
Hibernate: 
    select
        s1_0.tutor_id,
        s1_0.subject_name 
    from
        tutor_subjects s1_0 
    where
        s1_0.tutor_id=?
Hibernate: 
    select
        u1_0.id,
        u1_0.active,
        u1_0.created_at,
        u1_0.email,
        u1_0.first_name,
        u1_0.last_name,
        u1_0.password,
        u1_0.phone_number,
        u1_0.role,
        u1_0.updated_at,
        u1_0.verified 
    from
        users u1_0 
    where
        u1_0.id=?
Hibernate: 
    select
        tp1_0.id,
        tp1_0.average_rating,
        tp1_0.bio,
        tp1_0.created_at,
        tp1_0.hourly_rate,
        tp1_0.status,
        tp1_0.subject,
        tp1_0.total_sessions,
        tp1_0.updated_at,
        tp1_0.user_id,
        tp1_0.years_of_experience 
    from
        tutor_profiles tp1_0 
    where
        tp1_0.user_id=?
Hibernate: 
    select
        s1_0.tutor_id,
        s1_0.subject_name 
    from
        tutor_subjects s1_0 
    where
        s1_0.tutor_id=?
2026-05-03T15:28:27.295+05:30 DEBUG 74156 --- [peer-tutoring-backend] [nio-8080-exec-5] o.s.security.web.FilterChainProxy        : Securing GET /api/tutors/search?subject=Mathematics
2026-05-03T15:28:27.295+05:30 DEBUG 74156 --- [peer-tutoring-backend] [nio-8080-exec-5] o.s.s.w.a.AnonymousAuthenticationFilter  : Set SecurityContextHolder to anonymous SecurityContext
2026-05-03T15:28:27.296+05:30 DEBUG 74156 --- [peer-tutoring-backend] [nio-8080-exec-5] o.s.security.web.FilterChainProxy        : Secured GET /api/tutors/search?subject=Mathematics
Hibernate: 
    select
        tp1_0.id,
        tp1_0.average_rating,
        tp1_0.bio,
        tp1_0.created_at,
        tp1_0.hourly_rate,
        tp1_0.status,
        tp1_0.subject,
        tp1_0.total_sessions,
        tp1_0.updated_at,
        tp1_0.user_id,
        tp1_0.years_of_experience 
    from
        tutor_profiles tp1_0 
    where
        tp1_0.status='APPROVED' 
        and (
            ? is null 
            or ?='' 
            or tp1_0.subject like ? escape ''
        ) 
        and (
            ? is null 
            or tp1_0.average_rating>=?
        )
Hibernate: 
    select
        u1_0.id,
        u1_0.active,
        u1_0.created_at,
        u1_0.email,
        u1_0.first_name,
        u1_0.last_name,
        u1_0.password,
        u1_0.phone_number,
        u1_0.role,
        u1_0.updated_at,
        u1_0.verified 
    from
        users u1_0 
    where
        u1_0.id=?
Hibernate: 
    select
        tp1_0.id,
        tp1_0.average_rating,
        tp1_0.bio,
        tp1_0.created_at,
        tp1_0.hourly_rate,
        tp1_0.status,
        tp1_0.subject,
        tp1_0.total_sessions,
        tp1_0.updated_at,
        tp1_0.user_id,
        tp1_0.years_of_experience 
    from
        tutor_profiles tp1_0 
    where
        tp1_0.user_id=?
Hibernate: 
    select
        s1_0.tutor_id,
        s1_0.subject_name 
    from
        tutor_subjects s1_0 
    where
        s1_0.tutor_id=?
2026-05-03T15:28:31.913+05:30 DEBUG 74156 --- [peer-tutoring-backend] [nio-8080-exec-7] o.s.security.web.FilterChainProxy        : Securing GET /api/tutors/search?subject=Computer+Science&minRating=4.8
2026-05-03T15:28:31.913+05:30 DEBUG 74156 --- [peer-tutoring-backend] [nio-8080-exec-7] o.s.s.w.a.AnonymousAuthenticationFilter  : Set SecurityContextHolder to anonymous SecurityContext
2026-05-03T15:28:31.914+05:30 DEBUG 74156 --- [peer-tutoring-backend] [nio-8080-exec-7] o.s.security.web.FilterChainProxy        : Secured GET /api/tutors/search?subject=Computer+Science&minRating=4.8
Hibernate: 
    select
        tp1_0.id,
        tp1_0.average_rating,
        tp1_0.bio,
        tp1_0.created_at,
        tp1_0.hourly_rate,
        tp1_0.status,
        tp1_0.subject,
        tp1_0.total_sessions,
        tp1_0.updated_at,
        tp1_0.user_id,
        tp1_0.years_of_experience 
    from
        tutor_profiles tp1_0 
    where
        tp1_0.status='APPROVED' 
        and (
            ? is null 
            or ?='' 
            or tp1_0.subject like ? escape ''
        ) 
        and (
            ? is null 
            or tp1_0.average_rating>=?
        )
Hibernate: 
    select
        u1_0.id,
        u1_0.active,
        u1_0.created_at,
        u1_0.email,
        u1_0.first_name,
        u1_0.last_name,
        u1_0.password,
        u1_0.phone_number,
        u1_0.role,
        u1_0.updated_at,
        u1_0.verified 
    from
        users u1_0 
    where
        u1_0.id=?
Hibernate: 
    select
        tp1_0.id,
        tp1_0.average_rating,
        tp1_0.bio,
        tp1_0.created_at,
        tp1_0.hourly_rate,
        tp1_0.status,
        tp1_0.subject,
        tp1_0.total_sessions,
        tp1_0.updated_at,
        tp1_0.user_id,
        tp1_0.years_of_experience 
    from
        tutor_profiles tp1_0 
    where
        tp1_0.user_id=?
Hibernate: 
    select
        s1_0.tutor_id,
        s1_0.subject_name 
    from
        tutor_subjects s1_0 
    where
        s1_0.tutor_id=?
2026-05-03T15:29:08.754+05:30 DEBUG 74156 --- [peer-tutoring-backend] [io-8080-exec-10] o.s.security.web.FilterChainProxy        : Securing GET /api/tutors
2026-05-03T15:29:08.754+05:30 DEBUG 74156 --- [peer-tutoring-backend] [nio-8080-exec-9] o.s.security.web.FilterChainProxy        : Securing GET /api/sessions/available
2026-05-03T15:29:08.754+05:30 DEBUG 74156 --- [peer-tutoring-backend] [nio-8080-exec-1] o.s.security.web.FilterChainProxy        : Securing GET /favicon.ico
2026-05-03T15:29:08.757+05:30 DEBUG 74156 --- [peer-tutoring-backend] [nio-8080-exec-1] o.s.s.w.a.AnonymousAuthenticationFilter  : Set SecurityContextHolder to anonymous SecurityContext
2026-05-03T15:29:08.758+05:30 DEBUG 74156 --- [peer-tutoring-backend] [nio-8080-exec-9] c.t.security.JwtAuthenticationFilter     : JWT Token found: eyJhbGciOiJIUzM4NCJ9...
2026-05-03T15:29:08.758+05:30 DEBUG 74156 --- [peer-tutoring-backend] [io-8080-exec-10] c.t.security.JwtAuthenticationFilter     : JWT Token found: eyJhbGciOiJIUzM4NCJ9...
2026-05-03T15:29:08.772+05:30 DEBUG 74156 --- [peer-tutoring-backend] [nio-8080-exec-1] o.s.s.w.a.Http403ForbiddenEntryPoint     : Pre-authenticated entry point called. Rejecting access
2026-05-03T15:29:08.776+05:30 DEBUG 74156 --- [peer-tutoring-backend] [nio-8080-exec-1] o.s.security.web.FilterChainProxy        : Securing GET /error
2026-05-03T15:29:08.780+05:30 DEBUG 74156 --- [peer-tutoring-backend] [nio-8080-exec-1] o.s.s.w.a.AnonymousAuthenticationFilter  : Set SecurityContextHolder to anonymous SecurityContext
2026-05-03T15:29:08.781+05:30 DEBUG 74156 --- [peer-tutoring-backend] [nio-8080-exec-1] o.s.s.w.a.Http403ForbiddenEntryPoint     : Pre-authenticated entry point called. Rejecting access
2026-05-03T15:29:08.866+05:30 DEBUG 74156 --- [peer-tutoring-backend] [nio-8080-exec-9] c.t.security.JwtAuthenticationFilter     : JWT valid, email: admin@peertutoring.com
2026-05-03T15:29:08.866+05:30 DEBUG 74156 --- [peer-tutoring-backend] [io-8080-exec-10] c.t.security.JwtAuthenticationFilter     : JWT valid, email: admin@peertutoring.com
Hibernate: 
    select
        u1_0.id,
        u1_0.active,
        u1_0.created_at,
        u1_0.email,
        u1_0.first_name,
        u1_0.last_name,
        u1_0.password,
        u1_0.phone_number,
        u1_0.role,
        u1_0.updated_at,
        u1_0.verified 
    from
        users u1_0 
    where
        u1_0.email=?
Hibernate: 
    select
        u1_0.id,
        u1_0.active,
        u1_0.created_at,
        u1_0.email,
        u1_0.first_name,
        u1_0.last_name,
        u1_0.password,
        u1_0.phone_number,
        u1_0.role,
        u1_0.updated_at,
        u1_0.verified 
    from
        users u1_0 
    where
        u1_0.email=?
Hibernate: 
    select
        tp1_0.id,
        tp1_0.average_rating,
        tp1_0.bio,
        tp1_0.created_at,
        tp1_0.hourly_rate,
        tp1_0.status,
        tp1_0.subject,
        tp1_0.total_sessions,
        tp1_0.updated_at,
        tp1_0.user_id,
        tp1_0.years_of_experience 
    from
        tutor_profiles tp1_0 
    where
        tp1_0.user_id=?
Hibernate: 
    select
        tp1_0.id,
        tp1_0.average_rating,
        tp1_0.bio,
        tp1_0.created_at,
        tp1_0.hourly_rate,
        tp1_0.status,
        tp1_0.subject,
        tp1_0.total_sessions,
        tp1_0.updated_at,
        tp1_0.user_id,
        tp1_0.years_of_experience 
    from
        tutor_profiles tp1_0 
    where
        tp1_0.user_id=?
2026-05-03T15:29:08.890+05:30 DEBUG 74156 --- [peer-tutoring-backend] [nio-8080-exec-9] c.t.security.JwtAuthenticationFilter     : Authentication set for user: admin@peertutoring.com
2026-05-03T15:29:08.890+05:30 DEBUG 74156 --- [peer-tutoring-backend] [io-8080-exec-10] c.t.security.JwtAuthenticationFilter     : Authentication set for user: admin@peertutoring.com
2026-05-03T15:29:08.891+05:30 DEBUG 74156 --- [peer-tutoring-backend] [nio-8080-exec-9] o.s.security.web.FilterChainProxy        : Secured GET /api/sessions/available
2026-05-03T15:29:08.891+05:30 DEBUG 74156 --- [peer-tutoring-backend] [io-8080-exec-10] o.s.security.web.FilterChainProxy        : Secured GET /api/tutors
Hibernate: 
    select
        s1_0.id,
        s1_0.created_at,
        s1_0.description,
        s1_0.end_time,
        s1_0.enrolled_students,
        s1_0.max_students,
        s1_0.price,
        s1_0.start_time,
        s1_0.status,
        s1_0.subject,
        s1_0.title,
        s1_0.tutor_id,
        s1_0.type,
        s1_0.updated_at 
    from
        sessions s1_0 
    where
        s1_0.status=?
Hibernate: 
    select
        tp1_0.id,
        tp1_0.average_rating,
        tp1_0.bio,
        tp1_0.created_at,
        tp1_0.hourly_rate,
        tp1_0.status,
        tp1_0.subject,
        tp1_0.total_sessions,
        tp1_0.updated_at,
        tp1_0.user_id,
        tp1_0.years_of_experience 
    from
        tutor_profiles tp1_0 
    where
        tp1_0.status=?
Hibernate: 
    select
        u1_0.id,
        u1_0.active,
        u1_0.created_at,
        u1_0.email,
        u1_0.first_name,
        u1_0.last_name,
        u1_0.password,
        u1_0.phone_number,
        u1_0.role,
        u1_0.updated_at,
        u1_0.verified 
    from
        users u1_0 
    where
        u1_0.id=?
Hibernate: 
    select
        tp1_0.id,
        tp1_0.average_rating,
        tp1_0.bio,
        tp1_0.created_at,
        tp1_0.hourly_rate,
        tp1_0.status,
        tp1_0.subject,
        tp1_0.total_sessions,
        tp1_0.updated_at,
        tp1_0.user_id,
        tp1_0.years_of_experience 
    from
        tutor_profiles tp1_0 
    where
        tp1_0.user_id=?
Hibernate: 
    select
        u1_0.id,
        u1_0.active,
        u1_0.created_at,
        u1_0.email,
        u1_0.first_name,
        u1_0.last_name,
        u1_0.password,
        u1_0.phone_number,
        u1_0.role,
        u1_0.updated_at,
        u1_0.verified 
    from
        users u1_0 
    where
        u1_0.id=?
Hibernate: 
    select
        s1_0.tutor_id,
        s1_0.subject_name 
    from
        tutor_subjects s1_0 
    where
        s1_0.tutor_id=?
Hibernate: 
    select
        tp1_0.id,
        tp1_0.average_rating,
        tp1_0.bio,
        tp1_0.created_at,
        tp1_0.hourly_rate,
        tp1_0.status,
        tp1_0.subject,
        tp1_0.total_sessions,
        tp1_0.updated_at,
        tp1_0.user_id,
        tp1_0.years_of_experience 
    from
        tutor_profiles tp1_0 
    where
        tp1_0.user_id=?
Hibernate: 
    select
        u1_0.id,
        u1_0.active,
        u1_0.created_at,
        u1_0.email,
        u1_0.first_name,
        u1_0.last_name,
        u1_0.password,
        u1_0.phone_number,
        u1_0.role,
        u1_0.updated_at,
        u1_0.verified 
    from
        users u1_0 
    where
        u1_0.id=?
Hibernate: 
    select
        tp1_0.id,
        tp1_0.average_rating,
        tp1_0.bio,
        tp1_0.created_at,
        tp1_0.hourly_rate,
        tp1_0.status,
        tp1_0.subject,
        tp1_0.total_sessions,
        tp1_0.updated_at,
        tp1_0.user_id,
        tp1_0.years_of_experience 
    from
        tutor_profiles tp1_0 
    where
        tp1_0.user_id=?
Hibernate: 
    select
        s1_0.tutor_id,
        s1_0.subject_name 
    from
        tutor_subjects s1_0 
    where
        s1_0.tutor_id=?
Hibernate: 
    select
        u1_0.id,
        u1_0.active,
        u1_0.created_at,
        u1_0.email,
        u1_0.first_name,
        u1_0.last_name,
        u1_0.password,
        u1_0.phone_number,
        u1_0.role,
        u1_0.updated_at,
        u1_0.verified 
    from
        users u1_0 
    where
        u1_0.id=?
Hibernate: 
    select
        tp1_0.id,
        tp1_0.average_rating,
        tp1_0.bio,
        tp1_0.created_at,
        tp1_0.hourly_rate,
        tp1_0.status,
        tp1_0.subject,
        tp1_0.total_sessions,
        tp1_0.updated_at,
        tp1_0.user_id,
        tp1_0.years_of_experience 
    from
        tutor_profiles tp1_0 
    where
        tp1_0.user_id=?
Hibernate: 
    select
        u1_0.id,
        u1_0.active,
        u1_0.created_at,
        u1_0.email,
        u1_0.first_name,
        u1_0.last_name,
        u1_0.password,
        u1_0.phone_number,
        u1_0.role,
        u1_0.updated_at,
        u1_0.verified 
    from
        users u1_0 
    where
        u1_0.id=?
Hibernate: 
    select
        s1_0.tutor_id,
        s1_0.subject_name 
    from
        tutor_subjects s1_0 
    where
        s1_0.tutor_id=?
Hibernate: 
    select
        tp1_0.id,
        tp1_0.average_rating,
        tp1_0.bio,
        tp1_0.created_at,
        tp1_0.hourly_rate,
        tp1_0.status,
        tp1_0.subject,
        tp1_0.total_sessions,
        tp1_0.updated_at,
        tp1_0.user_id,
        tp1_0.years_of_experience 
    from
        tutor_profiles tp1_0 
    where
        tp1_0.user_id=?
Hibernate: 
    select
        u1_0.id,
        u1_0.active,
        u1_0.created_at,
        u1_0.email,
        u1_0.first_name,
        u1_0.last_name,
        u1_0.password,
        u1_0.phone_number,
        u1_0.role,
        u1_0.updated_at,
        u1_0.verified 
    from
        users u1_0 
    where
        u1_0.id=?
Hibernate: 
    select
        tp1_0.id,
        tp1_0.average_rating,
        tp1_0.bio,
        tp1_0.created_at,
        tp1_0.hourly_rate,
        tp1_0.status,
        tp1_0.subject,
        tp1_0.total_sessions,
        tp1_0.updated_at,
        tp1_0.user_id,
        tp1_0.years_of_experience 
    from
        tutor_profiles tp1_0 
    where
        tp1_0.user_id=?
2026-05-03T15:29:08.911+05:30 DEBUG 74156 --- [peer-tutoring-backend] [nio-8080-exec-2] o.s.security.web.FilterChainProxy        : Securing GET /api/tutors
2026-05-03T15:29:08.912+05:30 DEBUG 74156 --- [peer-tutoring-backend] [nio-8080-exec-2] c.t.security.JwtAuthenticationFilter     : JWT Token found: eyJhbGciOiJIUzM4NCJ9...
2026-05-03T15:29:08.914+05:30 DEBUG 74156 --- [peer-tutoring-backend] [nio-8080-exec-2] c.t.security.JwtAuthenticationFilter     : JWT valid, email: admin@peertutoring.com
Hibernate: 
    select
        u1_0.id,
        u1_0.active,
        u1_0.created_at,
        u1_0.email,
        u1_0.first_name,
        u1_0.last_name,
        u1_0.password,
        u1_0.phone_number,
        u1_0.role,
        u1_0.updated_at,
        u1_0.verified 
    from
        users u1_0 
    where
        u1_0.email=?
2026-05-03T15:29:08.918+05:30 DEBUG 74156 --- [peer-tutoring-backend] [nio-8080-exec-3] o.s.security.web.FilterChainProxy        : Securing GET /api/sessions/available
2026-05-03T15:29:08.918+05:30 DEBUG 74156 --- [peer-tutoring-backend] [nio-8080-exec-3] c.t.security.JwtAuthenticationFilter     : JWT Token found: eyJhbGciOiJIUzM4NCJ9...
Hibernate: 
    select
        tp1_0.id,
        tp1_0.average_rating,
        tp1_0.bio,
        tp1_0.created_at,
        tp1_0.hourly_rate,
        tp1_0.status,
        tp1_0.subject,
        tp1_0.total_sessions,
        tp1_0.updated_at,
        tp1_0.user_id,
        tp1_0.years_of_experience 
    from
        tutor_profiles tp1_0 
    where
        tp1_0.user_id=?
2026-05-03T15:29:08.920+05:30 DEBUG 74156 --- [peer-tutoring-backend] [nio-8080-exec-2] c.t.security.JwtAuthenticationFilter     : Authentication set for user: admin@peertutoring.com
2026-05-03T15:29:08.921+05:30 DEBUG 74156 --- [peer-tutoring-backend] [nio-8080-exec-3] c.t.security.JwtAuthenticationFilter     : JWT valid, email: admin@peertutoring.com
2026-05-03T15:29:08.921+05:30 DEBUG 74156 --- [peer-tutoring-backend] [nio-8080-exec-2] o.s.security.web.FilterChainProxy        : Secured GET /api/tutors
Hibernate: 
    select
        u1_0.id,
        u1_0.active,
        u1_0.created_at,
        u1_0.email,
        u1_0.first_name,
        u1_0.last_name,
        u1_0.password,
        u1_0.phone_number,
        u1_0.role,
        u1_0.updated_at,
        u1_0.verified 
    from
        users u1_0 
    where
        u1_0.email=?
Hibernate: 
    select
        tp1_0.id,
        tp1_0.average_rating,
        tp1_0.bio,
        tp1_0.created_at,
        tp1_0.hourly_rate,
        tp1_0.status,
        tp1_0.subject,
        tp1_0.total_sessions,
        tp1_0.updated_at,
        tp1_0.user_id,
        tp1_0.years_of_experience 
    from
        tutor_profiles tp1_0 
    where
        tp1_0.status=?
Hibernate: 
    select
        tp1_0.id,
        tp1_0.average_rating,
        tp1_0.bio,
        tp1_0.created_at,
        tp1_0.hourly_rate,
        tp1_0.status,
        tp1_0.subject,
        tp1_0.total_sessions,
        tp1_0.updated_at,
        tp1_0.user_id,
        tp1_0.years_of_experience 
    from
        tutor_profiles tp1_0 
    where
        tp1_0.user_id=?
2026-05-03T15:29:08.924+05:30 DEBUG 74156 --- [peer-tutoring-backend] [nio-8080-exec-3] c.t.security.JwtAuthenticationFilter     : Authentication set for user: admin@peertutoring.com
2026-05-03T15:29:08.925+05:30 DEBUG 74156 --- [peer-tutoring-backend] [nio-8080-exec-3] o.s.security.web.FilterChainProxy        : Secured GET /api/sessions/available
Hibernate: 
    select
        u1_0.id,
        u1_0.active,
        u1_0.created_at,
        u1_0.email,
        u1_0.first_name,
        u1_0.last_name,
        u1_0.password,
        u1_0.phone_number,
        u1_0.role,
        u1_0.updated_at,
        u1_0.verified 
    from
        users u1_0 
    where
        u1_0.id=?
Hibernate: 
    select
        tp1_0.id,
        tp1_0.average_rating,
        tp1_0.bio,
        tp1_0.created_at,
        tp1_0.hourly_rate,
        tp1_0.status,
        tp1_0.subject,
        tp1_0.total_sessions,
        tp1_0.updated_at,
        tp1_0.user_id,
        tp1_0.years_of_experience 
    from
        tutor_profiles tp1_0 
    where
        tp1_0.user_id=?
Hibernate: 
    select
        s1_0.id,
        s1_0.created_at,
        s1_0.description,
        s1_0.end_time,
        s1_0.enrolled_students,
        s1_0.max_students,
        s1_0.price,
        s1_0.start_time,
        s1_0.status,
        s1_0.subject,
        s1_0.title,
        s1_0.tutor_id,
        s1_0.type,
        s1_0.updated_at 
    from
        sessions s1_0 
    where
        s1_0.status=?
Hibernate: 
    select
        s1_0.tutor_id,
        s1_0.subject_name 
    from
        tutor_subjects s1_0 
    where
        s1_0.tutor_id=?
Hibernate: 
    select
        u1_0.id,
        u1_0.active,
        u1_0.created_at,
        u1_0.email,
        u1_0.first_name,
        u1_0.last_name,
        u1_0.password,
        u1_0.phone_number,
        u1_0.role,
        u1_0.updated_at,
        u1_0.verified 
    from
        users u1_0 
    where
        u1_0.id=?
Hibernate: 
    select
        tp1_0.id,
        tp1_0.average_rating,
        tp1_0.bio,
        tp1_0.created_at,
        tp1_0.hourly_rate,
        tp1_0.status,
        tp1_0.subject,
        tp1_0.total_sessions,
        tp1_0.updated_at,
        tp1_0.user_id,
        tp1_0.years_of_experience 
    from
        tutor_profiles tp1_0 
    where
        tp1_0.user_id=?
Hibernate: 
    select
        u1_0.id,
        u1_0.active,
        u1_0.created_at,
        u1_0.email,
        u1_0.first_name,
        u1_0.last_name,
        u1_0.password,
        u1_0.phone_number,
        u1_0.role,
        u1_0.updated_at,
        u1_0.verified 
    from
        users u1_0 
    where
        u1_0.id=?
Hibernate: 
    select
        tp1_0.id,
        tp1_0.average_rating,
        tp1_0.bio,
        tp1_0.created_at,
        tp1_0.hourly_rate,
        tp1_0.status,
        tp1_0.subject,
        tp1_0.total_sessions,
        tp1_0.updated_at,
        tp1_0.user_id,
        tp1_0.years_of_experience 
    from
        tutor_profiles tp1_0 
    where
        tp1_0.user_id=?
Hibernate: 
    select
        s1_0.tutor_id,
        s1_0.subject_name 
    from
        tutor_subjects s1_0 
    where
        s1_0.tutor_id=?
Hibernate: 
    select
        u1_0.id,
        u1_0.active,
        u1_0.created_at,
        u1_0.email,
        u1_0.first_name,
        u1_0.last_name,
        u1_0.password,
        u1_0.phone_number,
        u1_0.role,
        u1_0.updated_at,
        u1_0.verified 
    from
        users u1_0 
    where
        u1_0.id=?
Hibernate: 
    select
        tp1_0.id,
        tp1_0.average_rating,
        tp1_0.bio,
        tp1_0.created_at,
        tp1_0.hourly_rate,
        tp1_0.status,
        tp1_0.subject,
        tp1_0.total_sessions,
        tp1_0.updated_at,
        tp1_0.user_id,
        tp1_0.years_of_experience 
    from
        tutor_profiles tp1_0 
    where
        tp1_0.user_id=?
Hibernate: 
    select
        u1_0.id,
        u1_0.active,
        u1_0.created_at,
        u1_0.email,
        u1_0.first_name,
        u1_0.last_name,
        u1_0.password,
        u1_0.phone_number,
        u1_0.role,
        u1_0.updated_at,
        u1_0.verified 
    from
        users u1_0 
    where
        u1_0.id=?
Hibernate: 
    select
        s1_0.tutor_id,
        s1_0.subject_name 
    from
        tutor_subjects s1_0 
    where
        s1_0.tutor_id=?
Hibernate: 
    select
        tp1_0.id,
        tp1_0.average_rating,
        tp1_0.bio,
        tp1_0.created_at,
        tp1_0.hourly_rate,
        tp1_0.status,
        tp1_0.subject,
        tp1_0.total_sessions,
        tp1_0.updated_at,
        tp1_0.user_id,
        tp1_0.years_of_experience 
    from
        tutor_profiles tp1_0 
    where
        tp1_0.user_id=?
Hibernate: 
    select
        u1_0.id,
        u1_0.active,
        u1_0.created_at,
        u1_0.email,
        u1_0.first_name,
        u1_0.last_name,
        u1_0.password,
        u1_0.phone_number,
        u1_0.role,
        u1_0.updated_at,
        u1_0.verified 
    from
        users u1_0 
    where
        u1_0.id=?
Hibernate: 
    select
        tp1_0.id,
        tp1_0.average_rating,
        tp1_0.bio,
        tp1_0.created_at,
        tp1_0.hourly_rate,
        tp1_0.status,
        tp1_0.subject,
        tp1_0.total_sessions,
        tp1_0.updated_at,
        tp1_0.user_id,
        tp1_0.years_of_experience 
    from
        tutor_profiles tp1_0 
    where
        tp1_0.user_id=?
2026-05-03T15:29:14.469+05:30 DEBUG 74156 --- [peer-tutoring-backend] [nio-8080-exec-4] o.s.security.web.FilterChainProxy        : Securing GET /api/tutors/search?minRating=3
2026-05-03T15:29:14.470+05:30 DEBUG 74156 --- [peer-tutoring-backend] [nio-8080-exec-4] c.t.security.JwtAuthenticationFilter     : JWT Token found: eyJhbGciOiJIUzM4NCJ9...
2026-05-03T15:29:14.471+05:30 DEBUG 74156 --- [peer-tutoring-backend] [nio-8080-exec-4] c.t.security.JwtAuthenticationFilter     : JWT valid, email: admin@peertutoring.com
Hibernate: 
    select
        u1_0.id,
        u1_0.active,
        u1_0.created_at,
        u1_0.email,
        u1_0.first_name,
        u1_0.last_name,
        u1_0.password,
        u1_0.phone_number,
        u1_0.role,
        u1_0.updated_at,
        u1_0.verified 
    from
        users u1_0 
    where
        u1_0.email=?
Hibernate: 
    select
        tp1_0.id,
        tp1_0.average_rating,
        tp1_0.bio,
        tp1_0.created_at,
        tp1_0.hourly_rate,
        tp1_0.status,
        tp1_0.subject,
        tp1_0.total_sessions,
        tp1_0.updated_at,
        tp1_0.user_id,
        tp1_0.years_of_experience 
    from
        tutor_profiles tp1_0 
    where
        tp1_0.user_id=?
2026-05-03T15:29:14.475+05:30 DEBUG 74156 --- [peer-tutoring-backend] [nio-8080-exec-4] c.t.security.JwtAuthenticationFilter     : Authentication set for user: admin@peertutoring.com
2026-05-03T15:29:14.476+05:30 DEBUG 74156 --- [peer-tutoring-backend] [nio-8080-exec-4] o.s.security.web.FilterChainProxy        : Secured GET /api/tutors/search?minRating=3
Hibernate: 
    select
        tp1_0.id,
        tp1_0.average_rating,
        tp1_0.bio,
        tp1_0.created_at,
        tp1_0.hourly_rate,
        tp1_0.status,
        tp1_0.subject,
        tp1_0.total_sessions,
        tp1_0.updated_at,
        tp1_0.user_id,
        tp1_0.years_of_experience 
    from
        tutor_profiles tp1_0 
    where
        tp1_0.status='APPROVED' 
        and (
            ? is null 
            or ?='' 
            or tp1_0.subject like ? escape ''
        ) 
        and (
            ? is null 
            or tp1_0.average_rating>=?
        )
Hibernate: 
    select
        u1_0.id,
        u1_0.active,
        u1_0.created_at,
        u1_0.email,
        u1_0.first_name,
        u1_0.last_name,
        u1_0.password,
        u1_0.phone_number,
        u1_0.role,
        u1_0.updated_at,
        u1_0.verified 
    from
        users u1_0 
    where
        u1_0.id=?
Hibernate: 
    select
        tp1_0.id,
        tp1_0.average_rating,
        tp1_0.bio,
        tp1_0.created_at,
        tp1_0.hourly_rate,
        tp1_0.status,
        tp1_0.subject,
        tp1_0.total_sessions,
        tp1_0.updated_at,
        tp1_0.user_id,
        tp1_0.years_of_experience 
    from
        tutor_profiles tp1_0 
    where
        tp1_0.user_id=?
Hibernate: 
    select
        s1_0.tutor_id,
        s1_0.subject_name 
    from
        tutor_subjects s1_0 
    where
        s1_0.tutor_id=?
Hibernate: 
    select
        u1_0.id,
        u1_0.active,
        u1_0.created_at,
        u1_0.email,
        u1_0.first_name,
        u1_0.last_name,
        u1_0.password,
        u1_0.phone_number,
        u1_0.role,
        u1_0.updated_at,
        u1_0.verified 
    from
        users u1_0 
    where
        u1_0.id=?
Hibernate: 
    select
        tp1_0.id,
        tp1_0.average_rating,
        tp1_0.bio,
        tp1_0.created_at,
        tp1_0.hourly_rate,
        tp1_0.status,
        tp1_0.subject,
        tp1_0.total_sessions,
        tp1_0.updated_at,
        tp1_0.user_id,
        tp1_0.years_of_experience 
    from
        tutor_profiles tp1_0 
    where
        tp1_0.user_id=?
Hibernate: 
    select
        s1_0.tutor_id,
        s1_0.subject_name 
    from
        tutor_subjects s1_0 
    where
        s1_0.tutor_id=?
Hibernate: 
    select
        u1_0.id,
        u1_0.active,
        u1_0.created_at,
        u1_0.email,
        u1_0.first_name,
        u1_0.last_name,
        u1_0.password,
        u1_0.phone_number,
        u1_0.role,
        u1_0.updated_at,
        u1_0.verified 
    from
        users u1_0 
    where
        u1_0.id=?
Hibernate: 
    select
        tp1_0.id,
        tp1_0.average_rating,
        tp1_0.bio,
        tp1_0.created_at,
        tp1_0.hourly_rate,
        tp1_0.status,
        tp1_0.subject,
        tp1_0.total_sessions,
        tp1_0.updated_at,
        tp1_0.user_id,
        tp1_0.years_of_experience 
    from
        tutor_profiles tp1_0 
    where
        tp1_0.user_id=?
Hibernate: 
    select
        s1_0.tutor_id,
        s1_0.subject_name 
    from
        tutor_subjects s1_0 
    where
        s1_0.tutor_id=?
2026-05-03T15:29:36.788+05:30 DEBUG 74156 --- [peer-tutoring-backend] [nio-8080-exec-5] o.s.security.web.FilterChainProxy        : Securing GET /api/tutors/search?minRating=4
2026-05-03T15:29:36.788+05:30 DEBUG 74156 --- [peer-tutoring-backend] [nio-8080-exec-5] c.t.security.JwtAuthenticationFilter     : JWT Token found: eyJhbGciOiJIUzM4NCJ9...
2026-05-03T15:29:36.791+05:30 DEBUG 74156 --- [peer-tutoring-backend] [nio-8080-exec-5] c.t.security.JwtAuthenticationFilter     : JWT valid, email: admin@peertutoring.com
Hibernate: 
    select
        u1_0.id,
        u1_0.active,
        u1_0.created_at,
        u1_0.email,
        u1_0.first_name,
        u1_0.last_name,
        u1_0.password,
        u1_0.phone_number,
        u1_0.role,
        u1_0.updated_at,
        u1_0.verified 
    from
        users u1_0 
    where
        u1_0.email=?
Hibernate: 
    select
        tp1_0.id,
        tp1_0.average_rating,
        tp1_0.bio,
        tp1_0.created_at,
        tp1_0.hourly_rate,
        tp1_0.status,
        tp1_0.subject,
        tp1_0.total_sessions,
        tp1_0.updated_at,
        tp1_0.user_id,
        tp1_0.years_of_experience 
    from
        tutor_profiles tp1_0 
    where
        tp1_0.user_id=?
2026-05-03T15:29:36.796+05:30 DEBUG 74156 --- [peer-tutoring-backend] [nio-8080-exec-5] c.t.security.JwtAuthenticationFilter     : Authentication set for user: admin@peertutoring.com
2026-05-03T15:29:36.797+05:30 DEBUG 74156 --- [peer-tutoring-backend] [nio-8080-exec-5] o.s.security.web.FilterChainProxy        : Secured GET /api/tutors/search?minRating=4
Hibernate: 
    select
        tp1_0.id,
        tp1_0.average_rating,
        tp1_0.bio,
        tp1_0.created_at,
        tp1_0.hourly_rate,
        tp1_0.status,
        tp1_0.subject,
        tp1_0.total_sessions,
        tp1_0.updated_at,
        tp1_0.user_id,
        tp1_0.years_of_experience 
    from
        tutor_profiles tp1_0 
    where
        tp1_0.status='APPROVED' 
        and (
            ? is null 
            or ?='' 
            or tp1_0.subject like ? escape ''
        ) 
        and (
            ? is null 
            or tp1_0.average_rating>=?
        )
Hibernate: 
    select
        u1_0.id,
        u1_0.active,
        u1_0.created_at,
        u1_0.email,
        u1_0.first_name,
        u1_0.last_name,
        u1_0.password,
        u1_0.phone_number,
        u1_0.role,
        u1_0.updated_at,
        u1_0.verified 
    from
        users u1_0 
    where
        u1_0.id=?
Hibernate: 
    select
        tp1_0.id,
        tp1_0.average_rating,
        tp1_0.bio,
        tp1_0.created_at,
        tp1_0.hourly_rate,
        tp1_0.status,
        tp1_0.subject,
        tp1_0.total_sessions,
        tp1_0.updated_at,
        tp1_0.user_id,
        tp1_0.years_of_experience 
    from
        tutor_profiles tp1_0 
    where
        tp1_0.user_id=?
Hibernate: 
    select
        s1_0.tutor_id,
        s1_0.subject_name 
    from
        tutor_subjects s1_0 
    where
        s1_0.tutor_id=?
Hibernate: 
    select
        u1_0.id,
        u1_0.active,
        u1_0.created_at,
        u1_0.email,
        u1_0.first_name,
        u1_0.last_name,
        u1_0.password,
        u1_0.phone_number,
        u1_0.role,
        u1_0.updated_at,
        u1_0.verified 
    from
        users u1_0 
    where
        u1_0.id=?
Hibernate: 
    select
        tp1_0.id,
        tp1_0.average_rating,
        tp1_0.bio,
        tp1_0.created_at,
        tp1_0.hourly_rate,
        tp1_0.status,
        tp1_0.subject,
        tp1_0.total_sessions,
        tp1_0.updated_at,
        tp1_0.user_id,
        tp1_0.years_of_experience 
    from
        tutor_profiles tp1_0 
    where
        tp1_0.user_id=?
Hibernate: 
    select
        s1_0.tutor_id,
        s1_0.subject_name 
    from
        tutor_subjects s1_0 
    where
        s1_0.tutor_id=?
Hibernate: 
    select
        u1_0.id,
        u1_0.active,
        u1_0.created_at,
        u1_0.email,
        u1_0.first_name,
        u1_0.last_name,
        u1_0.password,
        u1_0.phone_number,
        u1_0.role,
        u1_0.updated_at,
        u1_0.verified 
    from
        users u1_0 
    where
        u1_0.id=?
Hibernate: 
    select
        tp1_0.id,
        tp1_0.average_rating,
        tp1_0.bio,
        tp1_0.created_at,
        tp1_0.hourly_rate,
        tp1_0.status,
        tp1_0.subject,
        tp1_0.total_sessions,
        tp1_0.updated_at,
        tp1_0.user_id,
        tp1_0.years_of_experience 
    from
        tutor_profiles tp1_0 
    where
        tp1_0.user_id=?
Hibernate: 
    select
        s1_0.tutor_id,
        s1_0.subject_name 
    from
        tutor_subjects s1_0 
    where
        s1_0.tutor_id=?
2026-05-03T15:29:49.337+05:30 DEBUG 74156 --- [peer-tutoring-backend] [nio-8080-exec-6] o.s.security.web.FilterChainProxy        : Securing GET /api/tutors/search?minRating=3
2026-05-03T15:29:49.339+05:30 DEBUG 74156 --- [peer-tutoring-backend] [nio-8080-exec-6] c.t.security.JwtAuthenticationFilter     : JWT Token found: eyJhbGciOiJIUzM4NCJ9...
2026-05-03T15:29:49.342+05:30 DEBUG 74156 --- [peer-tutoring-backend] [nio-8080-exec-6] c.t.security.JwtAuthenticationFilter     : JWT valid, email: admin@peertutoring.com
Hibernate: 
    select
        u1_0.id,
        u1_0.active,
        u1_0.created_at,
        u1_0.email,
        u1_0.first_name,
        u1_0.last_name,
        u1_0.password,
        u1_0.phone_number,
        u1_0.role,
        u1_0.updated_at,
        u1_0.verified 
    from
        users u1_0 
    where
        u1_0.email=?
Hibernate: 
    select
        tp1_0.id,
        tp1_0.average_rating,
        tp1_0.bio,
        tp1_0.created_at,
        tp1_0.hourly_rate,
        tp1_0.status,
        tp1_0.subject,
        tp1_0.total_sessions,
        tp1_0.updated_at,
        tp1_0.user_id,
        tp1_0.years_of_experience 
    from
        tutor_profiles tp1_0 
    where
        tp1_0.user_id=?
2026-05-03T15:29:49.355+05:30 DEBUG 74156 --- [peer-tutoring-backend] [nio-8080-exec-6] c.t.security.JwtAuthenticationFilter     : Authentication set for user: admin@peertutoring.com
2026-05-03T15:29:49.357+05:30 DEBUG 74156 --- [peer-tutoring-backend] [nio-8080-exec-6] o.s.security.web.FilterChainProxy        : Secured GET /api/tutors/search?minRating=3
Hibernate: 
    select
        tp1_0.id,
        tp1_0.average_rating,
        tp1_0.bio,
        tp1_0.created_at,
        tp1_0.hourly_rate,
        tp1_0.status,
        tp1_0.subject,
        tp1_0.total_sessions,
        tp1_0.updated_at,
        tp1_0.user_id,
        tp1_0.years_of_experience 
    from
        tutor_profiles tp1_0 
    where
        tp1_0.status='APPROVED' 
        and (
            ? is null 
            or ?='' 
            or tp1_0.subject like ? escape ''
        ) 
        and (
            ? is null 
            or tp1_0.average_rating>=?
        )
Hibernate: 
    select
        u1_0.id,
        u1_0.active,
        u1_0.created_at,
        u1_0.email,
        u1_0.first_name,
        u1_0.last_name,
        u1_0.password,
        u1_0.phone_number,
        u1_0.role,
        u1_0.updated_at,
        u1_0.verified 
    from
        users u1_0 
    where
        u1_0.id=?
Hibernate: 
    select
        tp1_0.id,
        tp1_0.average_rating,
        tp1_0.bio,
        tp1_0.created_at,
        tp1_0.hourly_rate,
        tp1_0.status,
        tp1_0.subject,
        tp1_0.total_sessions,
        tp1_0.updated_at,
        tp1_0.user_id,
        tp1_0.years_of_experience 
    from
        tutor_profiles tp1_0 
    where
        tp1_0.user_id=?
Hibernate: 
    select
        s1_0.tutor_id,
        s1_0.subject_name 
    from
        tutor_subjects s1_0 
    where
        s1_0.tutor_id=?
Hibernate: 
    select
        u1_0.id,
        u1_0.active,
        u1_0.created_at,
        u1_0.email,
        u1_0.first_name,
        u1_0.last_name,
        u1_0.password,
        u1_0.phone_number,
        u1_0.role,
        u1_0.updated_at,
        u1_0.verified 
    from
        users u1_0 
    where
        u1_0.id=?
Hibernate: 
    select
        tp1_0.id,
        tp1_0.average_rating,
        tp1_0.bio,
        tp1_0.created_at,
        tp1_0.hourly_rate,
        tp1_0.status,
        tp1_0.subject,
        tp1_0.total_sessions,
        tp1_0.updated_at,
        tp1_0.user_id,
        tp1_0.years_of_experience 
    from
        tutor_profiles tp1_0 
    where
        tp1_0.user_id=?
Hibernate: 
    select
        s1_0.tutor_id,
        s1_0.subject_name 
    from
        tutor_subjects s1_0 
    where
        s1_0.tutor_id=?
Hibernate: 
    select
        u1_0.id,
        u1_0.active,
        u1_0.created_at,
        u1_0.email,
        u1_0.first_name,
        u1_0.last_name,
        u1_0.password,
        u1_0.phone_number,
        u1_0.role,
        u1_0.updated_at,
        u1_0.verified 
    from
        users u1_0 
    where
        u1_0.id=?
Hibernate: 
    select
        tp1_0.id,
        tp1_0.average_rating,
        tp1_0.bio,
        tp1_0.created_at,
        tp1_0.hourly_rate,
        tp1_0.status,
        tp1_0.subject,
        tp1_0.total_sessions,
        tp1_0.updated_at,
        tp1_0.user_id,
        tp1_0.years_of_experience 
    from
        tutor_profiles tp1_0 
    where
        tp1_0.user_id=?
Hibernate: 
    select
        s1_0.tutor_id,
        s1_0.subject_name 
    from
        tutor_subjects s1_0 
    where
        s1_0.tutor_id=?
2026-05-03T15:32:16.245+05:30  INFO 74156 --- [peer-tutoring-backend] [ionShutdownHook] j.LocalContainerEntityManagerFactoryBean : Closing JPA EntityManagerFactory for persistence unit 'default'
Hibernate: 
    drop table if exists bookings cascade 
Hibernate: 
    drop table if exists payouts cascade 
Hibernate: 
    drop table if exists ratings cascade 
Hibernate: 
    drop table if exists sessions cascade 
Hibernate: 
    drop table if exists tutor_profiles cascade 
Hibernate: 
    drop table if exists tutor_subjects cascade 
Hibernate: 
    drop table if exists users cascade 
2026-05-03T15:32:16.262+05:30  WARN 74156 --- [peer-tutoring-backend] [ionShutdownHook] o.s.b.f.support.DisposableBeanAdapter    : Invocation of destroy method failed on bean with name 'inMemoryDatabaseShutdownExecutor': org.h2.jdbc.JdbcSQLNonTransientConnectionException: Database is already closed (to disable automatic closing at VM shutdown, add ";DB_CLOSE_ON_EXIT=FALSE" to the db URL) [90121-224]
2026-05-03T15:32:16.262+05:30  INFO 74156 --- [peer-tutoring-backend] [ionShutdownHook] com.zaxxer.hikari.HikariDataSource       : HikariPool-1 - Shutdown initiated...
2026-05-03T15:32:16.264+05:30  INFO 74156 --- [peer-tutoring-backend] [ionShutdownHook] com.zaxxer.hikari.HikariDataSource       : HikariPool-1 - Shutdown completed.
[ERROR] Failed to execute goal org.springframework.boot:spring-boot-maven-plugin:3.2.0:run (default-cli) on project peer-tutoring-backend: Process terminated with exit code: 143 -> [Help 1]
[ERROR] 
[ERROR] To see the full stack trace of the errors, re-run Maven with the -e switch.
[ERROR] Re-run Maven using the -X switch to enable full debug logging.
[ERROR] 
[ERROR] For more information about the errors and possible solutions, please read the following articles:
[ERROR] [Help 1] http://cwiki.apache.org/confluence/display/MAVEN/MojoExecutionException
