
  .   ____          _            __ _ _
 /\\ / ___'_ __ _ _(_)_ __  __ _ \ \ \ \
( ( )\___ | '_ | '_| | '_ \/ _` | \ \ \ \
 \\/  ___)| |_)| | | | | || (_| |  ) ) ) )
  '  |____| .__|_| |_|_| |_\__, | / / / /
 =========|_|==============|___/=/_/_/_/
 :: Spring Boot ::                (v3.2.0)

2026-05-08T23:30:16.277+05:30  INFO 34523 --- [tutor-service] [           main] c.t.t.TutorServiceApplication            : Starting TutorServiceApplication v1.0.0 using Java 17.0.19 with PID 34523 (/Users/subhodipanwesa/Documents/BITS_WILP/FullStack/Anwesa/PeerTutorial_FS/peer-tutoring-platform/backend-microservices/tutor-service/target/tutor-service-1.0.0.jar started by subhodipanwesa in /Users/subhodipanwesa/Documents/BITS_WILP/FullStack/Anwesa/PeerTutorial_FS/peer-tutoring-platform/backend-microservices/tutor-service)
2026-05-08T23:30:16.282+05:30  INFO 34523 --- [tutor-service] [           main] c.t.t.TutorServiceApplication            : No active profile set, falling back to 1 default profile: "default"
2026-05-08T23:30:17.915+05:30  INFO 34523 --- [tutor-service] [           main] .s.d.r.c.RepositoryConfigurationDelegate : Bootstrapping Spring Data JPA repositories in DEFAULT mode.
2026-05-08T23:30:18.108+05:30  INFO 34523 --- [tutor-service] [           main] .s.d.r.c.RepositoryConfigurationDelegate : Finished Spring Data repository scanning in 183 ms. Found 3 JPA repository interfaces.
2026-05-08T23:30:18.447+05:30  INFO 34523 --- [tutor-service] [           main] o.s.cloud.context.scope.GenericScope     : BeanFactory id=1fc22f86-9b80-3b31-8d7a-70f5d4ac9724
2026-05-08T23:30:18.815+05:30  WARN 34523 --- [tutor-service] [           main] trationDelegate$BeanPostProcessorChecker : Bean 'org.springframework.cloud.client.loadbalancer.LoadBalancerAutoConfiguration$LoadBalancerInterceptorConfig' of type [org.springframework.cloud.client.loadbalancer.LoadBalancerAutoConfiguration$LoadBalancerInterceptorConfig] is not eligible for getting processed by all BeanPostProcessors (for example: not eligible for auto-proxying). The currently created BeanPostProcessor [lbRestClientPostProcessor] is declared through a non-static factory method on that class; consider declaring it as static instead.
2026-05-08T23:30:18.820+05:30  WARN 34523 --- [tutor-service] [           main] trationDelegate$BeanPostProcessorChecker : Bean 'org.springframework.cloud.loadbalancer.config.BlockingLoadBalancerClientAutoConfiguration' of type [org.springframework.cloud.loadbalancer.config.BlockingLoadBalancerClientAutoConfiguration] is not eligible for getting processed by all BeanPostProcessors (for example: not eligible for auto-proxying). Is this bean getting eagerly injected into a currently created BeanPostProcessor [lbRestClientPostProcessor]? Check the corresponding BeanPostProcessor declaration and its dependencies.
2026-05-08T23:30:18.822+05:30  WARN 34523 --- [tutor-service] [           main] trationDelegate$BeanPostProcessorChecker : Bean 'org.springframework.cloud.loadbalancer.config.LoadBalancerAutoConfiguration' of type [org.springframework.cloud.loadbalancer.config.LoadBalancerAutoConfiguration] is not eligible for getting processed by all BeanPostProcessors (for example: not eligible for auto-proxying). Is this bean getting eagerly injected into a currently created BeanPostProcessor [lbRestClientPostProcessor]? Check the corresponding BeanPostProcessor declaration and its dependencies.
2026-05-08T23:30:18.833+05:30  WARN 34523 --- [tutor-service] [           main] trationDelegate$BeanPostProcessorChecker : Bean 'org.springframework.cloud.commons.config.CommonsConfigAutoConfiguration' of type [org.springframework.cloud.commons.config.CommonsConfigAutoConfiguration] is not eligible for getting processed by all BeanPostProcessors (for example: not eligible for auto-proxying). Is this bean getting eagerly injected into a currently created BeanPostProcessor [lbRestClientPostProcessor]? Check the corresponding BeanPostProcessor declaration and its dependencies.
2026-05-08T23:30:18.839+05:30  WARN 34523 --- [tutor-service] [           main] trationDelegate$BeanPostProcessorChecker : Bean 'org.springframework.cloud.client.loadbalancer.LoadBalancerDefaultMappingsProviderAutoConfiguration' of type [org.springframework.cloud.client.loadbalancer.LoadBalancerDefaultMappingsProviderAutoConfiguration] is not eligible for getting processed by all BeanPostProcessors (for example: not eligible for auto-proxying). Is this bean getting eagerly injected into a currently created BeanPostProcessor [lbRestClientPostProcessor]? Check the corresponding BeanPostProcessor declaration and its dependencies.
2026-05-08T23:30:18.842+05:30  WARN 34523 --- [tutor-service] [           main] trationDelegate$BeanPostProcessorChecker : Bean 'loadBalancerClientsDefaultsMappingsProvider' of type [org.springframework.cloud.client.loadbalancer.LoadBalancerDefaultMappingsProviderAutoConfiguration$$Lambda$632/0x00000070014b85a0] is not eligible for getting processed by all BeanPostProcessors (for example: not eligible for auto-proxying). Is this bean getting eagerly injected into a currently created BeanPostProcessor [lbRestClientPostProcessor]? Check the corresponding BeanPostProcessor declaration and its dependencies.
2026-05-08T23:30:18.849+05:30  WARN 34523 --- [tutor-service] [           main] trationDelegate$BeanPostProcessorChecker : Bean 'defaultsBindHandlerAdvisor' of type [org.springframework.cloud.commons.config.DefaultsBindHandlerAdvisor] is not eligible for getting processed by all BeanPostProcessors (for example: not eligible for auto-proxying). Is this bean getting eagerly injected into a currently created BeanPostProcessor [lbRestClientPostProcessor]? Check the corresponding BeanPostProcessor declaration and its dependencies.
2026-05-08T23:30:18.860+05:30  WARN 34523 --- [tutor-service] [           main] trationDelegate$BeanPostProcessorChecker : Bean 'spring.cloud.loadbalancer-org.springframework.cloud.client.loadbalancer.LoadBalancerClientsProperties' of type [org.springframework.cloud.client.loadbalancer.LoadBalancerClientsProperties] is not eligible for getting processed by all BeanPostProcessors (for example: not eligible for auto-proxying). Is this bean getting eagerly injected into a currently created BeanPostProcessor [lbRestClientPostProcessor]? Check the corresponding BeanPostProcessor declaration and its dependencies.
2026-05-08T23:30:18.869+05:30  WARN 34523 --- [tutor-service] [           main] trationDelegate$BeanPostProcessorChecker : Bean 'default.org.springframework.cloud.loadbalancer.config.LoadBalancerAutoConfiguration.LoadBalancerClientSpecification' of type [org.springframework.cloud.loadbalancer.annotation.LoadBalancerClientSpecification] is not eligible for getting processed by all BeanPostProcessors (for example: not eligible for auto-proxying). Is this bean getting eagerly injected into a currently created BeanPostProcessor [lbRestClientPostProcessor]? Check the corresponding BeanPostProcessor declaration and its dependencies.
2026-05-08T23:30:18.872+05:30  WARN 34523 --- [tutor-service] [           main] trationDelegate$BeanPostProcessorChecker : Bean 'default.org.springframework.cloud.loadbalancer.config.BlockingLoadBalancerClientAutoConfiguration.LoadBalancerClientSpecification' of type [org.springframework.cloud.loadbalancer.annotation.LoadBalancerClientSpecification] is not eligible for getting processed by all BeanPostProcessors (for example: not eligible for auto-proxying). Is this bean getting eagerly injected into a currently created BeanPostProcessor [lbRestClientPostProcessor]? Check the corresponding BeanPostProcessor declaration and its dependencies.
2026-05-08T23:30:18.872+05:30  WARN 34523 --- [tutor-service] [           main] trationDelegate$BeanPostProcessorChecker : Bean 'default.org.springframework.cloud.netflix.eureka.loadbalancer.LoadBalancerEurekaAutoConfiguration.LoadBalancerClientSpecification' of type [org.springframework.cloud.loadbalancer.annotation.LoadBalancerClientSpecification] is not eligible for getting processed by all BeanPostProcessors (for example: not eligible for auto-proxying). Is this bean getting eagerly injected into a currently created BeanPostProcessor [lbRestClientPostProcessor]? Check the corresponding BeanPostProcessor declaration and its dependencies.
2026-05-08T23:30:18.873+05:30  WARN 34523 --- [tutor-service] [           main] trationDelegate$BeanPostProcessorChecker : Bean 'loadBalancerClientFactory' of type [org.springframework.cloud.loadbalancer.support.LoadBalancerClientFactory] is not eligible for getting processed by all BeanPostProcessors (for example: not eligible for auto-proxying). Is this bean getting eagerly injected into a currently created BeanPostProcessor [lbRestClientPostProcessor]? Check the corresponding BeanPostProcessor declaration and its dependencies.
2026-05-08T23:30:18.881+05:30  WARN 34523 --- [tutor-service] [           main] trationDelegate$BeanPostProcessorChecker : Bean 'blockingLoadBalancerClient' of type [org.springframework.cloud.loadbalancer.blocking.client.BlockingLoadBalancerClient] is not eligible for getting processed by all BeanPostProcessors (for example: not eligible for auto-proxying). Is this bean getting eagerly injected into a currently created BeanPostProcessor [lbRestClientPostProcessor]? Check the corresponding BeanPostProcessor declaration and its dependencies.
2026-05-08T23:30:18.897+05:30  WARN 34523 --- [tutor-service] [           main] trationDelegate$BeanPostProcessorChecker : Bean 'loadBalancerServiceInstanceCookieTransformer' of type [org.springframework.cloud.loadbalancer.core.LoadBalancerServiceInstanceCookieTransformer] is not eligible for getting processed by all BeanPostProcessors (for example: not eligible for auto-proxying). Is this bean getting eagerly injected into a currently created BeanPostProcessor [lbRestClientPostProcessor]? Check the corresponding BeanPostProcessor declaration and its dependencies.
2026-05-08T23:30:18.900+05:30  WARN 34523 --- [tutor-service] [           main] trationDelegate$BeanPostProcessorChecker : Bean 'xForwarderHeadersTransformer' of type [org.springframework.cloud.loadbalancer.blocking.XForwardedHeadersTransformer] is not eligible for getting processed by all BeanPostProcessors (for example: not eligible for auto-proxying). Is this bean getting eagerly injected into a currently created BeanPostProcessor [lbRestClientPostProcessor]? Check the corresponding BeanPostProcessor declaration and its dependencies.
2026-05-08T23:30:18.903+05:30  WARN 34523 --- [tutor-service] [           main] trationDelegate$BeanPostProcessorChecker : Bean 'org.springframework.cloud.client.loadbalancer.LoadBalancerAutoConfiguration' of type [org.springframework.cloud.client.loadbalancer.LoadBalancerAutoConfiguration] is not eligible for getting processed by all BeanPostProcessors (for example: not eligible for auto-proxying). Is this bean getting eagerly injected into a currently created BeanPostProcessor [lbRestClientPostProcessor]? Check the corresponding BeanPostProcessor declaration and its dependencies.
2026-05-08T23:30:18.906+05:30  WARN 34523 --- [tutor-service] [           main] trationDelegate$BeanPostProcessorChecker : Bean 'loadBalancerRequestFactory' of type [org.springframework.cloud.client.loadbalancer.LoadBalancerRequestFactory] is not eligible for getting processed by all BeanPostProcessors (for example: not eligible for auto-proxying). Is this bean getting eagerly injected into a currently created BeanPostProcessor [lbRestClientPostProcessor]? Check the corresponding BeanPostProcessor declaration and its dependencies.
2026-05-08T23:30:18.908+05:30  WARN 34523 --- [tutor-service] [           main] trationDelegate$BeanPostProcessorChecker : Bean 'loadBalancerInterceptor' of type [org.springframework.cloud.client.loadbalancer.LoadBalancerInterceptor] is not eligible for getting processed by all BeanPostProcessors (for example: not eligible for auto-proxying). Is this bean getting eagerly injected into a currently created BeanPostProcessor [lbRestClientPostProcessor]? Check the corresponding BeanPostProcessor declaration and its dependencies.
2026-05-08T23:30:19.166+05:30  INFO 34523 --- [tutor-service] [           main] o.s.b.w.embedded.tomcat.TomcatWebServer  : Tomcat initialized with port 8082 (http)
2026-05-08T23:30:19.175+05:30  INFO 34523 --- [tutor-service] [           main] o.apache.catalina.core.StandardService   : Starting service [Tomcat]
2026-05-08T23:30:19.176+05:30  INFO 34523 --- [tutor-service] [           main] o.apache.catalina.core.StandardEngine    : Starting Servlet engine: [Apache Tomcat/10.1.16]
2026-05-08T23:30:19.219+05:30  INFO 34523 --- [tutor-service] [           main] o.a.c.c.C.[Tomcat].[localhost].[/]       : Initializing Spring embedded WebApplicationContext
2026-05-08T23:30:19.220+05:30  INFO 34523 --- [tutor-service] [           main] w.s.c.ServletWebServerApplicationContext : Root WebApplicationContext: initialization completed in 2795 ms
2026-05-08T23:30:19.413+05:30  INFO 34523 --- [tutor-service] [           main] com.zaxxer.hikari.HikariDataSource       : HikariPool-1 - Starting...
2026-05-08T23:30:19.708+05:30  INFO 34523 --- [tutor-service] [           main] com.zaxxer.hikari.pool.HikariPool        : HikariPool-1 - Added connection conn0: url=jdbc:h2:mem:tutor_service_db user=SA
2026-05-08T23:30:19.710+05:30  INFO 34523 --- [tutor-service] [           main] com.zaxxer.hikari.HikariDataSource       : HikariPool-1 - Start completed.
2026-05-08T23:30:19.722+05:30  INFO 34523 --- [tutor-service] [           main] o.s.b.a.h2.H2ConsoleAutoConfiguration    : H2 console available at '/h2-console'. Database available at 'jdbc:h2:mem:tutor_service_db'
2026-05-08T23:30:20.001+05:30  INFO 34523 --- [tutor-service] [           main] o.hibernate.jpa.internal.util.LogHelper  : HHH000204: Processing PersistenceUnitInfo [name: default]
2026-05-08T23:30:20.058+05:30  INFO 34523 --- [tutor-service] [           main] org.hibernate.Version                    : HHH000412: Hibernate ORM core version 6.3.1.Final
2026-05-08T23:30:20.091+05:30  INFO 34523 --- [tutor-service] [           main] o.h.c.internal.RegionFactoryInitiator    : HHH000026: Second-level cache disabled
2026-05-08T23:30:20.309+05:30  INFO 34523 --- [tutor-service] [           main] o.s.o.j.p.SpringPersistenceUnitInfo      : No LoadTimeWeaver setup: ignoring JPA class transformer
2026-05-08T23:30:20.360+05:30  WARN 34523 --- [tutor-service] [           main] org.hibernate.orm.deprecation            : HHH90000025: H2Dialect does not need to be specified explicitly using 'hibernate.dialect' (remove the property setting and it will be selected by default)
2026-05-08T23:30:21.255+05:30  INFO 34523 --- [tutor-service] [           main] o.h.e.t.j.p.i.JtaPlatformInitiator       : HHH000489: No JTA platform available (set 'hibernate.transaction.jta.platform' to enable JTA platform integration)
Hibernate: 
    drop table if exists payouts cascade 
Hibernate: 
    drop table if exists ratings cascade 
Hibernate: 
    drop table if exists tutor_profiles cascade 
Hibernate: 
    drop table if exists tutor_subjects cascade 
Hibernate: 
    create table payouts (
        amount numeric(38,2) not null,
        created_at timestamp(6),
        id bigint generated by default as identity,
        processed_at timestamp(6),
        processed_by bigint,
        tutor_id bigint not null,
        notes TEXT,
        payment_method varchar(255) not null,
        status varchar(255) not null check (status in ('PENDING','COMPLETED','FAILED')),
        primary key (id)
    )
Hibernate: 
    create table ratings (
        rating integer not null,
        booking_id bigint not null unique,
        created_at timestamp(6),
        id bigint generated by default as identity,
        student_id bigint not null,
        tutor_id bigint not null,
        comment TEXT,
        primary key (id)
    )
Hibernate: 
    create table tutor_profiles (
        average_rating float(53) not null,
        hourly_rate numeric(38,2) not null,
        total_sessions integer not null,
        years_of_experience integer not null,
        created_at timestamp(6),
        id bigint generated by default as identity,
        updated_at timestamp(6),
        user_id bigint not null unique,
        bio TEXT,
        status varchar(255) not null check (status in ('PENDING','APPROVED','REJECTED','SUSPENDED')),
        subject varchar(255) not null,
        primary key (id)
    )
Hibernate: 
    create table tutor_subjects (
        tutor_id bigint not null,
        subject_name varchar(255)
    )
Hibernate: 
    alter table if exists tutor_subjects 
       add constraint FKh7sy16t30qo5mth2tr3fhoy5s 
       foreign key (tutor_id) 
       references tutor_profiles
2026-05-08T23:30:21.313+05:30  INFO 34523 --- [tutor-service] [           main] j.LocalContainerEntityManagerFactoryBean : Initialized JPA EntityManagerFactory for persistence unit 'default'
2026-05-08T23:30:22.088+05:30  WARN 34523 --- [tutor-service] [           main] JpaBaseConfiguration$JpaWebConfiguration : spring.jpa.open-in-view is enabled by default. Therefore, database queries may be performed during view rendering. Explicitly configure spring.jpa.open-in-view to disable this warning
2026-05-08T23:30:22.299+05:30  WARN 34523 --- [tutor-service] [           main] .s.s.UserDetailsServiceAutoConfiguration : 

Using generated security password: a3cae713-cabe-4446-ba31-95998fc4ad77

This generated password is for development use only. Your security configuration must be updated before running your application in production.

2026-05-08T23:30:22.979+05:30  INFO 34523 --- [tutor-service] [           main] o.s.b.a.e.web.EndpointLinksResolver      : Exposing 3 endpoint(s) beneath base path '/actuator'
2026-05-08T23:30:23.054+05:30  INFO 34523 --- [tutor-service] [           main] o.s.s.web.DefaultSecurityFilterChain     : Will secure any request with [org.springframework.security.web.session.DisableEncodeUrlFilter@64bcf689, org.springframework.security.web.context.request.async.WebAsyncManagerIntegrationFilter@2bf3ec4a, org.springframework.security.web.context.SecurityContextHolderFilter@3a770af8, org.springframework.security.web.header.HeaderWriterFilter@10bf2726, org.springframework.web.filter.CorsFilter@3594b4b4, org.springframework.security.web.authentication.logout.LogoutFilter@4a65ce06, org.springframework.security.web.savedrequest.RequestCacheAwareFilter@4b6e296a, org.springframework.security.web.servletapi.SecurityContextHolderAwareRequestFilter@246ee6d8, org.springframework.security.web.authentication.AnonymousAuthenticationFilter@4191774f, org.springframework.security.web.access.ExceptionTranslationFilter@3ad49704, org.springframework.security.web.access.intercept.AuthorizationFilter@47d8c666]
2026-05-08T23:30:23.880+05:30  INFO 34523 --- [tutor-service] [           main] DiscoveryClientOptionalArgsConfiguration : Eureka HTTP Client uses RestTemplate.
2026-05-08T23:30:23.945+05:30  WARN 34523 --- [tutor-service] [           main] iguration$LoadBalancerCaffeineWarnLogger : Spring Cloud LoadBalancer is currently working with the default cache. While this cache implementation is useful for development and tests, it's recommended to use Caffeine cache in production.You can switch to using Caffeine cache, by adding it and org.springframework.cache.caffeine.CaffeineCacheManager to the classpath.
2026-05-08T23:30:24.042+05:30  INFO 34523 --- [tutor-service] [           main] o.s.c.n.eureka.InstanceInfoFactory       : Setting initial instance status as: STARTING
2026-05-08T23:30:24.135+05:30  INFO 34523 --- [tutor-service] [           main] com.netflix.discovery.DiscoveryClient    : Initializing Eureka in region us-east-1
2026-05-08T23:30:24.151+05:30  INFO 34523 --- [tutor-service] [           main] c.n.d.s.r.aws.ConfigClusterResolver      : Resolving eureka endpoints via configuration
2026-05-08T23:30:24.183+05:30  INFO 34523 --- [tutor-service] [           main] com.netflix.discovery.DiscoveryClient    : Disable delta property : false
2026-05-08T23:30:24.183+05:30  INFO 34523 --- [tutor-service] [           main] com.netflix.discovery.DiscoveryClient    : Single vip registry refresh property : null
2026-05-08T23:30:24.183+05:30  INFO 34523 --- [tutor-service] [           main] com.netflix.discovery.DiscoveryClient    : Force full registry fetch : false
2026-05-08T23:30:24.183+05:30  INFO 34523 --- [tutor-service] [           main] com.netflix.discovery.DiscoveryClient    : Application is null : false
2026-05-08T23:30:24.183+05:30  INFO 34523 --- [tutor-service] [           main] com.netflix.discovery.DiscoveryClient    : Registered Applications size is zero : true
2026-05-08T23:30:24.183+05:30  INFO 34523 --- [tutor-service] [           main] com.netflix.discovery.DiscoveryClient    : Application version is -1: true
2026-05-08T23:30:24.183+05:30  INFO 34523 --- [tutor-service] [           main] com.netflix.discovery.DiscoveryClient    : Getting all instance registry info from the eureka server
2026-05-08T23:30:24.590+05:30  INFO 34523 --- [tutor-service] [           main] com.netflix.discovery.DiscoveryClient    : The response status is 200
2026-05-08T23:30:24.594+05:30  INFO 34523 --- [tutor-service] [           main] com.netflix.discovery.DiscoveryClient    : Starting heartbeat executor: renew interval is: 30
2026-05-08T23:30:24.596+05:30  INFO 34523 --- [tutor-service] [           main] c.n.discovery.InstanceInfoReplicator     : InstanceInfoReplicator onDemand update allowed rate per min is 4
2026-05-08T23:30:24.601+05:30  INFO 34523 --- [tutor-service] [           main] com.netflix.discovery.DiscoveryClient    : Discovery Client initialized at timestamp 1778263224600 with initial instances count: 5
2026-05-08T23:30:24.607+05:30  INFO 34523 --- [tutor-service] [           main] o.s.c.n.e.s.EurekaServiceRegistry        : Registering application TUTOR-SERVICE with eureka with status UP
2026-05-08T23:30:24.607+05:30  INFO 34523 --- [tutor-service] [           main] com.netflix.discovery.DiscoveryClient    : Saw local status change event StatusChangeEvent [timestamp=1778263224607, current=UP, previous=STARTING]
2026-05-08T23:30:24.609+05:30  INFO 34523 --- [tutor-service] [nfoReplicator-0] com.netflix.discovery.DiscoveryClient    : DiscoveryClient_TUTOR-SERVICE/tutor-service:8082: registering service...
2026-05-08T23:30:24.630+05:30  INFO 34523 --- [tutor-service] [           main] o.s.b.w.embedded.tomcat.TomcatWebServer  : Tomcat started on port 8082 (http) with context path ''
2026-05-08T23:30:24.632+05:30  INFO 34523 --- [tutor-service] [           main] .s.c.n.e.s.EurekaAutoServiceRegistration : Updating port to 8082
2026-05-08T23:30:24.656+05:30  INFO 34523 --- [tutor-service] [nfoReplicator-0] com.netflix.discovery.DiscoveryClient    : DiscoveryClient_TUTOR-SERVICE/tutor-service:8082 - registration status: 204
2026-05-08T23:30:24.660+05:30  INFO 34523 --- [tutor-service] [           main] c.t.t.TutorServiceApplication            : Started TutorServiceApplication in 9.153 seconds (process running for 9.761)
2026-05-08T23:30:41.145+05:30  INFO 34523 --- [tutor-service] [nio-8082-exec-1] o.a.c.c.C.[Tomcat].[localhost].[/]       : Initializing Spring DispatcherServlet 'dispatcherServlet'
2026-05-08T23:30:41.145+05:30  INFO 34523 --- [tutor-service] [nio-8082-exec-1] o.s.web.servlet.DispatcherServlet        : Initializing Servlet 'dispatcherServlet'
2026-05-08T23:30:41.150+05:30  INFO 34523 --- [tutor-service] [nio-8082-exec-1] o.s.web.servlet.DispatcherServlet        : Completed initialization in 3 ms
2026-05-08T23:30:41.181+05:30  WARN 34523 --- [tutor-service] [nio-8082-exec-1] o.s.w.s.h.HandlerMappingIntrospector     : Cache miss for REQUEST dispatch to '/api/tutors' (previous null). Performing CorsConfiguration lookup. This is logged once only at WARN level, and every time at TRACE.
2026-05-08T23:30:41.192+05:30  WARN 34523 --- [tutor-service] [nio-8082-exec-1] o.s.w.s.h.HandlerMappingIntrospector     : Cache miss for REQUEST dispatch to '/api/tutors' (previous null). Performing MatchableHandlerMapping lookup. This is logged once only at WARN level, and every time at TRACE.
Hibernate: 
    select
        tp1_0.id,
        tp1_0.average_rating,
        tp1_0.bio,
        tp1_0.created_at,
        tp1_0.hourly_rate,
        tp1_0.status,
        tp1_0.subject,
        tp1_0.total_sessions,
        tp1_0.updated_at,
        tp1_0.user_id,
        tp1_0.years_of_experience 
    from
        tutor_profiles tp1_0 
    where
        tp1_0.status=?
Hibernate: 
    select
        tp1_0.id,
        tp1_0.average_rating,
        tp1_0.bio,
        tp1_0.created_at,
        tp1_0.hourly_rate,
        tp1_0.status,
        tp1_0.subject,
        tp1_0.total_sessions,
        tp1_0.updated_at,
        tp1_0.user_id,
        tp1_0.years_of_experience 
    from
        tutor_profiles tp1_0 
    where
        tp1_0.user_id=?
Hibernate: 
    insert 
    into
        tutor_profiles
        (average_rating, bio, created_at, hourly_rate, status, subject, total_sessions, updated_at, user_id, years_of_experience, id) 
    values
        (?, ?, ?, ?, ?, ?, ?, ?, ?, ?, default)
Hibernate: 
    insert 
    into
        tutor_subjects
        (tutor_id, subject_name) 
    values
        (?, ?)
Hibernate: 
    insert 
    into
        tutor_subjects
        (tutor_id, subject_name) 
    values
        (?, ?)
Hibernate: 
    insert 
    into
        tutor_subjects
        (tutor_id, subject_name) 
    values
        (?, ?)
Hibernate: 
    select
        tp1_0.id,
        tp1_0.average_rating,
        tp1_0.bio,
        tp1_0.created_at,
        tp1_0.hourly_rate,
        tp1_0.status,
        tp1_0.subject,
        tp1_0.total_sessions,
        tp1_0.updated_at,
        tp1_0.user_id,
        tp1_0.years_of_experience 
    from
        tutor_profiles tp1_0 
    where
        tp1_0.id=?
Hibernate: 
    update
        tutor_profiles 
    set
        average_rating=?,
        bio=?,
        created_at=?,
        hourly_rate=?,
        status=?,
        subject=?,
        total_sessions=?,
        updated_at=?,
        user_id=?,
        years_of_experience=? 
    where
        id=?
Hibernate: 
    select
        s1_0.tutor_id,
        s1_0.subject_name 
    from
        tutor_subjects s1_0 
    where
        s1_0.tutor_id=?
Hibernate: 
    select
        tp1_0.id,
        tp1_0.average_rating,
        tp1_0.bio,
        tp1_0.created_at,
        tp1_0.hourly_rate,
        tp1_0.status,
        tp1_0.subject,
        tp1_0.total_sessions,
        tp1_0.updated_at,
        tp1_0.user_id,
        tp1_0.years_of_experience 
    from
        tutor_profiles tp1_0 
    where
        tp1_0.status=?
Failed to fetch user info for tutor 1: [403] during [GET] to [http://localhost:8081/api/users/1] [UserClient#getUserById(Long)]: []
Hibernate: 
    select
        s1_0.tutor_id,
        s1_0.subject_name 
    from
        tutor_subjects s1_0 
    where
        s1_0.tutor_id=?
Hibernate: 
    select
        tp1_0.id,
        tp1_0.average_rating,
        tp1_0.bio,
        tp1_0.created_at,
        tp1_0.hourly_rate,
        tp1_0.status,
        tp1_0.subject,
        tp1_0.total_sessions,
        tp1_0.updated_at,
        tp1_0.user_id,
        tp1_0.years_of_experience 
    from
        tutor_profiles tp1_0 
    where
        tp1_0.user_id=?
2026-05-08T23:34:30.465+05:30 ERROR 34523 --- [tutor-service] [nio-8082-exec-8] o.a.c.c.C.[.[.[/].[dispatcherServlet]    : Servlet.service() for servlet [dispatcherServlet] in context with path [] threw exception [Request processing failed: java.lang.RuntimeException: Profile already exists] with root cause

java.lang.RuntimeException: Profile already exists
	at com.tutoring.tutorservice.service.TutorService.createProfile(TutorService.java:37) ~[!/:1.0.0]
	at java.base/jdk.internal.reflect.NativeMethodAccessorImpl.invoke0(Native Method) ~[na:na]
	at java.base/jdk.internal.reflect.NativeMethodAccessorImpl.invoke(NativeMethodAccessorImpl.java:77) ~[na:na]
	at java.base/jdk.internal.reflect.DelegatingMethodAccessorImpl.invoke(DelegatingMethodAccessorImpl.java:43) ~[na:na]
	at java.base/java.lang.reflect.Method.invoke(Method.java:569) ~[na:na]
	at org.springframework.aop.support.AopUtils.invokeJoinpointUsingReflection(AopUtils.java:352) ~[spring-aop-6.1.1.jar!/:6.1.1]
	at org.springframework.aop.framework.CglibAopProxy$DynamicAdvisedInterceptor.intercept(CglibAopProxy.java:713) ~[spring-aop-6.1.1.jar!/:6.1.1]
	at com.tutoring.tutorservice.service.TutorService$$SpringCGLIB$$0.createProfile(<generated>) ~[!/:1.0.0]
	at com.tutoring.tutorservice.controller.TutorController.createProfile(TutorController.java:25) ~[!/:1.0.0]
	at java.base/jdk.internal.reflect.NativeMethodAccessorImpl.invoke0(Native Method) ~[na:na]
	at java.base/jdk.internal.reflect.NativeMethodAccessorImpl.invoke(NativeMethodAccessorImpl.java:77) ~[na:na]
	at java.base/jdk.internal.reflect.DelegatingMethodAccessorImpl.invoke(DelegatingMethodAccessorImpl.java:43) ~[na:na]
	at java.base/java.lang.reflect.Method.invoke(Method.java:569) ~[na:na]
	at org.springframework.web.method.support.InvocableHandlerMethod.doInvoke(InvocableHandlerMethod.java:254) ~[spring-web-6.1.1.jar!/:6.1.1]
	at org.springframework.web.method.support.InvocableHandlerMethod.invokeForRequest(InvocableHandlerMethod.java:182) ~[spring-web-6.1.1.jar!/:6.1.1]
	at org.springframework.web.servlet.mvc.method.annotation.ServletInvocableHandlerMethod.invokeAndHandle(ServletInvocableHandlerMethod.java:118) ~[spring-webmvc-6.1.1.jar!/:6.1.1]
	at org.springframework.web.servlet.mvc.method.annotation.RequestMappingHandlerAdapter.invokeHandlerMethod(RequestMappingHandlerAdapter.java:917) ~[spring-webmvc-6.1.1.jar!/:6.1.1]
	at org.springframework.web.servlet.mvc.method.annotation.RequestMappingHandlerAdapter.handleInternal(RequestMappingHandlerAdapter.java:829) ~[spring-webmvc-6.1.1.jar!/:6.1.1]
	at org.springframework.web.servlet.mvc.method.AbstractHandlerMethodAdapter.handle(AbstractHandlerMethodAdapter.java:87) ~[spring-webmvc-6.1.1.jar!/:6.1.1]
	at org.springframework.web.servlet.DispatcherServlet.doDispatch(DispatcherServlet.java:1089) ~[spring-webmvc-6.1.1.jar!/:6.1.1]
	at org.springframework.web.servlet.DispatcherServlet.doService(DispatcherServlet.java:979) ~[spring-webmvc-6.1.1.jar!/:6.1.1]
	at org.springframework.web.servlet.FrameworkServlet.processRequest(FrameworkServlet.java:1014) ~[spring-webmvc-6.1.1.jar!/:6.1.1]
	at org.springframework.web.servlet.FrameworkServlet.doPost(FrameworkServlet.java:914) ~[spring-webmvc-6.1.1.jar!/:6.1.1]
	at jakarta.servlet.http.HttpServlet.service(HttpServlet.java:590) ~[tomcat-embed-core-10.1.16.jar!/:na]
	at org.springframework.web.servlet.FrameworkServlet.service(FrameworkServlet.java:885) ~[spring-webmvc-6.1.1.jar!/:6.1.1]
	at jakarta.servlet.http.HttpServlet.service(HttpServlet.java:658) ~[tomcat-embed-core-10.1.16.jar!/:na]
	at org.apache.catalina.core.ApplicationFilterChain.internalDoFilter(ApplicationFilterChain.java:205) ~[tomcat-embed-core-10.1.16.jar!/:na]
	at org.apache.catalina.core.ApplicationFilterChain.doFilter(ApplicationFilterChain.java:149) ~[tomcat-embed-core-10.1.16.jar!/:na]
	at org.apache.tomcat.websocket.server.WsFilter.doFilter(WsFilter.java:51) ~[tomcat-embed-websocket-10.1.16.jar!/:na]
	at org.apache.catalina.core.ApplicationFilterChain.internalDoFilter(ApplicationFilterChain.java:174) ~[tomcat-embed-core-10.1.16.jar!/:na]
	at org.apache.catalina.core.ApplicationFilterChain.doFilter(ApplicationFilterChain.java:149) ~[tomcat-embed-core-10.1.16.jar!/:na]
	at org.springframework.security.web.FilterChainProxy.lambda$doFilterInternal$3(FilterChainProxy.java:231) ~[spring-security-web-6.2.0.jar!/:6.2.0]
	at org.springframework.security.web.ObservationFilterChainDecorator$FilterObservation$SimpleFilterObservation.lambda$wrap$1(ObservationFilterChainDecorator.java:479) ~[spring-security-web-6.2.0.jar!/:6.2.0]
	at org.springframework.security.web.ObservationFilterChainDecorator$AroundFilterObservation$SimpleAroundFilterObservation.lambda$wrap$1(ObservationFilterChainDecorator.java:340) ~[spring-security-web-6.2.0.jar!/:6.2.0]
	at org.springframework.security.web.ObservationFilterChainDecorator.lambda$wrapSecured$0(ObservationFilterChainDecorator.java:82) ~[spring-security-web-6.2.0.jar!/:6.2.0]
	at org.springframework.security.web.ObservationFilterChainDecorator$VirtualFilterChain.doFilter(ObservationFilterChainDecorator.java:128) ~[spring-security-web-6.2.0.jar!/:6.2.0]
	at org.springframework.security.web.access.intercept.AuthorizationFilter.doFilter(AuthorizationFilter.java:100) ~[spring-security-web-6.2.0.jar!/:6.2.0]
	at org.springframework.security.web.ObservationFilterChainDecorator$ObservationFilter.wrapFilter(ObservationFilterChainDecorator.java:240) ~[spring-security-web-6.2.0.jar!/:6.2.0]
	at org.springframework.security.web.ObservationFilterChainDecorator$ObservationFilter.doFilter(ObservationFilterChainDecorator.java:227) ~[spring-security-web-6.2.0.jar!/:6.2.0]
	at org.springframework.security.web.ObservationFilterChainDecorator$VirtualFilterChain.doFilter(ObservationFilterChainDecorator.java:137) ~[spring-security-web-6.2.0.jar!/:6.2.0]
	at org.springframework.security.web.access.ExceptionTranslationFilter.doFilter(ExceptionTranslationFilter.java:126) ~[spring-security-web-6.2.0.jar!/:6.2.0]
	at org.springframework.security.web.access.ExceptionTranslationFilter.doFilter(ExceptionTranslationFilter.java:120) ~[spring-security-web-6.2.0.jar!/:6.2.0]
	at org.springframework.security.web.ObservationFilterChainDecorator$ObservationFilter.wrapFilter(ObservationFilterChainDecorator.java:240) ~[spring-security-web-6.2.0.jar!/:6.2.0]
	at org.springframework.security.web.ObservationFilterChainDecorator$ObservationFilter.doFilter(ObservationFilterChainDecorator.java:227) ~[spring-security-web-6.2.0.jar!/:6.2.0]
	at org.springframework.security.web.ObservationFilterChainDecorator$VirtualFilterChain.doFilter(ObservationFilterChainDecorator.java:137) ~[spring-security-web-6.2.0.jar!/:6.2.0]
	at org.springframework.security.web.authentication.AnonymousAuthenticationFilter.doFilter(AnonymousAuthenticationFilter.java:100) ~[spring-security-web-6.2.0.jar!/:6.2.0]
	at org.springframework.security.web.ObservationFilterChainDecorator$ObservationFilter.wrapFilter(ObservationFilterChainDecorator.java:240) ~[spring-security-web-6.2.0.jar!/:6.2.0]
	at org.springframework.security.web.ObservationFilterChainDecorator$ObservationFilter.doFilter(ObservationFilterChainDecorator.java:227) ~[spring-security-web-6.2.0.jar!/:6.2.0]
	at org.springframework.security.web.ObservationFilterChainDecorator$VirtualFilterChain.doFilter(ObservationFilterChainDecorator.java:137) ~[spring-security-web-6.2.0.jar!/:6.2.0]
	at org.springframework.security.web.servletapi.SecurityContextHolderAwareRequestFilter.doFilter(SecurityContextHolderAwareRequestFilter.java:179) ~[spring-security-web-6.2.0.jar!/:6.2.0]
	at org.springframework.security.web.ObservationFilterChainDecorator$ObservationFilter.wrapFilter(ObservationFilterChainDecorator.java:240) ~[spring-security-web-6.2.0.jar!/:6.2.0]
	at org.springframework.security.web.ObservationFilterChainDecorator$ObservationFilter.doFilter(ObservationFilterChainDecorator.java:227) ~[spring-security-web-6.2.0.jar!/:6.2.0]
	at org.springframework.security.web.ObservationFilterChainDecorator$VirtualFilterChain.doFilter(ObservationFilterChainDecorator.java:137) ~[spring-security-web-6.2.0.jar!/:6.2.0]
	at org.springframework.security.web.savedrequest.RequestCacheAwareFilter.doFilter(RequestCacheAwareFilter.java:63) ~[spring-security-web-6.2.0.jar!/:6.2.0]
	at org.springframework.security.web.ObservationFilterChainDecorator$ObservationFilter.wrapFilter(ObservationFilterChainDecorator.java:240) ~[spring-security-web-6.2.0.jar!/:6.2.0]
	at org.springframework.security.web.ObservationFilterChainDecorator$ObservationFilter.doFilter(ObservationFilterChainDecorator.java:227) ~[spring-security-web-6.2.0.jar!/:6.2.0]
	at org.springframework.security.web.ObservationFilterChainDecorator$VirtualFilterChain.doFilter(ObservationFilterChainDecorator.java:137) ~[spring-security-web-6.2.0.jar!/:6.2.0]
	at org.springframework.security.web.authentication.logout.LogoutFilter.doFilter(LogoutFilter.java:107) ~[spring-security-web-6.2.0.jar!/:6.2.0]
	at org.springframework.security.web.authentication.logout.LogoutFilter.doFilter(LogoutFilter.java:93) ~[spring-security-web-6.2.0.jar!/:6.2.0]
	at org.springframework.security.web.ObservationFilterChainDecorator$ObservationFilter.wrapFilter(ObservationFilterChainDecorator.java:240) ~[spring-security-web-6.2.0.jar!/:6.2.0]
	at org.springframework.security.web.ObservationFilterChainDecorator$ObservationFilter.doFilter(ObservationFilterChainDecorator.java:227) ~[spring-security-web-6.2.0.jar!/:6.2.0]
	at org.springframework.security.web.ObservationFilterChainDecorator$VirtualFilterChain.doFilter(ObservationFilterChainDecorator.java:137) ~[spring-security-web-6.2.0.jar!/:6.2.0]
	at org.springframework.web.filter.CorsFilter.doFilterInternal(CorsFilter.java:91) ~[spring-web-6.1.1.jar!/:6.1.1]
	at org.springframework.web.filter.OncePerRequestFilter.doFilter(OncePerRequestFilter.java:116) ~[spring-web-6.1.1.jar!/:6.1.1]
	at org.springframework.security.web.ObservationFilterChainDecorator$ObservationFilter.wrapFilter(ObservationFilterChainDecorator.java:240) ~[spring-security-web-6.2.0.jar!/:6.2.0]
	at org.springframework.security.web.ObservationFilterChainDecorator$ObservationFilter.doFilter(ObservationFilterChainDecorator.java:227) ~[spring-security-web-6.2.0.jar!/:6.2.0]
	at org.springframework.security.web.ObservationFilterChainDecorator$VirtualFilterChain.doFilter(ObservationFilterChainDecorator.java:137) ~[spring-security-web-6.2.0.jar!/:6.2.0]
	at org.springframework.security.web.header.HeaderWriterFilter.doHeadersAfter(HeaderWriterFilter.java:90) ~[spring-security-web-6.2.0.jar!/:6.2.0]
	at org.springframework.security.web.header.HeaderWriterFilter.doFilterInternal(HeaderWriterFilter.java:75) ~[spring-security-web-6.2.0.jar!/:6.2.0]
	at org.springframework.web.filter.OncePerRequestFilter.doFilter(OncePerRequestFilter.java:116) ~[spring-web-6.1.1.jar!/:6.1.1]
	at org.springframework.security.web.ObservationFilterChainDecorator$ObservationFilter.wrapFilter(ObservationFilterChainDecorator.java:240) ~[spring-security-web-6.2.0.jar!/:6.2.0]
	at org.springframework.security.web.ObservationFilterChainDecorator$ObservationFilter.doFilter(ObservationFilterChainDecorator.java:227) ~[spring-security-web-6.2.0.jar!/:6.2.0]
	at org.springframework.security.web.ObservationFilterChainDecorator$VirtualFilterChain.doFilter(ObservationFilterChainDecorator.java:137) ~[spring-security-web-6.2.0.jar!/:6.2.0]
	at org.springframework.security.web.context.SecurityContextHolderFilter.doFilter(SecurityContextHolderFilter.java:82) ~[spring-security-web-6.2.0.jar!/:6.2.0]
	at org.springframework.security.web.context.SecurityContextHolderFilter.doFilter(SecurityContextHolderFilter.java:69) ~[spring-security-web-6.2.0.jar!/:6.2.0]
	at org.springframework.security.web.ObservationFilterChainDecorator$ObservationFilter.wrapFilter(ObservationFilterChainDecorator.java:240) ~[spring-security-web-6.2.0.jar!/:6.2.0]
	at org.springframework.security.web.ObservationFilterChainDecorator$ObservationFilter.doFilter(ObservationFilterChainDecorator.java:227) ~[spring-security-web-6.2.0.jar!/:6.2.0]
	at org.springframework.security.web.ObservationFilterChainDecorator$VirtualFilterChain.doFilter(ObservationFilterChainDecorator.java:137) ~[spring-security-web-6.2.0.jar!/:6.2.0]
	at org.springframework.security.web.context.request.async.WebAsyncManagerIntegrationFilter.doFilterInternal(WebAsyncManagerIntegrationFilter.java:62) ~[spring-security-web-6.2.0.jar!/:6.2.0]
	at org.springframework.web.filter.OncePerRequestFilter.doFilter(OncePerRequestFilter.java:116) ~[spring-web-6.1.1.jar!/:6.1.1]
	at org.springframework.security.web.ObservationFilterChainDecorator$ObservationFilter.wrapFilter(ObservationFilterChainDecorator.java:240) ~[spring-security-web-6.2.0.jar!/:6.2.0]
	at org.springframework.security.web.ObservationFilterChainDecorator$ObservationFilter.doFilter(ObservationFilterChainDecorator.java:227) ~[spring-security-web-6.2.0.jar!/:6.2.0]
	at org.springframework.security.web.ObservationFilterChainDecorator$VirtualFilterChain.doFilter(ObservationFilterChainDecorator.java:137) ~[spring-security-web-6.2.0.jar!/:6.2.0]
	at org.springframework.security.web.session.DisableEncodeUrlFilter.doFilterInternal(DisableEncodeUrlFilter.java:42) ~[spring-security-web-6.2.0.jar!/:6.2.0]
	at org.springframework.web.filter.OncePerRequestFilter.doFilter(OncePerRequestFilter.java:116) ~[spring-web-6.1.1.jar!/:6.1.1]
	at org.springframework.security.web.ObservationFilterChainDecorator$ObservationFilter.wrapFilter(ObservationFilterChainDecorator.java:240) ~[spring-security-web-6.2.0.jar!/:6.2.0]
	at org.springframework.security.web.ObservationFilterChainDecorator$AroundFilterObservation$SimpleAroundFilterObservation.lambda$wrap$0(ObservationFilterChainDecorator.java:323) ~[spring-security-web-6.2.0.jar!/:6.2.0]
	at org.springframework.security.web.ObservationFilterChainDecorator$ObservationFilter.doFilter(ObservationFilterChainDecorator.java:224) ~[spring-security-web-6.2.0.jar!/:6.2.0]
	at org.springframework.security.web.ObservationFilterChainDecorator$VirtualFilterChain.doFilter(ObservationFilterChainDecorator.java:137) ~[spring-security-web-6.2.0.jar!/:6.2.0]
	at org.springframework.security.web.FilterChainProxy.doFilterInternal(FilterChainProxy.java:233) ~[spring-security-web-6.2.0.jar!/:6.2.0]
	at org.springframework.security.web.FilterChainProxy.doFilter(FilterChainProxy.java:191) ~[spring-security-web-6.2.0.jar!/:6.2.0]
	at org.springframework.web.filter.DelegatingFilterProxy.invokeDelegate(DelegatingFilterProxy.java:352) ~[spring-web-6.1.1.jar!/:6.1.1]
	at org.springframework.web.filter.DelegatingFilterProxy.doFilter(DelegatingFilterProxy.java:268) ~[spring-web-6.1.1.jar!/:6.1.1]
	at org.apache.catalina.core.ApplicationFilterChain.internalDoFilter(ApplicationFilterChain.java:174) ~[tomcat-embed-core-10.1.16.jar!/:na]
	at org.apache.catalina.core.ApplicationFilterChain.doFilter(ApplicationFilterChain.java:149) ~[tomcat-embed-core-10.1.16.jar!/:na]
	at org.springframework.web.filter.RequestContextFilter.doFilterInternal(RequestContextFilter.java:100) ~[spring-web-6.1.1.jar!/:6.1.1]
	at org.springframework.web.filter.OncePerRequestFilter.doFilter(OncePerRequestFilter.java:116) ~[spring-web-6.1.1.jar!/:6.1.1]
	at org.apache.catalina.core.ApplicationFilterChain.internalDoFilter(ApplicationFilterChain.java:174) ~[tomcat-embed-core-10.1.16.jar!/:na]
	at org.apache.catalina.core.ApplicationFilterChain.doFilter(ApplicationFilterChain.java:149) ~[tomcat-embed-core-10.1.16.jar!/:na]
	at org.springframework.web.filter.FormContentFilter.doFilterInternal(FormContentFilter.java:93) ~[spring-web-6.1.1.jar!/:6.1.1]
	at org.springframework.web.filter.OncePerRequestFilter.doFilter(OncePerRequestFilter.java:116) ~[spring-web-6.1.1.jar!/:6.1.1]
	at org.apache.catalina.core.ApplicationFilterChain.internalDoFilter(ApplicationFilterChain.java:174) ~[tomcat-embed-core-10.1.16.jar!/:na]
	at org.apache.catalina.core.ApplicationFilterChain.doFilter(ApplicationFilterChain.java:149) ~[tomcat-embed-core-10.1.16.jar!/:na]
	at org.springframework.web.filter.ServerHttpObservationFilter.doFilterInternal(ServerHttpObservationFilter.java:109) ~[spring-web-6.1.1.jar!/:6.1.1]
	at org.springframework.web.filter.OncePerRequestFilter.doFilter(OncePerRequestFilter.java:116) ~[spring-web-6.1.1.jar!/:6.1.1]
	at org.apache.catalina.core.ApplicationFilterChain.internalDoFilter(ApplicationFilterChain.java:174) ~[tomcat-embed-core-10.1.16.jar!/:na]
	at org.apache.catalina.core.ApplicationFilterChain.doFilter(ApplicationFilterChain.java:149) ~[tomcat-embed-core-10.1.16.jar!/:na]
	at org.springframework.web.filter.CharacterEncodingFilter.doFilterInternal(CharacterEncodingFilter.java:201) ~[spring-web-6.1.1.jar!/:6.1.1]
	at org.springframework.web.filter.OncePerRequestFilter.doFilter(OncePerRequestFilter.java:116) ~[spring-web-6.1.1.jar!/:6.1.1]
	at org.apache.catalina.core.ApplicationFilterChain.internalDoFilter(ApplicationFilterChain.java:174) ~[tomcat-embed-core-10.1.16.jar!/:na]
	at org.apache.catalina.core.ApplicationFilterChain.doFilter(ApplicationFilterChain.java:149) ~[tomcat-embed-core-10.1.16.jar!/:na]
	at org.apache.catalina.core.StandardWrapperValve.invoke(StandardWrapperValve.java:167) ~[tomcat-embed-core-10.1.16.jar!/:na]
	at org.apache.catalina.core.StandardContextValve.invoke(StandardContextValve.java:90) ~[tomcat-embed-core-10.1.16.jar!/:na]
	at org.apache.catalina.authenticator.AuthenticatorBase.invoke(AuthenticatorBase.java:482) ~[tomcat-embed-core-10.1.16.jar!/:na]
	at org.apache.catalina.core.StandardHostValve.invoke(StandardHostValve.java:115) ~[tomcat-embed-core-10.1.16.jar!/:na]
	at org.apache.catalina.valves.ErrorReportValve.invoke(ErrorReportValve.java:93) ~[tomcat-embed-core-10.1.16.jar!/:na]
	at org.apache.catalina.core.StandardEngineValve.invoke(StandardEngineValve.java:74) ~[tomcat-embed-core-10.1.16.jar!/:na]
	at org.apache.catalina.connector.CoyoteAdapter.service(CoyoteAdapter.java:340) ~[tomcat-embed-core-10.1.16.jar!/:na]
	at org.apache.coyote.http11.Http11Processor.service(Http11Processor.java:391) ~[tomcat-embed-core-10.1.16.jar!/:na]
	at org.apache.coyote.AbstractProcessorLight.process(AbstractProcessorLight.java:63) ~[tomcat-embed-core-10.1.16.jar!/:na]
	at org.apache.coyote.AbstractProtocol$ConnectionHandler.process(AbstractProtocol.java:896) ~[tomcat-embed-core-10.1.16.jar!/:na]
	at org.apache.tomcat.util.net.NioEndpoint$SocketProcessor.doRun(NioEndpoint.java:1744) ~[tomcat-embed-core-10.1.16.jar!/:na]
	at org.apache.tomcat.util.net.SocketProcessorBase.run(SocketProcessorBase.java:52) ~[tomcat-embed-core-10.1.16.jar!/:na]
	at org.apache.tomcat.util.threads.ThreadPoolExecutor.runWorker(ThreadPoolExecutor.java:1191) ~[tomcat-embed-core-10.1.16.jar!/:na]
	at org.apache.tomcat.util.threads.ThreadPoolExecutor$Worker.run(ThreadPoolExecutor.java:659) ~[tomcat-embed-core-10.1.16.jar!/:na]
	at org.apache.tomcat.util.threads.TaskThread$WrappingRunnable.run(TaskThread.java:61) ~[tomcat-embed-core-10.1.16.jar!/:na]
	at java.base/java.lang.Thread.run(Thread.java:840) ~[na:na]

Hibernate: 
    select
        tp1_0.id,
        tp1_0.average_rating,
        tp1_0.bio,
        tp1_0.created_at,
        tp1_0.hourly_rate,
        tp1_0.status,
        tp1_0.subject,
        tp1_0.total_sessions,
        tp1_0.updated_at,
        tp1_0.user_id,
        tp1_0.years_of_experience 
    from
        tutor_profiles tp1_0 
    where
        tp1_0.status=?
Hibernate: 
    select
        tp1_0.id,
        tp1_0.average_rating,
        tp1_0.bio,
        tp1_0.created_at,
        tp1_0.hourly_rate,
        tp1_0.status,
        tp1_0.subject,
        tp1_0.total_sessions,
        tp1_0.updated_at,
        tp1_0.user_id,
        tp1_0.years_of_experience 
    from
        tutor_profiles tp1_0 
    where
        tp1_0.status=?
Hibernate: 
    select
        s1_0.tutor_id,
        s1_0.subject_name 
    from
        tutor_subjects s1_0 
    where
        s1_0.tutor_id=?
2026-05-08T23:35:24.190+05:30  INFO 34523 --- [tutor-service] [trap-executor-0] c.n.d.s.r.aws.ConfigClusterResolver      : Resolving eureka endpoints via configuration
Hibernate: 
    select
        tp1_0.id,
        tp1_0.average_rating,
        tp1_0.bio,
        tp1_0.created_at,
        tp1_0.hourly_rate,
        tp1_0.status,
        tp1_0.subject,
        tp1_0.total_sessions,
        tp1_0.updated_at,
        tp1_0.user_id,
        tp1_0.years_of_experience 
    from
        tutor_profiles tp1_0 
    where
        tp1_0.status=?
Hibernate: 
    select
        s1_0.tutor_id,
        s1_0.subject_name 
    from
        tutor_subjects s1_0 
    where
        s1_0.tutor_id=?
Hibernate: 
    select
        tp1_0.id,
        tp1_0.average_rating,
        tp1_0.bio,
        tp1_0.created_at,
        tp1_0.hourly_rate,
        tp1_0.status,
        tp1_0.subject,
        tp1_0.total_sessions,
        tp1_0.updated_at,
        tp1_0.user_id,
        tp1_0.years_of_experience 
    from
        tutor_profiles tp1_0 
    where
        tp1_0.status=?
Hibernate: 
    select
        s1_0.tutor_id,
        s1_0.subject_name 
    from
        tutor_subjects s1_0 
    where
        s1_0.tutor_id=?
Hibernate: 
    select
        tp1_0.id,
        tp1_0.average_rating,
        tp1_0.bio,
        tp1_0.created_at,
        tp1_0.hourly_rate,
        tp1_0.status,
        tp1_0.subject,
        tp1_0.total_sessions,
        tp1_0.updated_at,
        tp1_0.user_id,
        tp1_0.years_of_experience 
    from
        tutor_profiles tp1_0 
    where
        tp1_0.status=?
Hibernate: 
    select
        s1_0.tutor_id,
        s1_0.subject_name 
    from
        tutor_subjects s1_0 
    where
        s1_0.tutor_id=?
Hibernate: 
    select
        tp1_0.id,
        tp1_0.average_rating,
        tp1_0.bio,
        tp1_0.created_at,
        tp1_0.hourly_rate,
        tp1_0.status,
        tp1_0.subject,
        tp1_0.total_sessions,
        tp1_0.updated_at,
        tp1_0.user_id,
        tp1_0.years_of_experience 
    from
        tutor_profiles tp1_0 
    where
        tp1_0.status=?
Hibernate: 
    select
        s1_0.tutor_id,
        s1_0.subject_name 
    from
        tutor_subjects s1_0 
    where
        s1_0.tutor_id=?
Hibernate: 
    select
        tp1_0.id,
        tp1_0.average_rating,
        tp1_0.bio,
        tp1_0.created_at,
        tp1_0.hourly_rate,
        tp1_0.status,
        tp1_0.subject,
        tp1_0.total_sessions,
        tp1_0.updated_at,
        tp1_0.user_id,
        tp1_0.years_of_experience 
    from
        tutor_profiles tp1_0 
    where
        tp1_0.status=?
Hibernate: 
    select
        s1_0.tutor_id,
        s1_0.subject_name 
    from
        tutor_subjects s1_0 
    where
        s1_0.tutor_id=?
Hibernate: 
    select
        tp1_0.id,
        tp1_0.average_rating,
        tp1_0.bio,
        tp1_0.created_at,
        tp1_0.hourly_rate,
        tp1_0.status,
        tp1_0.subject,
        tp1_0.total_sessions,
        tp1_0.updated_at,
        tp1_0.user_id,
        tp1_0.years_of_experience 
    from
        tutor_profiles tp1_0 
    where
        tp1_0.status=?
Hibernate: 
    select
        s1_0.tutor_id,
        s1_0.subject_name 
    from
        tutor_subjects s1_0 
    where
        s1_0.tutor_id=?
Hibernate: 
    select
        tp1_0.id,
        tp1_0.average_rating,
        tp1_0.bio,
        tp1_0.created_at,
        tp1_0.hourly_rate,
        tp1_0.status,
        tp1_0.subject,
        tp1_0.total_sessions,
        tp1_0.updated_at,
        tp1_0.user_id,
        tp1_0.years_of_experience 
    from
        tutor_profiles tp1_0 
    where
        tp1_0.status=?
Hibernate: 
    select
        s1_0.tutor_id,
        s1_0.subject_name 
    from
        tutor_subjects s1_0 
    where
        s1_0.tutor_id=?
Hibernate: 
    select
        tp1_0.id,
        tp1_0.average_rating,
        tp1_0.bio,
        tp1_0.created_at,
        tp1_0.hourly_rate,
        tp1_0.status,
        tp1_0.subject,
        tp1_0.total_sessions,
        tp1_0.updated_at,
        tp1_0.user_id,
        tp1_0.years_of_experience 
    from
        tutor_profiles tp1_0 
    where
        tp1_0.status=?
Hibernate: 
    select
        s1_0.tutor_id,
        s1_0.subject_name 
    from
        tutor_subjects s1_0 
    where
        s1_0.tutor_id=?
Hibernate: 
    select
        tp1_0.id,
        tp1_0.average_rating,
        tp1_0.bio,
        tp1_0.created_at,
        tp1_0.hourly_rate,
        tp1_0.status,
        tp1_0.subject,
        tp1_0.total_sessions,
        tp1_0.updated_at,
        tp1_0.user_id,
        tp1_0.years_of_experience 
    from
        tutor_profiles tp1_0 
    where
        tp1_0.status=?
Hibernate: 
    select
        s1_0.tutor_id,
        s1_0.subject_name 
    from
        tutor_subjects s1_0 
    where
        s1_0.tutor_id=?
Hibernate: 
    select
        tp1_0.id,
        tp1_0.average_rating,
        tp1_0.bio,
        tp1_0.created_at,
        tp1_0.hourly_rate,
        tp1_0.status,
        tp1_0.subject,
        tp1_0.total_sessions,
        tp1_0.updated_at,
        tp1_0.user_id,
        tp1_0.years_of_experience 
    from
        tutor_profiles tp1_0 
    where
        tp1_0.status=?
Hibernate: 
    select
        s1_0.tutor_id,
        s1_0.subject_name 
    from
        tutor_subjects s1_0 
    where
        s1_0.tutor_id=?
Hibernate: 
    select
        tp1_0.id,
        tp1_0.average_rating,
        tp1_0.bio,
        tp1_0.created_at,
        tp1_0.hourly_rate,
        tp1_0.status,
        tp1_0.subject,
        tp1_0.total_sessions,
        tp1_0.updated_at,
        tp1_0.user_id,
        tp1_0.years_of_experience 
    from
        tutor_profiles tp1_0 
    where
        tp1_0.status=?
Hibernate: 
    select
        s1_0.tutor_id,
        s1_0.subject_name 
    from
        tutor_subjects s1_0 
    where
        s1_0.tutor_id=?
Hibernate: 
    select
        tp1_0.id,
        tp1_0.average_rating,
        tp1_0.bio,
        tp1_0.created_at,
        tp1_0.hourly_rate,
        tp1_0.status,
        tp1_0.subject,
        tp1_0.total_sessions,
        tp1_0.updated_at,
        tp1_0.user_id,
        tp1_0.years_of_experience 
    from
        tutor_profiles tp1_0 
    where
        tp1_0.status=?
Hibernate: 
    select
        s1_0.tutor_id,
        s1_0.subject_name 
    from
        tutor_subjects s1_0 
    where
        s1_0.tutor_id=?
Hibernate: 
    select
        tp1_0.id,
        tp1_0.average_rating,
        tp1_0.bio,
        tp1_0.created_at,
        tp1_0.hourly_rate,
        tp1_0.status,
        tp1_0.subject,
        tp1_0.total_sessions,
        tp1_0.updated_at,
        tp1_0.user_id,
        tp1_0.years_of_experience 
    from
        tutor_profiles tp1_0 
    where
        tp1_0.status=?
Hibernate: 
    select
        s1_0.tutor_id,
        s1_0.subject_name 
    from
        tutor_subjects s1_0 
    where
        s1_0.tutor_id=?
Hibernate: 
    select
        tp1_0.id,
        tp1_0.average_rating,
        tp1_0.bio,
        tp1_0.created_at,
        tp1_0.hourly_rate,
        tp1_0.status,
        tp1_0.subject,
        tp1_0.total_sessions,
        tp1_0.updated_at,
        tp1_0.user_id,
        tp1_0.years_of_experience 
    from
        tutor_profiles tp1_0 
    where
        tp1_0.status=?
Hibernate: 
    select
        s1_0.tutor_id,
        s1_0.subject_name 
    from
        tutor_subjects s1_0 
    where
        s1_0.tutor_id=?
Hibernate: 
    select
        tp1_0.id,
        tp1_0.average_rating,
        tp1_0.bio,
        tp1_0.created_at,
        tp1_0.hourly_rate,
        tp1_0.status,
        tp1_0.subject,
        tp1_0.total_sessions,
        tp1_0.updated_at,
        tp1_0.user_id,
        tp1_0.years_of_experience 
    from
        tutor_profiles tp1_0 
    where
        tp1_0.status=?
Hibernate: 
    select
        s1_0.tutor_id,
        s1_0.subject_name 
    from
        tutor_subjects s1_0 
    where
        s1_0.tutor_id=?
2026-05-08T23:40:24.195+05:30  INFO 34523 --- [tutor-service] [trap-executor-0] c.n.d.s.r.aws.ConfigClusterResolver      : Resolving eureka endpoints via configuration
2026-05-08T23:45:24.203+05:30  INFO 34523 --- [tutor-service] [trap-executor-0] c.n.d.s.r.aws.ConfigClusterResolver      : Resolving eureka endpoints via configuration
2026-05-08T23:50:24.209+05:30  INFO 34523 --- [tutor-service] [trap-executor-0] c.n.d.s.r.aws.ConfigClusterResolver      : Resolving eureka endpoints via configuration
2026-05-08T23:55:24.217+05:30  INFO 34523 --- [tutor-service] [trap-executor-0] c.n.d.s.r.aws.ConfigClusterResolver      : Resolving eureka endpoints via configuration
Hibernate: 
    select
        tp1_0.id,
        tp1_0.average_rating,
        tp1_0.bio,
        tp1_0.created_at,
        tp1_0.hourly_rate,
        tp1_0.status,
        tp1_0.subject,
        tp1_0.total_sessions,
        tp1_0.updated_at,
        tp1_0.user_id,
        tp1_0.years_of_experience 
    from
        tutor_profiles tp1_0 
    where
        tp1_0.status=?
Hibernate: 
    select
        s1_0.tutor_id,
        s1_0.subject_name 
    from
        tutor_subjects s1_0 
    where
        s1_0.tutor_id=?
Hibernate: 
    select
        tp1_0.id,
        tp1_0.average_rating,
        tp1_0.bio,
        tp1_0.created_at,
        tp1_0.hourly_rate,
        tp1_0.status,
        tp1_0.subject,
        tp1_0.total_sessions,
        tp1_0.updated_at,
        tp1_0.user_id,
        tp1_0.years_of_experience 
    from
        tutor_profiles tp1_0 
    where
        tp1_0.status=?
Hibernate: 
    select
        s1_0.tutor_id,
        s1_0.subject_name 
    from
        tutor_subjects s1_0 
    where
        s1_0.tutor_id=?
2026-05-09T00:00:24.227+05:30  INFO 34523 --- [tutor-service] [trap-executor-0] c.n.d.s.r.aws.ConfigClusterResolver      : Resolving eureka endpoints via configuration
2026-05-09T00:05:24.236+05:30  INFO 34523 --- [tutor-service] [trap-executor-0] c.n.d.s.r.aws.ConfigClusterResolver      : Resolving eureka endpoints via configuration
2026-05-09T00:10:24.245+05:30  INFO 34523 --- [tutor-service] [trap-executor-0] c.n.d.s.r.aws.ConfigClusterResolver      : Resolving eureka endpoints via configuration
2026-05-09T00:15:24.251+05:30  INFO 34523 --- [tutor-service] [trap-executor-0] c.n.d.s.r.aws.ConfigClusterResolver      : Resolving eureka endpoints via configuration
2026-05-09T00:20:24.261+05:30  INFO 34523 --- [tutor-service] [trap-executor-0] c.n.d.s.r.aws.ConfigClusterResolver      : Resolving eureka endpoints via configuration
2026-05-09T00:25:24.269+05:30  INFO 34523 --- [tutor-service] [trap-executor-0] c.n.d.s.r.aws.ConfigClusterResolver      : Resolving eureka endpoints via configuration
2026-05-09T00:30:24.273+05:30  INFO 34523 --- [tutor-service] [trap-executor-0] c.n.d.s.r.aws.ConfigClusterResolver      : Resolving eureka endpoints via configuration
2026-05-09T00:35:24.281+05:30  INFO 34523 --- [tutor-service] [trap-executor-0] c.n.d.s.r.aws.ConfigClusterResolver      : Resolving eureka endpoints via configuration
2026-05-09T00:40:24.288+05:30  INFO 34523 --- [tutor-service] [trap-executor-0] c.n.d.s.r.aws.ConfigClusterResolver      : Resolving eureka endpoints via configuration
2026-05-09T00:45:24.246+05:30  INFO 34523 --- [tutor-service] [trap-executor-0] c.n.d.s.r.aws.ConfigClusterResolver      : Resolving eureka endpoints via configuration
2026-05-09T00:50:24.256+05:30  INFO 34523 --- [tutor-service] [trap-executor-0] c.n.d.s.r.aws.ConfigClusterResolver      : Resolving eureka endpoints via configuration
2026-05-09T00:55:24.264+05:30  INFO 34523 --- [tutor-service] [trap-executor-0] c.n.d.s.r.aws.ConfigClusterResolver      : Resolving eureka endpoints via configuration
2026-05-09T02:06:06.640+05:30  WARN 34523 --- [tutor-service] [l-1 housekeeper] com.zaxxer.hikari.pool.HikariPool        : HikariPool-1 - Thread starvation or clock leap detected (housekeeper delta=1h10m16s225ms).
2026-05-09T03:46:45.981+05:30  WARN 34523 --- [tutor-service] [l-1 housekeeper] com.zaxxer.hikari.pool.HikariPool        : HikariPool-1 - Thread starvation or clock leap detected (housekeeper delta=1h40m39s342ms).
2026-05-09T05:20:13.417+05:30  WARN 34523 --- [tutor-service] [l-1 housekeeper] com.zaxxer.hikari.pool.HikariPool        : HikariPool-1 - Thread starvation or clock leap detected (housekeeper delta=1h33m27s436ms).
2026-05-09T05:20:19.349+05:30  INFO 34523 --- [tutor-service] [tbeatExecutor-0] com.netflix.discovery.DiscoveryClient    : DiscoveryClient_TUTOR-SERVICE/tutor-service:8082 - Re-registering apps/TUTOR-SERVICE
2026-05-09T05:20:19.349+05:30  INFO 34523 --- [tutor-service] [tbeatExecutor-0] com.netflix.discovery.DiscoveryClient    : DiscoveryClient_TUTOR-SERVICE/tutor-service:8082: registering service...
2026-05-09T05:20:19.362+05:30  INFO 34523 --- [tutor-service] [tbeatExecutor-0] com.netflix.discovery.DiscoveryClient    : DiscoveryClient_TUTOR-SERVICE/tutor-service:8082 - registration status: 204
2026-05-09T06:42:39.760+05:30  WARN 34523 --- [tutor-service] [l-1 housekeeper] com.zaxxer.hikari.pool.HikariPool        : HikariPool-1 - Thread starvation or clock leap detected (housekeeper delta=1h22m26s342ms).
2026-05-09T07:53:49.903+05:30  WARN 34523 --- [tutor-service] [l-1 housekeeper] com.zaxxer.hikari.pool.HikariPool        : HikariPool-1 - Thread starvation or clock leap detected (housekeeper delta=1h11m10s143ms).
2026-05-09T09:03:19.582+05:30  WARN 34523 --- [tutor-service] [l-1 housekeeper] com.zaxxer.hikari.pool.HikariPool        : HikariPool-1 - Thread starvation or clock leap detected (housekeeper delta=1h9m29s680ms).
2026-05-09T10:23:23.017+05:30  WARN 34523 --- [tutor-service] [l-1 housekeeper] com.zaxxer.hikari.pool.HikariPool        : HikariPool-1 - Thread starvation or clock leap detected (housekeeper delta=1h20m3s435ms).
2026-05-09T10:31:56.715+05:30  WARN 34523 --- [tutor-service] [l-1 housekeeper] com.zaxxer.hikari.pool.HikariPool        : HikariPool-1 - Thread starvation or clock leap detected (housekeeper delta=8m33s697ms).
2026-05-09T10:32:30.509+05:30  INFO 34523 --- [tutor-service] [trap-executor-0] c.n.d.s.r.aws.ConfigClusterResolver      : Resolving eureka endpoints via configuration
2026-05-09T10:37:30.518+05:30  INFO 34523 --- [tutor-service] [trap-executor-0] c.n.d.s.r.aws.ConfigClusterResolver      : Resolving eureka endpoints via configuration
2026-05-09T10:42:30.520+05:30  INFO 34523 --- [tutor-service] [trap-executor-0] c.n.d.s.r.aws.ConfigClusterResolver      : Resolving eureka endpoints via configuration
2026-05-09T10:47:30.527+05:30  INFO 34523 --- [tutor-service] [trap-executor-0] c.n.d.s.r.aws.ConfigClusterResolver      : Resolving eureka endpoints via configuration
2026-05-09T10:52:30.538+05:30  INFO 34523 --- [tutor-service] [trap-executor-0] c.n.d.s.r.aws.ConfigClusterResolver      : Resolving eureka endpoints via configuration
2026-05-09T10:57:30.548+05:30  INFO 34523 --- [tutor-service] [trap-executor-0] c.n.d.s.r.aws.ConfigClusterResolver      : Resolving eureka endpoints via configuration
2026-05-09T11:02:30.560+05:30  INFO 34523 --- [tutor-service] [trap-executor-0] c.n.d.s.r.aws.ConfigClusterResolver      : Resolving eureka endpoints via configuration
2026-05-09T11:07:30.570+05:30  INFO 34523 --- [tutor-service] [trap-executor-0] c.n.d.s.r.aws.ConfigClusterResolver      : Resolving eureka endpoints via configuration
2026-05-09T11:12:30.599+05:30  INFO 34523 --- [tutor-service] [trap-executor-0] c.n.d.s.r.aws.ConfigClusterResolver      : Resolving eureka endpoints via configuration
2026-05-09T11:17:30.610+05:30  INFO 34523 --- [tutor-service] [trap-executor-0] c.n.d.s.r.aws.ConfigClusterResolver      : Resolving eureka endpoints via configuration
2026-05-09T11:22:30.620+05:30  INFO 34523 --- [tutor-service] [trap-executor-0] c.n.d.s.r.aws.ConfigClusterResolver      : Resolving eureka endpoints via configuration
2026-05-09T11:27:30.629+05:30  INFO 34523 --- [tutor-service] [trap-executor-0] c.n.d.s.r.aws.ConfigClusterResolver      : Resolving eureka endpoints via configuration
2026-05-09T11:32:30.639+05:30  INFO 34523 --- [tutor-service] [trap-executor-0] c.n.d.s.r.aws.ConfigClusterResolver      : Resolving eureka endpoints via configuration
2026-05-09T11:37:30.651+05:30  INFO 34523 --- [tutor-service] [trap-executor-0] c.n.d.s.r.aws.ConfigClusterResolver      : Resolving eureka endpoints via configuration
2026-05-09T11:42:30.627+05:30  INFO 34523 --- [tutor-service] [trap-executor-0] c.n.d.s.r.aws.ConfigClusterResolver      : Resolving eureka endpoints via configuration
2026-05-09T11:47:30.637+05:30  INFO 34523 --- [tutor-service] [trap-executor-0] c.n.d.s.r.aws.ConfigClusterResolver      : Resolving eureka endpoints via configuration
2026-05-09T11:52:30.642+05:30  INFO 34523 --- [tutor-service] [trap-executor-0] c.n.d.s.r.aws.ConfigClusterResolver      : Resolving eureka endpoints via configuration
2026-05-09T11:57:30.646+05:30  INFO 34523 --- [tutor-service] [trap-executor-0] c.n.d.s.r.aws.ConfigClusterResolver      : Resolving eureka endpoints via configuration
2026-05-09T12:02:30.659+05:30  INFO 34523 --- [tutor-service] [trap-executor-0] c.n.d.s.r.aws.ConfigClusterResolver      : Resolving eureka endpoints via configuration
2026-05-09T12:07:30.668+05:30  INFO 34523 --- [tutor-service] [trap-executor-0] c.n.d.s.r.aws.ConfigClusterResolver      : Resolving eureka endpoints via configuration
2026-05-09T12:12:30.698+05:30  INFO 34523 --- [tutor-service] [trap-executor-0] c.n.d.s.r.aws.ConfigClusterResolver      : Resolving eureka endpoints via configuration
2026-05-09T12:17:30.708+05:30  INFO 34523 --- [tutor-service] [trap-executor-0] c.n.d.s.r.aws.ConfigClusterResolver      : Resolving eureka endpoints via configuration
2026-05-09T12:22:30.718+05:30  INFO 34523 --- [tutor-service] [trap-executor-0] c.n.d.s.r.aws.ConfigClusterResolver      : Resolving eureka endpoints via configuration
2026-05-09T12:27:30.696+05:30  INFO 34523 --- [tutor-service] [trap-executor-0] c.n.d.s.r.aws.ConfigClusterResolver      : Resolving eureka endpoints via configuration
2026-05-09T12:32:30.701+05:30  INFO 34523 --- [tutor-service] [trap-executor-0] c.n.d.s.r.aws.ConfigClusterResolver      : Resolving eureka endpoints via configuration
2026-05-09T12:37:30.710+05:30  INFO 34523 --- [tutor-service] [trap-executor-0] c.n.d.s.r.aws.ConfigClusterResolver      : Resolving eureka endpoints via configuration
2026-05-09T12:42:30.689+05:30  INFO 34523 --- [tutor-service] [trap-executor-0] c.n.d.s.r.aws.ConfigClusterResolver      : Resolving eureka endpoints via configuration
2026-05-09T12:47:30.696+05:30  INFO 34523 --- [tutor-service] [trap-executor-0] c.n.d.s.r.aws.ConfigClusterResolver      : Resolving eureka endpoints via configuration
2026-05-09T12:52:30.701+05:30  INFO 34523 --- [tutor-service] [trap-executor-0] c.n.d.s.r.aws.ConfigClusterResolver      : Resolving eureka endpoints via configuration
2026-05-09T12:57:30.708+05:30  INFO 34523 --- [tutor-service] [trap-executor-0] c.n.d.s.r.aws.ConfigClusterResolver      : Resolving eureka endpoints via configuration
2026-05-09T13:02:30.717+05:30  INFO 34523 --- [tutor-service] [trap-executor-0] c.n.d.s.r.aws.ConfigClusterResolver      : Resolving eureka endpoints via configuration
2026-05-09T13:07:30.725+05:30  INFO 34523 --- [tutor-service] [trap-executor-0] c.n.d.s.r.aws.ConfigClusterResolver      : Resolving eureka endpoints via configuration
2026-05-09T13:12:30.732+05:30  INFO 34523 --- [tutor-service] [trap-executor-0] c.n.d.s.r.aws.ConfigClusterResolver      : Resolving eureka endpoints via configuration
2026-05-09T13:17:30.739+05:30  INFO 34523 --- [tutor-service] [trap-executor-0] c.n.d.s.r.aws.ConfigClusterResolver      : Resolving eureka endpoints via configuration
2026-05-09T13:22:30.744+05:30  INFO 34523 --- [tutor-service] [trap-executor-0] c.n.d.s.r.aws.ConfigClusterResolver      : Resolving eureka endpoints via configuration
2026-05-09T13:27:30.801+05:30  INFO 34523 --- [tutor-service] [trap-executor-0] c.n.d.s.r.aws.ConfigClusterResolver      : Resolving eureka endpoints via configuration
2026-05-09T13:32:30.811+05:30  INFO 34523 --- [tutor-service] [trap-executor-0] c.n.d.s.r.aws.ConfigClusterResolver      : Resolving eureka endpoints via configuration
2026-05-09T13:37:30.821+05:30  INFO 34523 --- [tutor-service] [trap-executor-0] c.n.d.s.r.aws.ConfigClusterResolver      : Resolving eureka endpoints via configuration
