
  .   ____          _            __ _ _
 /\\ / ___'_ __ _ _(_)_ __  __ _ \ \ \ \
( ( )\___ | '_ | '_| | '_ \/ _` | \ \ \ \
 \\/  ___)| |_)| | | | | || (_| |  ) ) ) )
  '  |____| .__|_| |_|_| |_\__, | / / / /
 =========|_|==============|___/=/_/_/_/
 :: Spring Boot ::                (v3.2.0)

2026-05-08T22:34:24.525+05:30  INFO 13187 --- [session-service] [           main] c.t.s.SessionServiceApplication          : Starting SessionServiceApplication v1.0.0 using Java 25.0.2 with PID 13187 (/Users/subhodipanwesa/Documents/BITS_WILP/FullStack/Anwesa/PeerTutorial_FS/peer-tutoring-platform/backend-microservices/session-service/target/session-service-1.0.0.jar started by subhodipanwesa in /Users/subhodipanwesa/Documents/BITS_WILP/FullStack/Anwesa/PeerTutorial_FS/peer-tutoring-platform/backend-microservices/session-service)
2026-05-08T22:34:24.527+05:30  INFO 13187 --- [session-service] [           main] c.t.s.SessionServiceApplication          : No active profile set, falling back to 1 default profile: "default"
2026-05-08T22:34:26.917+05:30  INFO 13187 --- [session-service] [           main] .s.d.r.c.RepositoryConfigurationDelegate : Bootstrapping Spring Data JPA repositories in DEFAULT mode.
2026-05-08T22:34:27.242+05:30  INFO 13187 --- [session-service] [           main] .s.d.r.c.RepositoryConfigurationDelegate : Finished Spring Data repository scanning in 315 ms. Found 1 JPA repository interface.
2026-05-08T22:34:27.690+05:30  INFO 13187 --- [session-service] [           main] o.s.cloud.context.scope.GenericScope     : BeanFactory id=1b7bf7c4-52c0-3e69-a073-fb9617946302
2026-05-08T22:34:28.331+05:30  WARN 13187 --- [session-service] [           main] trationDelegate$BeanPostProcessorChecker : Bean 'org.springframework.cloud.client.loadbalancer.LoadBalancerAutoConfiguration$LoadBalancerInterceptorConfig' of type [org.springframework.cloud.client.loadbalancer.LoadBalancerAutoConfiguration$LoadBalancerInterceptorConfig] is not eligible for getting processed by all BeanPostProcessors (for example: not eligible for auto-proxying). The currently created BeanPostProcessor [lbRestClientPostProcessor] is declared through a non-static factory method on that class; consider declaring it as static instead.
2026-05-08T22:34:28.341+05:30  WARN 13187 --- [session-service] [           main] trationDelegate$BeanPostProcessorChecker : Bean 'org.springframework.cloud.loadbalancer.config.BlockingLoadBalancerClientAutoConfiguration' of type [org.springframework.cloud.loadbalancer.config.BlockingLoadBalancerClientAutoConfiguration] is not eligible for getting processed by all BeanPostProcessors (for example: not eligible for auto-proxying). Is this bean getting eagerly injected into a currently created BeanPostProcessor [lbRestClientPostProcessor]? Check the corresponding BeanPostProcessor declaration and its dependencies.
2026-05-08T22:34:28.344+05:30  WARN 13187 --- [session-service] [           main] trationDelegate$BeanPostProcessorChecker : Bean 'org.springframework.cloud.loadbalancer.config.LoadBalancerAutoConfiguration' of type [org.springframework.cloud.loadbalancer.config.LoadBalancerAutoConfiguration] is not eligible for getting processed by all BeanPostProcessors (for example: not eligible for auto-proxying). Is this bean getting eagerly injected into a currently created BeanPostProcessor [lbRestClientPostProcessor]? Check the corresponding BeanPostProcessor declaration and its dependencies.
2026-05-08T22:34:28.367+05:30  WARN 13187 --- [session-service] [           main] trationDelegate$BeanPostProcessorChecker : Bean 'org.springframework.cloud.commons.config.CommonsConfigAutoConfiguration' of type [org.springframework.cloud.commons.config.CommonsConfigAutoConfiguration] is not eligible for getting processed by all BeanPostProcessors (for example: not eligible for auto-proxying). Is this bean getting eagerly injected into a currently created BeanPostProcessor [lbRestClientPostProcessor]? Check the corresponding BeanPostProcessor declaration and its dependencies.
2026-05-08T22:34:28.370+05:30  WARN 13187 --- [session-service] [           main] trationDelegate$BeanPostProcessorChecker : Bean 'org.springframework.cloud.client.loadbalancer.LoadBalancerDefaultMappingsProviderAutoConfiguration' of type [org.springframework.cloud.client.loadbalancer.LoadBalancerDefaultMappingsProviderAutoConfiguration] is not eligible for getting processed by all BeanPostProcessors (for example: not eligible for auto-proxying). Is this bean getting eagerly injected into a currently created BeanPostProcessor [lbRestClientPostProcessor]? Check the corresponding BeanPostProcessor declaration and its dependencies.
2026-05-08T22:34:28.371+05:30  WARN 13187 --- [session-service] [           main] trationDelegate$BeanPostProcessorChecker : Bean 'loadBalancerClientsDefaultsMappingsProvider' of type [org.springframework.cloud.client.loadbalancer.LoadBalancerDefaultMappingsProviderAutoConfiguration$$Lambda/0x000004000149eca8] is not eligible for getting processed by all BeanPostProcessors (for example: not eligible for auto-proxying). Is this bean getting eagerly injected into a currently created BeanPostProcessor [lbRestClientPostProcessor]? Check the corresponding BeanPostProcessor declaration and its dependencies.
2026-05-08T22:34:28.379+05:30  WARN 13187 --- [session-service] [           main] trationDelegate$BeanPostProcessorChecker : Bean 'defaultsBindHandlerAdvisor' of type [org.springframework.cloud.commons.config.DefaultsBindHandlerAdvisor] is not eligible for getting processed by all BeanPostProcessors (for example: not eligible for auto-proxying). Is this bean getting eagerly injected into a currently created BeanPostProcessor [lbRestClientPostProcessor]? Check the corresponding BeanPostProcessor declaration and its dependencies.
2026-05-08T22:34:28.394+05:30  WARN 13187 --- [session-service] [           main] trationDelegate$BeanPostProcessorChecker : Bean 'spring.cloud.loadbalancer-org.springframework.cloud.client.loadbalancer.LoadBalancerClientsProperties' of type [org.springframework.cloud.client.loadbalancer.LoadBalancerClientsProperties] is not eligible for getting processed by all BeanPostProcessors (for example: not eligible for auto-proxying). Is this bean getting eagerly injected into a currently created BeanPostProcessor [lbRestClientPostProcessor]? Check the corresponding BeanPostProcessor declaration and its dependencies.
2026-05-08T22:34:28.408+05:30  WARN 13187 --- [session-service] [           main] trationDelegate$BeanPostProcessorChecker : Bean 'default.org.springframework.cloud.loadbalancer.config.LoadBalancerAutoConfiguration.LoadBalancerClientSpecification' of type [org.springframework.cloud.loadbalancer.annotation.LoadBalancerClientSpecification] is not eligible for getting processed by all BeanPostProcessors (for example: not eligible for auto-proxying). Is this bean getting eagerly injected into a currently created BeanPostProcessor [lbRestClientPostProcessor]? Check the corresponding BeanPostProcessor declaration and its dependencies.
2026-05-08T22:34:28.412+05:30  WARN 13187 --- [session-service] [           main] trationDelegate$BeanPostProcessorChecker : Bean 'default.org.springframework.cloud.loadbalancer.config.BlockingLoadBalancerClientAutoConfiguration.LoadBalancerClientSpecification' of type [org.springframework.cloud.loadbalancer.annotation.LoadBalancerClientSpecification] is not eligible for getting processed by all BeanPostProcessors (for example: not eligible for auto-proxying). Is this bean getting eagerly injected into a currently created BeanPostProcessor [lbRestClientPostProcessor]? Check the corresponding BeanPostProcessor declaration and its dependencies.
2026-05-08T22:34:28.412+05:30  WARN 13187 --- [session-service] [           main] trationDelegate$BeanPostProcessorChecker : Bean 'default.org.springframework.cloud.netflix.eureka.loadbalancer.LoadBalancerEurekaAutoConfiguration.LoadBalancerClientSpecification' of type [org.springframework.cloud.loadbalancer.annotation.LoadBalancerClientSpecification] is not eligible for getting processed by all BeanPostProcessors (for example: not eligible for auto-proxying). Is this bean getting eagerly injected into a currently created BeanPostProcessor [lbRestClientPostProcessor]? Check the corresponding BeanPostProcessor declaration and its dependencies.
2026-05-08T22:34:28.414+05:30  WARN 13187 --- [session-service] [           main] trationDelegate$BeanPostProcessorChecker : Bean 'loadBalancerClientFactory' of type [org.springframework.cloud.loadbalancer.support.LoadBalancerClientFactory] is not eligible for getting processed by all BeanPostProcessors (for example: not eligible for auto-proxying). Is this bean getting eagerly injected into a currently created BeanPostProcessor [lbRestClientPostProcessor]? Check the corresponding BeanPostProcessor declaration and its dependencies.
2026-05-08T22:34:28.439+05:30  WARN 13187 --- [session-service] [           main] trationDelegate$BeanPostProcessorChecker : Bean 'blockingLoadBalancerClient' of type [org.springframework.cloud.loadbalancer.blocking.client.BlockingLoadBalancerClient] is not eligible for getting processed by all BeanPostProcessors (for example: not eligible for auto-proxying). Is this bean getting eagerly injected into a currently created BeanPostProcessor [lbRestClientPostProcessor]? Check the corresponding BeanPostProcessor declaration and its dependencies.
2026-05-08T22:34:28.500+05:30  WARN 13187 --- [session-service] [           main] trationDelegate$BeanPostProcessorChecker : Bean 'loadBalancerServiceInstanceCookieTransformer' of type [org.springframework.cloud.loadbalancer.core.LoadBalancerServiceInstanceCookieTransformer] is not eligible for getting processed by all BeanPostProcessors (for example: not eligible for auto-proxying). Is this bean getting eagerly injected into a currently created BeanPostProcessor [lbRestClientPostProcessor]? Check the corresponding BeanPostProcessor declaration and its dependencies.
2026-05-08T22:34:28.502+05:30  WARN 13187 --- [session-service] [           main] trationDelegate$BeanPostProcessorChecker : Bean 'xForwarderHeadersTransformer' of type [org.springframework.cloud.loadbalancer.blocking.XForwardedHeadersTransformer] is not eligible for getting processed by all BeanPostProcessors (for example: not eligible for auto-proxying). Is this bean getting eagerly injected into a currently created BeanPostProcessor [lbRestClientPostProcessor]? Check the corresponding BeanPostProcessor declaration and its dependencies.
2026-05-08T22:34:28.504+05:30  WARN 13187 --- [session-service] [           main] trationDelegate$BeanPostProcessorChecker : Bean 'org.springframework.cloud.client.loadbalancer.LoadBalancerAutoConfiguration' of type [org.springframework.cloud.client.loadbalancer.LoadBalancerAutoConfiguration] is not eligible for getting processed by all BeanPostProcessors (for example: not eligible for auto-proxying). Is this bean getting eagerly injected into a currently created BeanPostProcessor [lbRestClientPostProcessor]? Check the corresponding BeanPostProcessor declaration and its dependencies.
2026-05-08T22:34:28.513+05:30  WARN 13187 --- [session-service] [           main] trationDelegate$BeanPostProcessorChecker : Bean 'loadBalancerRequestFactory' of type [org.springframework.cloud.client.loadbalancer.LoadBalancerRequestFactory] is not eligible for getting processed by all BeanPostProcessors (for example: not eligible for auto-proxying). Is this bean getting eagerly injected into a currently created BeanPostProcessor [lbRestClientPostProcessor]? Check the corresponding BeanPostProcessor declaration and its dependencies.
2026-05-08T22:34:28.515+05:30  WARN 13187 --- [session-service] [           main] trationDelegate$BeanPostProcessorChecker : Bean 'loadBalancerInterceptor' of type [org.springframework.cloud.client.loadbalancer.LoadBalancerInterceptor] is not eligible for getting processed by all BeanPostProcessors (for example: not eligible for auto-proxying). Is this bean getting eagerly injected into a currently created BeanPostProcessor [lbRestClientPostProcessor]? Check the corresponding BeanPostProcessor declaration and its dependencies.
WARNING: A restricted method in java.lang.System has been called
WARNING: java.lang.System::load has been called by org.apache.tomcat.jni.Library in an unnamed module (jar:nested:/Users/subhodipanwesa/Documents/BITS_WILP/FullStack/Anwesa/PeerTutorial_FS/peer-tutoring-platform/backend-microservices/session-service/target/session-service-1.0.0.jar/!BOOT-INF/lib/tomcat-embed-core-10.1.16.jar!/)
WARNING: Use --enable-native-access=ALL-UNNAMED to avoid a warning for callers in this module
WARNING: Restricted methods will be blocked in a future release unless native access is enabled

2026-05-08T22:34:28.927+05:30  INFO 13187 --- [session-service] [           main] o.s.b.w.embedded.tomcat.TomcatWebServer  : Tomcat initialized with port 8083 (http)
2026-05-08T22:34:28.934+05:30  INFO 13187 --- [session-service] [           main] o.apache.catalina.core.StandardService   : Starting service [Tomcat]
2026-05-08T22:34:28.935+05:30  INFO 13187 --- [session-service] [           main] o.apache.catalina.core.StandardEngine    : Starting Servlet engine: [Apache Tomcat/10.1.16]
2026-05-08T22:34:28.966+05:30  INFO 13187 --- [session-service] [           main] o.a.c.c.C.[Tomcat].[localhost].[/]       : Initializing Spring embedded WebApplicationContext
2026-05-08T22:34:28.966+05:30  INFO 13187 --- [session-service] [           main] w.s.c.ServletWebServerApplicationContext : Root WebApplicationContext: initialization completed in 4370 ms
2026-05-08T22:34:29.409+05:30  INFO 13187 --- [session-service] [           main] com.zaxxer.hikari.HikariDataSource       : HikariPool-1 - Starting...
2026-05-08T22:34:29.794+05:30  INFO 13187 --- [session-service] [           main] com.zaxxer.hikari.pool.HikariPool        : HikariPool-1 - Added connection conn0: url=jdbc:h2:mem:session_service_db user=SA
2026-05-08T22:34:29.796+05:30  INFO 13187 --- [session-service] [           main] com.zaxxer.hikari.HikariDataSource       : HikariPool-1 - Start completed.
2026-05-08T22:34:29.808+05:30  INFO 13187 --- [session-service] [           main] o.s.b.a.h2.H2ConsoleAutoConfiguration    : H2 console available at '/h2-console'. Database available at 'jdbc:h2:mem:session_service_db'
2026-05-08T22:34:30.259+05:30  INFO 13187 --- [session-service] [           main] o.hibernate.jpa.internal.util.LogHelper  : HHH000204: Processing PersistenceUnitInfo [name: default]
2026-05-08T22:34:30.372+05:30  INFO 13187 --- [session-service] [           main] org.hibernate.Version                    : HHH000412: Hibernate ORM core version 6.3.1.Final
2026-05-08T22:34:30.405+05:30  INFO 13187 --- [session-service] [           main] o.h.c.internal.RegionFactoryInitiator    : HHH000026: Second-level cache disabled
2026-05-08T22:34:30.738+05:30  INFO 13187 --- [session-service] [           main] o.s.o.j.p.SpringPersistenceUnitInfo      : No LoadTimeWeaver setup: ignoring JPA class transformer
2026-05-08T22:34:30.781+05:30  WARN 13187 --- [session-service] [           main] org.hibernate.orm.deprecation            : HHH90000025: H2Dialect does not need to be specified explicitly using 'hibernate.dialect' (remove the property setting and it will be selected by default)
2026-05-08T22:34:31.944+05:30  INFO 13187 --- [session-service] [           main] o.h.e.t.j.p.i.JtaPlatformInitiator       : HHH000489: No JTA platform available (set 'hibernate.transaction.jta.platform' to enable JTA platform integration)
Hibernate: 
    drop table if exists sessions cascade 
Hibernate: 
    create table sessions (
        enrolled_students integer not null,
        max_students integer not null,
        price numeric(38,2) not null,
        created_at timestamp(6),
        end_time timestamp(6) not null,
        id bigint generated by default as identity,
        start_time timestamp(6) not null,
        tutor_id bigint not null,
        updated_at timestamp(6),
        description TEXT,
        status varchar(255) not null check (status in ('AVAILABLE','BOOKED','CANCELLED','COMPLETED')),
        subject varchar(255) not null,
        title varchar(255) not null,
        primary key (id)
    )
2026-05-08T22:34:32.093+05:30  INFO 13187 --- [session-service] [           main] j.LocalContainerEntityManagerFactoryBean : Initialized JPA EntityManagerFactory for persistence unit 'default'
2026-05-08T22:34:33.460+05:30  WARN 13187 --- [session-service] [           main] JpaBaseConfiguration$JpaWebConfiguration : spring.jpa.open-in-view is enabled by default. Therefore, database queries may be performed during view rendering. Explicitly configure spring.jpa.open-in-view to disable this warning
2026-05-08T22:34:33.515+05:30  WARN 13187 --- [session-service] [           main] .s.s.UserDetailsServiceAutoConfiguration : 

Using generated security password: f2591f19-35df-413c-afb8-df8922893978

This generated password is for development use only. Your security configuration must be updated before running your application in production.

2026-05-08T22:34:34.907+05:30  INFO 13187 --- [session-service] [           main] o.s.b.a.e.web.EndpointLinksResolver      : Exposing 3 endpoint(s) beneath base path '/actuator'
2026-05-08T22:34:35.029+05:30  INFO 13187 --- [session-service] [           main] o.s.s.web.DefaultSecurityFilterChain     : Will secure any request with [org.springframework.security.web.session.DisableEncodeUrlFilter@7c09037a, org.springframework.security.web.context.request.async.WebAsyncManagerIntegrationFilter@1a262e93, org.springframework.security.web.context.SecurityContextHolderFilter@7655dc27, org.springframework.security.web.header.HeaderWriterFilter@629fc74d, org.springframework.web.filter.CorsFilter@720b52a7, org.springframework.security.web.authentication.logout.LogoutFilter@c3972d0, org.springframework.security.web.savedrequest.RequestCacheAwareFilter@2c1ffb9, org.springframework.security.web.servletapi.SecurityContextHolderAwareRequestFilter@6f1b0ead, org.springframework.security.web.authentication.AnonymousAuthenticationFilter@5765cd21, org.springframework.security.web.access.ExceptionTranslationFilter@3d8c3d0a, org.springframework.security.web.access.intercept.AuthorizationFilter@5a5c041f]
2026-05-08T22:34:36.487+05:30  INFO 13187 --- [session-service] [           main] DiscoveryClientOptionalArgsConfiguration : Eureka HTTP Client uses RestTemplate.
2026-05-08T22:34:36.551+05:30  WARN 13187 --- [session-service] [           main] iguration$LoadBalancerCaffeineWarnLogger : Spring Cloud LoadBalancer is currently working with the default cache. While this cache implementation is useful for development and tests, it's recommended to use Caffeine cache in production.You can switch to using Caffeine cache, by adding it and org.springframework.cache.caffeine.CaffeineCacheManager to the classpath.
2026-05-08T22:34:36.726+05:30  INFO 13187 --- [session-service] [           main] o.s.c.n.eureka.InstanceInfoFactory       : Setting initial instance status as: STARTING
2026-05-08T22:34:36.946+05:30  INFO 13187 --- [session-service] [           main] com.netflix.discovery.DiscoveryClient    : Initializing Eureka in region us-east-1
2026-05-08T22:34:36.951+05:30  INFO 13187 --- [session-service] [           main] c.n.d.s.r.aws.ConfigClusterResolver      : Resolving eureka endpoints via configuration
2026-05-08T22:34:36.975+05:30  INFO 13187 --- [session-service] [           main] com.netflix.discovery.DiscoveryClient    : Disable delta property : false
2026-05-08T22:34:36.975+05:30  INFO 13187 --- [session-service] [           main] com.netflix.discovery.DiscoveryClient    : Single vip registry refresh property : null
2026-05-08T22:34:36.975+05:30  INFO 13187 --- [session-service] [           main] com.netflix.discovery.DiscoveryClient    : Force full registry fetch : false
2026-05-08T22:34:36.975+05:30  INFO 13187 --- [session-service] [           main] com.netflix.discovery.DiscoveryClient    : Application is null : false
2026-05-08T22:34:36.975+05:30  INFO 13187 --- [session-service] [           main] com.netflix.discovery.DiscoveryClient    : Registered Applications size is zero : true
2026-05-08T22:34:36.975+05:30  INFO 13187 --- [session-service] [           main] com.netflix.discovery.DiscoveryClient    : Application version is -1: true
2026-05-08T22:34:36.975+05:30  INFO 13187 --- [session-service] [           main] com.netflix.discovery.DiscoveryClient    : Getting all instance registry info from the eureka server
2026-05-08T22:34:37.399+05:30  INFO 13187 --- [session-service] [           main] com.netflix.discovery.DiscoveryClient    : The response status is 200
2026-05-08T22:34:37.402+05:30  INFO 13187 --- [session-service] [           main] com.netflix.discovery.DiscoveryClient    : Starting heartbeat executor: renew interval is: 30
2026-05-08T22:34:37.406+05:30  INFO 13187 --- [session-service] [           main] c.n.discovery.InstanceInfoReplicator     : InstanceInfoReplicator onDemand update allowed rate per min is 4
2026-05-08T22:34:37.424+05:30  INFO 13187 --- [session-service] [           main] com.netflix.discovery.DiscoveryClient    : Discovery Client initialized at timestamp 1778259877424 with initial instances count: 0
2026-05-08T22:34:37.440+05:30  INFO 13187 --- [session-service] [           main] o.s.c.n.e.s.EurekaServiceRegistry        : Registering application SESSION-SERVICE with eureka with status UP
2026-05-08T22:34:37.440+05:30  INFO 13187 --- [session-service] [           main] com.netflix.discovery.DiscoveryClient    : Saw local status change event StatusChangeEvent [timestamp=1778259877440, current=UP, previous=STARTING]
2026-05-08T22:34:37.443+05:30  INFO 13187 --- [session-service] [nfoReplicator-0] com.netflix.discovery.DiscoveryClient    : DiscoveryClient_SESSION-SERVICE/session-service:8083: registering service...
2026-05-08T22:34:37.485+05:30  INFO 13187 --- [session-service] [nfoReplicator-0] com.netflix.discovery.DiscoveryClient    : DiscoveryClient_SESSION-SERVICE/session-service:8083 - registration status: 204
2026-05-08T22:34:37.500+05:30  INFO 13187 --- [session-service] [           main] o.s.b.w.embedded.tomcat.TomcatWebServer  : Tomcat started on port 8083 (http) with context path ''
2026-05-08T22:34:37.501+05:30  INFO 13187 --- [session-service] [           main] .s.c.n.e.s.EurekaAutoServiceRegistration : Updating port to 8083
2026-05-08T22:34:37.547+05:30  INFO 13187 --- [session-service] [           main] c.t.s.SessionServiceApplication          : Started SessionServiceApplication in 14.251 seconds (process running for 15.201)
Hibernate: 
    select
        count(*) 
    from
        sessions s1_0
Hibernate: 
    insert 
    into
        sessions
        (created_at, description, end_time, enrolled_students, max_students, price, start_time, status, subject, title, tutor_id, updated_at, id) 
    values
        (?, ?, ?, ?, ?, ?, ?, ?, ?, ?, ?, ?, default)
Hibernate: 
    insert 
    into
        sessions
        (created_at, description, end_time, enrolled_students, max_students, price, start_time, status, subject, title, tutor_id, updated_at, id) 
    values
        (?, ?, ?, ?, ?, ?, ?, ?, ?, ?, ?, ?, default)
Hibernate: 
    insert 
    into
        sessions
        (created_at, description, end_time, enrolled_students, max_students, price, start_time, status, subject, title, tutor_id, updated_at, id) 
    values
        (?, ?, ?, ?, ?, ?, ?, ?, ?, ?, ?, ?, default)
Hibernate: 
    insert 
    into
        sessions
        (created_at, description, end_time, enrolled_students, max_students, price, start_time, status, subject, title, tutor_id, updated_at, id) 
    values
        (?, ?, ?, ?, ?, ?, ?, ?, ?, ?, ?, ?, default)
Hibernate: 
    insert 
    into
        sessions
        (created_at, description, end_time, enrolled_students, max_students, price, start_time, status, subject, title, tutor_id, updated_at, id) 
    values
        (?, ?, ?, ?, ?, ?, ?, ?, ?, ?, ?, ?, default)
Hibernate: 
    insert 
    into
        sessions
        (created_at, description, end_time, enrolled_students, max_students, price, start_time, status, subject, title, tutor_id, updated_at, id) 
    values
        (?, ?, ?, ?, ?, ?, ?, ?, ?, ?, ?, ?, default)
✅ Created 6 sample sessions
2026-05-08T22:35:07.408+05:30  INFO 13187 --- [session-service] [freshExecutor-0] com.netflix.discovery.DiscoveryClient    : Disable delta property : false
2026-05-08T22:35:07.409+05:30  INFO 13187 --- [session-service] [freshExecutor-0] com.netflix.discovery.DiscoveryClient    : Single vip registry refresh property : null
2026-05-08T22:35:07.409+05:30  INFO 13187 --- [session-service] [freshExecutor-0] com.netflix.discovery.DiscoveryClient    : Force full registry fetch : false
2026-05-08T22:35:07.410+05:30  INFO 13187 --- [session-service] [freshExecutor-0] com.netflix.discovery.DiscoveryClient    : Application is null : false
2026-05-08T22:35:07.410+05:30  INFO 13187 --- [session-service] [freshExecutor-0] com.netflix.discovery.DiscoveryClient    : Registered Applications size is zero : true
2026-05-08T22:35:07.410+05:30  INFO 13187 --- [session-service] [freshExecutor-0] com.netflix.discovery.DiscoveryClient    : Application version is -1: false
2026-05-08T22:35:07.410+05:30  INFO 13187 --- [session-service] [freshExecutor-0] com.netflix.discovery.DiscoveryClient    : Getting all instance registry info from the eureka server
2026-05-08T22:35:07.437+05:30  INFO 13187 --- [session-service] [freshExecutor-0] com.netflix.discovery.DiscoveryClient    : The response status is 200
2026-05-08T22:35:15.765+05:30  INFO 13187 --- [session-service] [nio-8083-exec-1] o.a.c.c.C.[Tomcat].[localhost].[/]       : Initializing Spring DispatcherServlet 'dispatcherServlet'
2026-05-08T22:35:15.766+05:30  INFO 13187 --- [session-service] [nio-8083-exec-1] o.s.web.servlet.DispatcherServlet        : Initializing Servlet 'dispatcherServlet'
2026-05-08T22:35:15.770+05:30  INFO 13187 --- [session-service] [nio-8083-exec-1] o.s.web.servlet.DispatcherServlet        : Completed initialization in 4 ms
2026-05-08T22:35:15.804+05:30  WARN 13187 --- [session-service] [nio-8083-exec-1] o.s.w.s.h.HandlerMappingIntrospector     : Cache miss for REQUEST dispatch to '/api/sessions/available' (previous null). Performing CorsConfiguration lookup. This is logged once only at WARN level, and every time at TRACE.
2026-05-08T22:35:15.815+05:30  WARN 13187 --- [session-service] [nio-8083-exec-1] o.s.w.s.h.HandlerMappingIntrospector     : Cache miss for REQUEST dispatch to '/api/sessions/available' (previous null). Performing MatchableHandlerMapping lookup. This is logged once only at WARN level, and every time at TRACE.
Hibernate: 
    select
        s1_0.id,
        s1_0.created_at,
        s1_0.description,
        s1_0.end_time,
        s1_0.enrolled_students,
        s1_0.max_students,
        s1_0.price,
        s1_0.start_time,
        s1_0.status,
        s1_0.subject,
        s1_0.title,
        s1_0.tutor_id,
        s1_0.updated_at 
    from
        sessions s1_0 
    where
        s1_0.status=?
Hibernate: 
    select
        s1_0.id,
        s1_0.created_at,
        s1_0.description,
        s1_0.end_time,
        s1_0.enrolled_students,
        s1_0.max_students,
        s1_0.price,
        s1_0.start_time,
        s1_0.status,
        s1_0.subject,
        s1_0.title,
        s1_0.tutor_id,
        s1_0.updated_at 
    from
        sessions s1_0 
    where
        s1_0.status=?
Hibernate: 
    select
        s1_0.id,
        s1_0.created_at,
        s1_0.description,
        s1_0.end_time,
        s1_0.enrolled_students,
        s1_0.max_students,
        s1_0.price,
        s1_0.start_time,
        s1_0.status,
        s1_0.subject,
        s1_0.title,
        s1_0.tutor_id,
        s1_0.updated_at 
    from
        sessions s1_0 
    where
        s1_0.status=?
Hibernate: 
    select
        s1_0.id,
        s1_0.created_at,
        s1_0.description,
        s1_0.end_time,
        s1_0.enrolled_students,
        s1_0.max_students,
        s1_0.price,
        s1_0.start_time,
        s1_0.status,
        s1_0.subject,
        s1_0.title,
        s1_0.tutor_id,
        s1_0.updated_at 
    from
        sessions s1_0 
    where
        s1_0.status=?
Hibernate: 
    insert 
    into
        sessions
        (created_at, description, end_time, enrolled_students, max_students, price, start_time, status, subject, title, tutor_id, updated_at, id) 
    values
        (?, ?, ?, ?, ?, ?, ?, ?, ?, ?, ?, ?, default)
Hibernate: 
    insert 
    into
        sessions
        (created_at, description, end_time, enrolled_students, max_students, price, start_time, status, subject, title, tutor_id, updated_at, id) 
    values
        (?, ?, ?, ?, ?, ?, ?, ?, ?, ?, ?, ?, default)
Hibernate: 
    insert 
    into
        sessions
        (created_at, description, end_time, enrolled_students, max_students, price, start_time, status, subject, title, tutor_id, updated_at, id) 
    values
        (?, ?, ?, ?, ?, ?, ?, ?, ?, ?, ?, ?, default)
Hibernate: 
    select
        s1_0.id,
        s1_0.created_at,
        s1_0.description,
        s1_0.end_time,
        s1_0.enrolled_students,
        s1_0.max_students,
        s1_0.price,
        s1_0.start_time,
        s1_0.status,
        s1_0.subject,
        s1_0.title,
        s1_0.tutor_id,
        s1_0.updated_at 
    from
        sessions s1_0 
    where
        s1_0.tutor_id=?
Hibernate: 
    select
        s1_0.id,
        s1_0.created_at,
        s1_0.description,
        s1_0.end_time,
        s1_0.enrolled_students,
        s1_0.max_students,
        s1_0.price,
        s1_0.start_time,
        s1_0.status,
        s1_0.subject,
        s1_0.title,
        s1_0.tutor_id,
        s1_0.updated_at 
    from
        sessions s1_0 
    where
        s1_0.status=?
2026-05-08T22:39:36.986+05:30  INFO 13187 --- [session-service] [trap-executor-0] c.n.d.s.r.aws.ConfigClusterResolver      : Resolving eureka endpoints via configuration
2026-05-08T22:44:36.996+05:30  INFO 13187 --- [session-service] [trap-executor-0] c.n.d.s.r.aws.ConfigClusterResolver      : Resolving eureka endpoints via configuration
Hibernate: 
    select
        s1_0.id,
        s1_0.created_at,
        s1_0.description,
        s1_0.end_time,
        s1_0.enrolled_students,
        s1_0.max_students,
        s1_0.price,
        s1_0.start_time,
        s1_0.status,
        s1_0.subject,
        s1_0.title,
        s1_0.tutor_id,
        s1_0.updated_at 
    from
        sessions s1_0 
    where
        s1_0.tutor_id=?
Hibernate: 
    select
        s1_0.id,
        s1_0.created_at,
        s1_0.description,
        s1_0.end_time,
        s1_0.enrolled_students,
        s1_0.max_students,
        s1_0.price,
        s1_0.start_time,
        s1_0.status,
        s1_0.subject,
        s1_0.title,
        s1_0.tutor_id,
        s1_0.updated_at 
    from
        sessions s1_0
Hibernate: 
    select
        s1_0.id,
        s1_0.created_at,
        s1_0.description,
        s1_0.end_time,
        s1_0.enrolled_students,
        s1_0.max_students,
        s1_0.price,
        s1_0.start_time,
        s1_0.status,
        s1_0.subject,
        s1_0.title,
        s1_0.tutor_id,
        s1_0.updated_at 
    from
        sessions s1_0 
    where
        s1_0.status=?
Hibernate: 
    select
        s1_0.id,
        s1_0.created_at,
        s1_0.description,
        s1_0.end_time,
        s1_0.enrolled_students,
        s1_0.max_students,
        s1_0.price,
        s1_0.start_time,
        s1_0.status,
        s1_0.subject,
        s1_0.title,
        s1_0.tutor_id,
        s1_0.updated_at 
    from
        sessions s1_0 
    where
        s1_0.tutor_id=?
Hibernate: 
    select
        s1_0.id,
        s1_0.created_at,
        s1_0.description,
        s1_0.end_time,
        s1_0.enrolled_students,
        s1_0.max_students,
        s1_0.price,
        s1_0.start_time,
        s1_0.status,
        s1_0.subject,
        s1_0.title,
        s1_0.tutor_id,
        s1_0.updated_at 
    from
        sessions s1_0 
    where
        s1_0.tutor_id=?
Hibernate: 
    select
        s1_0.id,
        s1_0.created_at,
        s1_0.description,
        s1_0.end_time,
        s1_0.enrolled_students,
        s1_0.max_students,
        s1_0.price,
        s1_0.start_time,
        s1_0.status,
        s1_0.subject,
        s1_0.title,
        s1_0.tutor_id,
        s1_0.updated_at 
    from
        sessions s1_0 
    where
        s1_0.id=?
Hibernate: 
    select
        s1_0.id,
        s1_0.created_at,
        s1_0.description,
        s1_0.end_time,
        s1_0.enrolled_students,
        s1_0.max_students,
        s1_0.price,
        s1_0.start_time,
        s1_0.status,
        s1_0.subject,
        s1_0.title,
        s1_0.tutor_id,
        s1_0.updated_at 
    from
        sessions s1_0 
    where
        s1_0.tutor_id=?
Hibernate: 
    insert 
    into
        sessions
        (created_at, description, end_time, enrolled_students, max_students, price, start_time, status, subject, title, tutor_id, updated_at, id) 
    values
        (?, ?, ?, ?, ?, ?, ?, ?, ?, ?, ?, ?, default)
2026-05-08T22:49:37.004+05:30  INFO 13187 --- [session-service] [trap-executor-0] c.n.d.s.r.aws.ConfigClusterResolver      : Resolving eureka endpoints via configuration
Hibernate: 
    select
        s1_0.id,
        s1_0.created_at,
        s1_0.description,
        s1_0.end_time,
        s1_0.enrolled_students,
        s1_0.max_students,
        s1_0.price,
        s1_0.start_time,
        s1_0.status,
        s1_0.subject,
        s1_0.title,
        s1_0.tutor_id,
        s1_0.updated_at 
    from
        sessions s1_0
Hibernate: 
    select
        s1_0.id,
        s1_0.created_at,
        s1_0.description,
        s1_0.end_time,
        s1_0.enrolled_students,
        s1_0.max_students,
        s1_0.price,
        s1_0.start_time,
        s1_0.status,
        s1_0.subject,
        s1_0.title,
        s1_0.tutor_id,
        s1_0.updated_at 
    from
        sessions s1_0 
    where
        s1_0.status=?
Hibernate: 
    select
        s1_0.id,
        s1_0.created_at,
        s1_0.description,
        s1_0.end_time,
        s1_0.enrolled_students,
        s1_0.max_students,
        s1_0.price,
        s1_0.start_time,
        s1_0.status,
        s1_0.subject,
        s1_0.title,
        s1_0.tutor_id,
        s1_0.updated_at 
    from
        sessions s1_0 
    where
        s1_0.tutor_id=?
Hibernate: 
    select
        s1_0.id,
        s1_0.created_at,
        s1_0.description,
        s1_0.end_time,
        s1_0.enrolled_students,
        s1_0.max_students,
        s1_0.price,
        s1_0.start_time,
        s1_0.status,
        s1_0.subject,
        s1_0.title,
        s1_0.tutor_id,
        s1_0.updated_at 
    from
        sessions s1_0 
    where
        s1_0.tutor_id=?
Hibernate: 
    select
        s1_0.id,
        s1_0.created_at,
        s1_0.description,
        s1_0.end_time,
        s1_0.enrolled_students,
        s1_0.max_students,
        s1_0.price,
        s1_0.start_time,
        s1_0.status,
        s1_0.subject,
        s1_0.title,
        s1_0.tutor_id,
        s1_0.updated_at 
    from
        sessions s1_0 
    where
        s1_0.tutor_id=?
Hibernate: 
    insert 
    into
        sessions
        (created_at, description, end_time, enrolled_students, max_students, price, start_time, status, subject, title, tutor_id, updated_at, id) 
    values
        (?, ?, ?, ?, ?, ?, ?, ?, ?, ?, ?, ?, default)
Hibernate: 
    insert 
    into
        sessions
        (created_at, description, end_time, enrolled_students, max_students, price, start_time, status, subject, title, tutor_id, updated_at, id) 
    values
        (?, ?, ?, ?, ?, ?, ?, ?, ?, ?, ?, ?, default)
Hibernate: 
    select
        s1_0.id,
        s1_0.created_at,
        s1_0.description,
        s1_0.end_time,
        s1_0.enrolled_students,
        s1_0.max_students,
        s1_0.price,
        s1_0.start_time,
        s1_0.status,
        s1_0.subject,
        s1_0.title,
        s1_0.tutor_id,
        s1_0.updated_at 
    from
        sessions s1_0 
    where
        s1_0.tutor_id=?
Hibernate: 
    select
        s1_0.id,
        s1_0.created_at,
        s1_0.description,
        s1_0.end_time,
        s1_0.enrolled_students,
        s1_0.max_students,
        s1_0.price,
        s1_0.start_time,
        s1_0.status,
        s1_0.subject,
        s1_0.title,
        s1_0.tutor_id,
        s1_0.updated_at 
    from
        sessions s1_0 
    where
        s1_0.tutor_id=?
Hibernate: 
    select
        s1_0.id,
        s1_0.created_at,
        s1_0.description,
        s1_0.end_time,
        s1_0.enrolled_students,
        s1_0.max_students,
        s1_0.price,
        s1_0.start_time,
        s1_0.status,
        s1_0.subject,
        s1_0.title,
        s1_0.tutor_id,
        s1_0.updated_at 
    from
        sessions s1_0 
    where
        s1_0.tutor_id=?
Hibernate: 
    select
        s1_0.id,
        s1_0.created_at,
        s1_0.description,
        s1_0.end_time,
        s1_0.enrolled_students,
        s1_0.max_students,
        s1_0.price,
        s1_0.start_time,
        s1_0.status,
        s1_0.subject,
        s1_0.title,
        s1_0.tutor_id,
        s1_0.updated_at 
    from
        sessions s1_0 
    where
        s1_0.tutor_id=?
Hibernate: 
    insert 
    into
        sessions
        (created_at, description, end_time, enrolled_students, max_students, price, start_time, status, subject, title, tutor_id, updated_at, id) 
    values
        (?, ?, ?, ?, ?, ?, ?, ?, ?, ?, ?, ?, default)
Hibernate: 
    select
        s1_0.id,
        s1_0.created_at,
        s1_0.description,
        s1_0.end_time,
        s1_0.enrolled_students,
        s1_0.max_students,
        s1_0.price,
        s1_0.start_time,
        s1_0.status,
        s1_0.subject,
        s1_0.title,
        s1_0.tutor_id,
        s1_0.updated_at 
    from
        sessions s1_0 
    where
        s1_0.tutor_id=?
Hibernate: 
    select
        s1_0.id,
        s1_0.created_at,
        s1_0.description,
        s1_0.end_time,
        s1_0.enrolled_students,
        s1_0.max_students,
        s1_0.price,
        s1_0.start_time,
        s1_0.status,
        s1_0.subject,
        s1_0.title,
        s1_0.tutor_id,
        s1_0.updated_at 
    from
        sessions s1_0 
    where
        s1_0.tutor_id=?
Hibernate: 
    select
        s1_0.id,
        s1_0.created_at,
        s1_0.description,
        s1_0.end_time,
        s1_0.enrolled_students,
        s1_0.max_students,
        s1_0.price,
        s1_0.start_time,
        s1_0.status,
        s1_0.subject,
        s1_0.title,
        s1_0.tutor_id,
        s1_0.updated_at 
    from
        sessions s1_0 
    where
        s1_0.tutor_id=?
Hibernate: 
    select
        s1_0.id,
        s1_0.created_at,
        s1_0.description,
        s1_0.end_time,
        s1_0.enrolled_students,
        s1_0.max_students,
        s1_0.price,
        s1_0.start_time,
        s1_0.status,
        s1_0.subject,
        s1_0.title,
        s1_0.tutor_id,
        s1_0.updated_at 
    from
        sessions s1_0 
    where
        s1_0.status=?
Hibernate: 
    select
        s1_0.id,
        s1_0.created_at,
        s1_0.description,
        s1_0.end_time,
        s1_0.enrolled_students,
        s1_0.max_students,
        s1_0.price,
        s1_0.start_time,
        s1_0.status,
        s1_0.subject,
        s1_0.title,
        s1_0.tutor_id,
        s1_0.updated_at 
    from
        sessions s1_0 
    where
        s1_0.status=?
Hibernate: 
    select
        s1_0.id,
        s1_0.created_at,
        s1_0.description,
        s1_0.end_time,
        s1_0.enrolled_students,
        s1_0.max_students,
        s1_0.price,
        s1_0.start_time,
        s1_0.status,
        s1_0.subject,
        s1_0.title,
        s1_0.tutor_id,
        s1_0.updated_at 
    from
        sessions s1_0 
    where
        s1_0.status=?
Hibernate: 
    select
        s1_0.id,
        s1_0.created_at,
        s1_0.description,
        s1_0.end_time,
        s1_0.enrolled_students,
        s1_0.max_students,
        s1_0.price,
        s1_0.start_time,
        s1_0.status,
        s1_0.subject,
        s1_0.title,
        s1_0.tutor_id,
        s1_0.updated_at 
    from
        sessions s1_0 
    where
        s1_0.status=?
Hibernate: 
    select
        s1_0.id,
        s1_0.created_at,
        s1_0.description,
        s1_0.end_time,
        s1_0.enrolled_students,
        s1_0.max_students,
        s1_0.price,
        s1_0.start_time,
        s1_0.status,
        s1_0.subject,
        s1_0.title,
        s1_0.tutor_id,
        s1_0.updated_at 
    from
        sessions s1_0 
    where
        s1_0.id=?
Hibernate: 
    select
        s1_0.id,
        s1_0.created_at,
        s1_0.description,
        s1_0.end_time,
        s1_0.enrolled_students,
        s1_0.max_students,
        s1_0.price,
        s1_0.start_time,
        s1_0.status,
        s1_0.subject,
        s1_0.title,
        s1_0.tutor_id,
        s1_0.updated_at 
    from
        sessions s1_0 
    where
        s1_0.status=?
Hibernate: 
    select
        s1_0.id,
        s1_0.created_at,
        s1_0.description,
        s1_0.end_time,
        s1_0.enrolled_students,
        s1_0.max_students,
        s1_0.price,
        s1_0.start_time,
        s1_0.status,
        s1_0.subject,
        s1_0.title,
        s1_0.tutor_id,
        s1_0.updated_at 
    from
        sessions s1_0 
    where
        s1_0.id=?
Hibernate: 
    select
        s1_0.id,
        s1_0.created_at,
        s1_0.description,
        s1_0.end_time,
        s1_0.enrolled_students,
        s1_0.max_students,
        s1_0.price,
        s1_0.start_time,
        s1_0.status,
        s1_0.subject,
        s1_0.title,
        s1_0.tutor_id,
        s1_0.updated_at 
    from
        sessions s1_0 
    where
        s1_0.status=?
Hibernate: 
    select
        s1_0.id,
        s1_0.created_at,
        s1_0.description,
        s1_0.end_time,
        s1_0.enrolled_students,
        s1_0.max_students,
        s1_0.price,
        s1_0.start_time,
        s1_0.status,
        s1_0.subject,
        s1_0.title,
        s1_0.tutor_id,
        s1_0.updated_at 
    from
        sessions s1_0 
    where
        s1_0.status=?
Hibernate: 
    select
        s1_0.id,
        s1_0.created_at,
        s1_0.description,
        s1_0.end_time,
        s1_0.enrolled_students,
        s1_0.max_students,
        s1_0.price,
        s1_0.start_time,
        s1_0.status,
        s1_0.subject,
        s1_0.title,
        s1_0.tutor_id,
        s1_0.updated_at 
    from
        sessions s1_0 
    where
        s1_0.status=?
Hibernate: 
    select
        s1_0.id,
        s1_0.created_at,
        s1_0.description,
        s1_0.end_time,
        s1_0.enrolled_students,
        s1_0.max_students,
        s1_0.price,
        s1_0.start_time,
        s1_0.status,
        s1_0.subject,
        s1_0.title,
        s1_0.tutor_id,
        s1_0.updated_at 
    from
        sessions s1_0 
    where
        s1_0.status=?
Hibernate: 
    select
        s1_0.id,
        s1_0.created_at,
        s1_0.description,
        s1_0.end_time,
        s1_0.enrolled_students,
        s1_0.max_students,
        s1_0.price,
        s1_0.start_time,
        s1_0.status,
        s1_0.subject,
        s1_0.title,
        s1_0.tutor_id,
        s1_0.updated_at 
    from
        sessions s1_0 
    where
        s1_0.status=?
2026-05-08T22:54:37.013+05:30  INFO 13187 --- [session-service] [trap-executor-0] c.n.d.s.r.aws.ConfigClusterResolver      : Resolving eureka endpoints via configuration
Hibernate: 
    select
        s1_0.id,
        s1_0.created_at,
        s1_0.description,
        s1_0.end_time,
        s1_0.enrolled_students,
        s1_0.max_students,
        s1_0.price,
        s1_0.start_time,
        s1_0.status,
        s1_0.subject,
        s1_0.title,
        s1_0.tutor_id,
        s1_0.updated_at 
    from
        sessions s1_0 
    where
        s1_0.status=?
Hibernate: 
    select
        s1_0.id,
        s1_0.created_at,
        s1_0.description,
        s1_0.end_time,
        s1_0.enrolled_students,
        s1_0.max_students,
        s1_0.price,
        s1_0.start_time,
        s1_0.status,
        s1_0.subject,
        s1_0.title,
        s1_0.tutor_id,
        s1_0.updated_at 
    from
        sessions s1_0 
    where
        s1_0.status=?
Hibernate: 
    select
        s1_0.id,
        s1_0.created_at,
        s1_0.description,
        s1_0.end_time,
        s1_0.enrolled_students,
        s1_0.max_students,
        s1_0.price,
        s1_0.start_time,
        s1_0.status,
        s1_0.subject,
        s1_0.title,
        s1_0.tutor_id,
        s1_0.updated_at 
    from
        sessions s1_0 
    where
        s1_0.status=?
Hibernate: 
    select
        s1_0.id,
        s1_0.created_at,
        s1_0.description,
        s1_0.end_time,
        s1_0.enrolled_students,
        s1_0.max_students,
        s1_0.price,
        s1_0.start_time,
        s1_0.status,
        s1_0.subject,
        s1_0.title,
        s1_0.tutor_id,
        s1_0.updated_at 
    from
        sessions s1_0 
    where
        s1_0.status=?
Hibernate: 
    select
        s1_0.id,
        s1_0.created_at,
        s1_0.description,
        s1_0.end_time,
        s1_0.enrolled_students,
        s1_0.max_students,
        s1_0.price,
        s1_0.start_time,
        s1_0.status,
        s1_0.subject,
        s1_0.title,
        s1_0.tutor_id,
        s1_0.updated_at 
    from
        sessions s1_0 
    where
        s1_0.tutor_id=?
Hibernate: 
    select
        s1_0.id,
        s1_0.created_at,
        s1_0.description,
        s1_0.end_time,
        s1_0.enrolled_students,
        s1_0.max_students,
        s1_0.price,
        s1_0.start_time,
        s1_0.status,
        s1_0.subject,
        s1_0.title,
        s1_0.tutor_id,
        s1_0.updated_at 
    from
        sessions s1_0 
    where
        s1_0.tutor_id=?
Hibernate: 
    insert 
    into
        sessions
        (created_at, description, end_time, enrolled_students, max_students, price, start_time, status, subject, title, tutor_id, updated_at, id) 
    values
        (?, ?, ?, ?, ?, ?, ?, ?, ?, ?, ?, ?, default)
Hibernate: 
    select
        s1_0.id,
        s1_0.created_at,
        s1_0.description,
        s1_0.end_time,
        s1_0.enrolled_students,
        s1_0.max_students,
        s1_0.price,
        s1_0.start_time,
        s1_0.status,
        s1_0.subject,
        s1_0.title,
        s1_0.tutor_id,
        s1_0.updated_at 
    from
        sessions s1_0 
    where
        s1_0.tutor_id=?
2026-05-08T22:59:37.021+05:30  INFO 13187 --- [session-service] [trap-executor-0] c.n.d.s.r.aws.ConfigClusterResolver      : Resolving eureka endpoints via configuration
Hibernate: 
    select
        s1_0.id,
        s1_0.created_at,
        s1_0.description,
        s1_0.end_time,
        s1_0.enrolled_students,
        s1_0.max_students,
        s1_0.price,
        s1_0.start_time,
        s1_0.status,
        s1_0.subject,
        s1_0.title,
        s1_0.tutor_id,
        s1_0.updated_at 
    from
        sessions s1_0 
    where
        s1_0.tutor_id=?
Hibernate: 
    insert 
    into
        sessions
        (created_at, description, end_time, enrolled_students, max_students, price, start_time, status, subject, title, tutor_id, updated_at, id) 
    values
        (?, ?, ?, ?, ?, ?, ?, ?, ?, ?, ?, ?, default)
Hibernate: 
    insert 
    into
        sessions
        (created_at, description, end_time, enrolled_students, max_students, price, start_time, status, subject, title, tutor_id, updated_at, id) 
    values
        (?, ?, ?, ?, ?, ?, ?, ?, ?, ?, ?, ?, default)
Hibernate: 
    select
        s1_0.id,
        s1_0.created_at,
        s1_0.description,
        s1_0.end_time,
        s1_0.enrolled_students,
        s1_0.max_students,
        s1_0.price,
        s1_0.start_time,
        s1_0.status,
        s1_0.subject,
        s1_0.title,
        s1_0.tutor_id,
        s1_0.updated_at 
    from
        sessions s1_0 
    where
        s1_0.tutor_id=?
Hibernate: 
    select
        s1_0.id,
        s1_0.created_at,
        s1_0.description,
        s1_0.end_time,
        s1_0.enrolled_students,
        s1_0.max_students,
        s1_0.price,
        s1_0.start_time,
        s1_0.status,
        s1_0.subject,
        s1_0.title,
        s1_0.tutor_id,
        s1_0.updated_at 
    from
        sessions s1_0 
    where
        s1_0.tutor_id=?
Hibernate: 
    select
        s1_0.id,
        s1_0.created_at,
        s1_0.description,
        s1_0.end_time,
        s1_0.enrolled_students,
        s1_0.max_students,
        s1_0.price,
        s1_0.start_time,
        s1_0.status,
        s1_0.subject,
        s1_0.title,
        s1_0.tutor_id,
        s1_0.updated_at 
    from
        sessions s1_0 
    where
        s1_0.tutor_id=?
Hibernate: 
    select
        s1_0.id,
        s1_0.created_at,
        s1_0.description,
        s1_0.end_time,
        s1_0.enrolled_students,
        s1_0.max_students,
        s1_0.price,
        s1_0.start_time,
        s1_0.status,
        s1_0.subject,
        s1_0.title,
        s1_0.tutor_id,
        s1_0.updated_at 
    from
        sessions s1_0 
    where
        s1_0.tutor_id=?
Hibernate: 
    select
        s1_0.id,
        s1_0.created_at,
        s1_0.description,
        s1_0.end_time,
        s1_0.enrolled_students,
        s1_0.max_students,
        s1_0.price,
        s1_0.start_time,
        s1_0.status,
        s1_0.subject,
        s1_0.title,
        s1_0.tutor_id,
        s1_0.updated_at 
    from
        sessions s1_0 
    where
        s1_0.tutor_id=?
Hibernate: 
    select
        s1_0.id,
        s1_0.created_at,
        s1_0.description,
        s1_0.end_time,
        s1_0.enrolled_students,
        s1_0.max_students,
        s1_0.price,
        s1_0.start_time,
        s1_0.status,
        s1_0.subject,
        s1_0.title,
        s1_0.tutor_id,
        s1_0.updated_at 
    from
        sessions s1_0 
    where
        s1_0.tutor_id=?
Hibernate: 
    select
        s1_0.id,
        s1_0.created_at,
        s1_0.description,
        s1_0.end_time,
        s1_0.enrolled_students,
        s1_0.max_students,
        s1_0.price,
        s1_0.start_time,
        s1_0.status,
        s1_0.subject,
        s1_0.title,
        s1_0.tutor_id,
        s1_0.updated_at 
    from
        sessions s1_0 
    where
        s1_0.tutor_id=?
Hibernate: 
    select
        s1_0.id,
        s1_0.created_at,
        s1_0.description,
        s1_0.end_time,
        s1_0.enrolled_students,
        s1_0.max_students,
        s1_0.price,
        s1_0.start_time,
        s1_0.status,
        s1_0.subject,
        s1_0.title,
        s1_0.tutor_id,
        s1_0.updated_at 
    from
        sessions s1_0 
    where
        s1_0.tutor_id=?
Hibernate: 
    select
        s1_0.id,
        s1_0.created_at,
        s1_0.description,
        s1_0.end_time,
        s1_0.enrolled_students,
        s1_0.max_students,
        s1_0.price,
        s1_0.start_time,
        s1_0.status,
        s1_0.subject,
        s1_0.title,
        s1_0.tutor_id,
        s1_0.updated_at 
    from
        sessions s1_0 
    where
        s1_0.tutor_id=?
Hibernate: 
    select
        s1_0.id,
        s1_0.created_at,
        s1_0.description,
        s1_0.end_time,
        s1_0.enrolled_students,
        s1_0.max_students,
        s1_0.price,
        s1_0.start_time,
        s1_0.status,
        s1_0.subject,
        s1_0.title,
        s1_0.tutor_id,
        s1_0.updated_at 
    from
        sessions s1_0 
    where
        s1_0.status=?
Hibernate: 
    select
        s1_0.id,
        s1_0.created_at,
        s1_0.description,
        s1_0.end_time,
        s1_0.enrolled_students,
        s1_0.max_students,
        s1_0.price,
        s1_0.start_time,
        s1_0.status,
        s1_0.subject,
        s1_0.title,
        s1_0.tutor_id,
        s1_0.updated_at 
    from
        sessions s1_0 
    where
        s1_0.status=?
Hibernate: 
    select
        s1_0.id,
        s1_0.created_at,
        s1_0.description,
        s1_0.end_time,
        s1_0.enrolled_students,
        s1_0.max_students,
        s1_0.price,
        s1_0.start_time,
        s1_0.status,
        s1_0.subject,
        s1_0.title,
        s1_0.tutor_id,
        s1_0.updated_at 
    from
        sessions s1_0 
    where
        s1_0.status=?
Hibernate: 
    select
        s1_0.id,
        s1_0.created_at,
        s1_0.description,
        s1_0.end_time,
        s1_0.enrolled_students,
        s1_0.max_students,
        s1_0.price,
        s1_0.start_time,
        s1_0.status,
        s1_0.subject,
        s1_0.title,
        s1_0.tutor_id,
        s1_0.updated_at 
    from
        sessions s1_0 
    where
        s1_0.status=?
Hibernate: 
    select
        s1_0.id,
        s1_0.created_at,
        s1_0.description,
        s1_0.end_time,
        s1_0.enrolled_students,
        s1_0.max_students,
        s1_0.price,
        s1_0.start_time,
        s1_0.status,
        s1_0.subject,
        s1_0.title,
        s1_0.tutor_id,
        s1_0.updated_at 
    from
        sessions s1_0 
    where
        s1_0.status=?
Hibernate: 
    select
        s1_0.id,
        s1_0.created_at,
        s1_0.description,
        s1_0.end_time,
        s1_0.enrolled_students,
        s1_0.max_students,
        s1_0.price,
        s1_0.start_time,
        s1_0.status,
        s1_0.subject,
        s1_0.title,
        s1_0.tutor_id,
        s1_0.updated_at 
    from
        sessions s1_0 
    where
        s1_0.status=?
Hibernate: 
    select
        s1_0.id,
        s1_0.created_at,
        s1_0.description,
        s1_0.end_time,
        s1_0.enrolled_students,
        s1_0.max_students,
        s1_0.price,
        s1_0.start_time,
        s1_0.status,
        s1_0.subject,
        s1_0.title,
        s1_0.tutor_id,
        s1_0.updated_at 
    from
        sessions s1_0 
    where
        s1_0.tutor_id=?
Hibernate: 
    select
        s1_0.id,
        s1_0.created_at,
        s1_0.description,
        s1_0.end_time,
        s1_0.enrolled_students,
        s1_0.max_students,
        s1_0.price,
        s1_0.start_time,
        s1_0.status,
        s1_0.subject,
        s1_0.title,
        s1_0.tutor_id,
        s1_0.updated_at 
    from
        sessions s1_0 
    where
        s1_0.tutor_id=?
Hibernate: 
    select
        s1_0.id,
        s1_0.created_at,
        s1_0.description,
        s1_0.end_time,
        s1_0.enrolled_students,
        s1_0.max_students,
        s1_0.price,
        s1_0.start_time,
        s1_0.status,
        s1_0.subject,
        s1_0.title,
        s1_0.tutor_id,
        s1_0.updated_at 
    from
        sessions s1_0 
    where
        s1_0.tutor_id=?
Hibernate: 
    select
        s1_0.id,
        s1_0.created_at,
        s1_0.description,
        s1_0.end_time,
        s1_0.enrolled_students,
        s1_0.max_students,
        s1_0.price,
        s1_0.start_time,
        s1_0.status,
        s1_0.subject,
        s1_0.title,
        s1_0.tutor_id,
        s1_0.updated_at 
    from
        sessions s1_0 
    where
        s1_0.tutor_id=?
Hibernate: 
    select
        s1_0.id,
        s1_0.created_at,
        s1_0.description,
        s1_0.end_time,
        s1_0.enrolled_students,
        s1_0.max_students,
        s1_0.price,
        s1_0.start_time,
        s1_0.status,
        s1_0.subject,
        s1_0.title,
        s1_0.tutor_id,
        s1_0.updated_at 
    from
        sessions s1_0 
    where
        s1_0.status=?
Hibernate: 
    select
        s1_0.id,
        s1_0.created_at,
        s1_0.description,
        s1_0.end_time,
        s1_0.enrolled_students,
        s1_0.max_students,
        s1_0.price,
        s1_0.start_time,
        s1_0.status,
        s1_0.subject,
        s1_0.title,
        s1_0.tutor_id,
        s1_0.updated_at 
    from
        sessions s1_0 
    where
        s1_0.status=?
Hibernate: 
    select
        s1_0.id,
        s1_0.created_at,
        s1_0.description,
        s1_0.end_time,
        s1_0.enrolled_students,
        s1_0.max_students,
        s1_0.price,
        s1_0.start_time,
        s1_0.status,
        s1_0.subject,
        s1_0.title,
        s1_0.tutor_id,
        s1_0.updated_at 
    from
        sessions s1_0 
    where
        s1_0.status=?
Hibernate: 
    select
        s1_0.id,
        s1_0.created_at,
        s1_0.description,
        s1_0.end_time,
        s1_0.enrolled_students,
        s1_0.max_students,
        s1_0.price,
        s1_0.start_time,
        s1_0.status,
        s1_0.subject,
        s1_0.title,
        s1_0.tutor_id,
        s1_0.updated_at 
    from
        sessions s1_0 
    where
        s1_0.status=?
Hibernate: 
    select
        s1_0.id,
        s1_0.created_at,
        s1_0.description,
        s1_0.end_time,
        s1_0.enrolled_students,
        s1_0.max_students,
        s1_0.price,
        s1_0.start_time,
        s1_0.status,
        s1_0.subject,
        s1_0.title,
        s1_0.tutor_id,
        s1_0.updated_at 
    from
        sessions s1_0 
    where
        s1_0.status=?
Hibernate: 
    select
        s1_0.id,
        s1_0.created_at,
        s1_0.description,
        s1_0.end_time,
        s1_0.enrolled_students,
        s1_0.max_students,
        s1_0.price,
        s1_0.start_time,
        s1_0.status,
        s1_0.subject,
        s1_0.title,
        s1_0.tutor_id,
        s1_0.updated_at 
    from
        sessions s1_0 
    where
        s1_0.status=?
Hibernate: 
    select
        s1_0.id,
        s1_0.created_at,
        s1_0.description,
        s1_0.end_time,
        s1_0.enrolled_students,
        s1_0.max_students,
        s1_0.price,
        s1_0.start_time,
        s1_0.status,
        s1_0.subject,
        s1_0.title,
        s1_0.tutor_id,
        s1_0.updated_at 
    from
        sessions s1_0 
    where
        s1_0.status=?
Hibernate: 
    select
        s1_0.id,
        s1_0.created_at,
        s1_0.description,
        s1_0.end_time,
        s1_0.enrolled_students,
        s1_0.max_students,
        s1_0.price,
        s1_0.start_time,
        s1_0.status,
        s1_0.subject,
        s1_0.title,
        s1_0.tutor_id,
        s1_0.updated_at 
    from
        sessions s1_0 
    where
        s1_0.status=?
2026-05-08T23:04:37.015+05:30  INFO 13187 --- [session-service] [trap-executor-0] c.n.d.s.r.aws.ConfigClusterResolver      : Resolving eureka endpoints via configuration
Hibernate: 
    select
        s1_0.id,
        s1_0.created_at,
        s1_0.description,
        s1_0.end_time,
        s1_0.enrolled_students,
        s1_0.max_students,
        s1_0.price,
        s1_0.start_time,
        s1_0.status,
        s1_0.subject,
        s1_0.title,
        s1_0.tutor_id,
        s1_0.updated_at 
    from
        sessions s1_0 
    where
        s1_0.status=?
Hibernate: 
    select
        s1_0.id,
        s1_0.created_at,
        s1_0.description,
        s1_0.end_time,
        s1_0.enrolled_students,
        s1_0.max_students,
        s1_0.price,
        s1_0.start_time,
        s1_0.status,
        s1_0.subject,
        s1_0.title,
        s1_0.tutor_id,
        s1_0.updated_at 
    from
        sessions s1_0 
    where
        s1_0.status=?
Hibernate: 
    select
        s1_0.id,
        s1_0.created_at,
        s1_0.description,
        s1_0.end_time,
        s1_0.enrolled_students,
        s1_0.max_students,
        s1_0.price,
        s1_0.start_time,
        s1_0.status,
        s1_0.subject,
        s1_0.title,
        s1_0.tutor_id,
        s1_0.updated_at 
    from
        sessions s1_0 
    where
        s1_0.status=?
Hibernate: 
    select
        s1_0.id,
        s1_0.created_at,
        s1_0.description,
        s1_0.end_time,
        s1_0.enrolled_students,
        s1_0.max_students,
        s1_0.price,
        s1_0.start_time,
        s1_0.status,
        s1_0.subject,
        s1_0.title,
        s1_0.tutor_id,
        s1_0.updated_at 
    from
        sessions s1_0 
    where
        s1_0.status=?
Hibernate: 
    select
        s1_0.id,
        s1_0.created_at,
        s1_0.description,
        s1_0.end_time,
        s1_0.enrolled_students,
        s1_0.max_students,
        s1_0.price,
        s1_0.start_time,
        s1_0.status,
        s1_0.subject,
        s1_0.title,
        s1_0.tutor_id,
        s1_0.updated_at 
    from
        sessions s1_0 
    where
        s1_0.status=?
Hibernate: 
    select
        s1_0.id,
        s1_0.created_at,
        s1_0.description,
        s1_0.end_time,
        s1_0.enrolled_students,
        s1_0.max_students,
        s1_0.price,
        s1_0.start_time,
        s1_0.status,
        s1_0.subject,
        s1_0.title,
        s1_0.tutor_id,
        s1_0.updated_at 
    from
        sessions s1_0 
    where
        s1_0.id=?
Hibernate: 
    select
        s1_0.id,
        s1_0.created_at,
        s1_0.description,
        s1_0.end_time,
        s1_0.enrolled_students,
        s1_0.max_students,
        s1_0.price,
        s1_0.start_time,
        s1_0.status,
        s1_0.subject,
        s1_0.title,
        s1_0.tutor_id,
        s1_0.updated_at 
    from
        sessions s1_0 
    where
        s1_0.status=?
Hibernate: 
    select
        s1_0.id,
        s1_0.created_at,
        s1_0.description,
        s1_0.end_time,
        s1_0.enrolled_students,
        s1_0.max_students,
        s1_0.price,
        s1_0.start_time,
        s1_0.status,
        s1_0.subject,
        s1_0.title,
        s1_0.tutor_id,
        s1_0.updated_at 
    from
        sessions s1_0 
    where
        s1_0.id=?
Hibernate: 
    select
        s1_0.id,
        s1_0.created_at,
        s1_0.description,
        s1_0.end_time,
        s1_0.enrolled_students,
        s1_0.max_students,
        s1_0.price,
        s1_0.start_time,
        s1_0.status,
        s1_0.subject,
        s1_0.title,
        s1_0.tutor_id,
        s1_0.updated_at 
    from
        sessions s1_0 
    where
        s1_0.status=?
Hibernate: 
    select
        s1_0.id,
        s1_0.created_at,
        s1_0.description,
        s1_0.end_time,
        s1_0.enrolled_students,
        s1_0.max_students,
        s1_0.price,
        s1_0.start_time,
        s1_0.status,
        s1_0.subject,
        s1_0.title,
        s1_0.tutor_id,
        s1_0.updated_at 
    from
        sessions s1_0 
    where
        s1_0.status=?
Hibernate: 
    select
        s1_0.id,
        s1_0.created_at,
        s1_0.description,
        s1_0.end_time,
        s1_0.enrolled_students,
        s1_0.max_students,
        s1_0.price,
        s1_0.start_time,
        s1_0.status,
        s1_0.subject,
        s1_0.title,
        s1_0.tutor_id,
        s1_0.updated_at 
    from
        sessions s1_0 
    where
        s1_0.status=?
Hibernate: 
    select
        s1_0.id,
        s1_0.created_at,
        s1_0.description,
        s1_0.end_time,
        s1_0.enrolled_students,
        s1_0.max_students,
        s1_0.price,
        s1_0.start_time,
        s1_0.status,
        s1_0.subject,
        s1_0.title,
        s1_0.tutor_id,
        s1_0.updated_at 
    from
        sessions s1_0 
    where
        s1_0.status=?
Hibernate: 
    select
        s1_0.id,
        s1_0.created_at,
        s1_0.description,
        s1_0.end_time,
        s1_0.enrolled_students,
        s1_0.max_students,
        s1_0.price,
        s1_0.start_time,
        s1_0.status,
        s1_0.subject,
        s1_0.title,
        s1_0.tutor_id,
        s1_0.updated_at 
    from
        sessions s1_0 
    where
        s1_0.status=?
Hibernate: 
    select
        s1_0.id,
        s1_0.created_at,
        s1_0.description,
        s1_0.end_time,
        s1_0.enrolled_students,
        s1_0.max_students,
        s1_0.price,
        s1_0.start_time,
        s1_0.status,
        s1_0.subject,
        s1_0.title,
        s1_0.tutor_id,
        s1_0.updated_at 
    from
        sessions s1_0 
    where
        s1_0.id=?
2026-05-08T23:09:37.021+05:30  INFO 13187 --- [session-service] [trap-executor-0] c.n.d.s.r.aws.ConfigClusterResolver      : Resolving eureka endpoints via configuration
Hibernate: 
    select
        s1_0.id,
        s1_0.created_at,
        s1_0.description,
        s1_0.end_time,
        s1_0.enrolled_students,
        s1_0.max_students,
        s1_0.price,
        s1_0.start_time,
        s1_0.status,
        s1_0.subject,
        s1_0.title,
        s1_0.tutor_id,
        s1_0.updated_at 
    from
        sessions s1_0 
    where
        s1_0.status=?
Hibernate: 
    select
        s1_0.id,
        s1_0.created_at,
        s1_0.description,
        s1_0.end_time,
        s1_0.enrolled_students,
        s1_0.max_students,
        s1_0.price,
        s1_0.start_time,
        s1_0.status,
        s1_0.subject,
        s1_0.title,
        s1_0.tutor_id,
        s1_0.updated_at 
    from
        sessions s1_0 
    where
        s1_0.status=?
Hibernate: 
    select
        s1_0.id,
        s1_0.created_at,
        s1_0.description,
        s1_0.end_time,
        s1_0.enrolled_students,
        s1_0.max_students,
        s1_0.price,
        s1_0.start_time,
        s1_0.status,
        s1_0.subject,
        s1_0.title,
        s1_0.tutor_id,
        s1_0.updated_at 
    from
        sessions s1_0 
    where
        s1_0.id=?
Hibernate: 
    select
        s1_0.id,
        s1_0.created_at,
        s1_0.description,
        s1_0.end_time,
        s1_0.enrolled_students,
        s1_0.max_students,
        s1_0.price,
        s1_0.start_time,
        s1_0.status,
        s1_0.subject,
        s1_0.title,
        s1_0.tutor_id,
        s1_0.updated_at 
    from
        sessions s1_0 
    where
        s1_0.status=?
Hibernate: 
    select
        s1_0.id,
        s1_0.created_at,
        s1_0.description,
        s1_0.end_time,
        s1_0.enrolled_students,
        s1_0.max_students,
        s1_0.price,
        s1_0.start_time,
        s1_0.status,
        s1_0.subject,
        s1_0.title,
        s1_0.tutor_id,
        s1_0.updated_at 
    from
        sessions s1_0 
    where
        s1_0.status=?
Hibernate: 
    select
        s1_0.id,
        s1_0.created_at,
        s1_0.description,
        s1_0.end_time,
        s1_0.enrolled_students,
        s1_0.max_students,
        s1_0.price,
        s1_0.start_time,
        s1_0.status,
        s1_0.subject,
        s1_0.title,
        s1_0.tutor_id,
        s1_0.updated_at 
    from
        sessions s1_0 
    where
        s1_0.status=?
Hibernate: 
    select
        s1_0.id,
        s1_0.created_at,
        s1_0.description,
        s1_0.end_time,
        s1_0.enrolled_students,
        s1_0.max_students,
        s1_0.price,
        s1_0.start_time,
        s1_0.status,
        s1_0.subject,
        s1_0.title,
        s1_0.tutor_id,
        s1_0.updated_at 
    from
        sessions s1_0 
    where
        s1_0.status=?
Hibernate: 
    select
        s1_0.id,
        s1_0.created_at,
        s1_0.description,
        s1_0.end_time,
        s1_0.enrolled_students,
        s1_0.max_students,
        s1_0.price,
        s1_0.start_time,
        s1_0.status,
        s1_0.subject,
        s1_0.title,
        s1_0.tutor_id,
        s1_0.updated_at 
    from
        sessions s1_0 
    where
        s1_0.status=?
Hibernate: 
    select
        s1_0.id,
        s1_0.created_at,
        s1_0.description,
        s1_0.end_time,
        s1_0.enrolled_students,
        s1_0.max_students,
        s1_0.price,
        s1_0.start_time,
        s1_0.status,
        s1_0.subject,
        s1_0.title,
        s1_0.tutor_id,
        s1_0.updated_at 
    from
        sessions s1_0 
    where
        s1_0.status=?
Hibernate: 
    select
        s1_0.id,
        s1_0.created_at,
        s1_0.description,
        s1_0.end_time,
        s1_0.enrolled_students,
        s1_0.max_students,
        s1_0.price,
        s1_0.start_time,
        s1_0.status,
        s1_0.subject,
        s1_0.title,
        s1_0.tutor_id,
        s1_0.updated_at 
    from
        sessions s1_0 
    where
        s1_0.status=?
Hibernate: 
    select
        s1_0.id,
        s1_0.created_at,
        s1_0.description,
        s1_0.end_time,
        s1_0.enrolled_students,
        s1_0.max_students,
        s1_0.price,
        s1_0.start_time,
        s1_0.status,
        s1_0.subject,
        s1_0.title,
        s1_0.tutor_id,
        s1_0.updated_at 
    from
        sessions s1_0 
    where
        s1_0.status=?
Hibernate: 
    select
        s1_0.id,
        s1_0.created_at,
        s1_0.description,
        s1_0.end_time,
        s1_0.enrolled_students,
        s1_0.max_students,
        s1_0.price,
        s1_0.start_time,
        s1_0.status,
        s1_0.subject,
        s1_0.title,
        s1_0.tutor_id,
        s1_0.updated_at 
    from
        sessions s1_0 
    where
        s1_0.status=?
Hibernate: 
    select
        s1_0.id,
        s1_0.created_at,
        s1_0.description,
        s1_0.end_time,
        s1_0.enrolled_students,
        s1_0.max_students,
        s1_0.price,
        s1_0.start_time,
        s1_0.status,
        s1_0.subject,
        s1_0.title,
        s1_0.tutor_id,
        s1_0.updated_at 
    from
        sessions s1_0 
    where
        s1_0.status=?
2026-05-08T23:14:37.030+05:30  INFO 13187 --- [session-service] [trap-executor-0] c.n.d.s.r.aws.ConfigClusterResolver      : Resolving eureka endpoints via configuration
